[WRAPPER] GPUs=4,5,6,7 (Wave 1) Port=29505 Revision=step10000 Job=exp2_pythia14b_step10000 Start=Sat Oct 10 00:53:06 UTC 2026
[WRAPPER] Attempt 1 starting at Sat Oct 10 00:53:06 UTC 2026
W1010 00:53:08.712000 3019 torch/distributed/run.py:792] 
W1010 00:53:08.712000 3019 torch/distributed/run.py:792] *****************************************
W1010 00:53:08.712000 3019 torch/distributed/run.py:792] Setting OMP_NUM_THREADS environment variable for each process to be 1 in default, to avoid your system being overloaded, please further tune the variable for optimal performance in your application as needed. 
W1010 00:53:08.712000 3019 torch/distributed/run.py:792] *****************************************
C++ module `generator` loaded.
C++ module `generator` loaded.
C++ module `generator` loaded.
FlashAttention available: True
PyTorch version: 2.6.0+cu124
[CURRICULUM] Linear lookahead mode: L=1 to 96, step=1
[CURRICULUM] Expected stages: 96
C++ module `generator` loaded.
[DISTRIBUTED] Initialized rank 0/4 on device cuda:0
[SEED] Setting all random seeds to 1234

============================================================
          accuracy_threshold: 0.98
             accuracy_window: 800
                  base_alpha: 0.1
              base_lookahead: 1
                  batch_size: 24
                     breadth: 2
                   cache_dir: None
               ce_chunk_size: 4096
                 check_every: 25
                 do_baseline: False
               do_final_eval: False
               do_stage_eval: True
            eval_every_steps: 0
                eval_samples: 500
     first_token_soft_weight: 0.0
 gradient_accumulation_steps: 2
      gradient_checkpointing: True
                      job_id: exp2_pythia14b_step10000
               learning_rate: 2.7e-05
            linear_lookahead: True
              lookahead_step: 1
                lora_dropout: 0.1
                   lora_rank: 16
                   max_alpha: 1.0
              max_input_size: 576
               max_lookahead: 96
            max_total_pflops: 500000.0
             max_train_steps: 0
         min_steps_per_stage: 200
           mix_pretrain_data: None
        mix_pretrain_max_len: 2048
          mix_pretrain_ratio: 0.1
         mix_pretrain_subset: None
                  model_name: EleutherAI/pythia-1.4b
                    n_stages: 96
                       optim: adamw_torch_fused
                  output_dir: /root/nl_output/search/job_exp2_pythia14b_step10000
               persist_every: 0
         print_eval_examples: 0
              reinit_weights: False
             resume_from_job: None
                resume_stage: None
         resume_weights_path: None
                    revision: step10000
      save_pflops_milestones: 
                  save_steps: 500
            save_total_limit: 2
                 scratch_dir: /scratch/user
                        seed: 1234
            shuffled_mixture: None
       skip_stage_alpha_eval: False
            stage_eval_every: 8
                        task: search
           use_chat_template: False
                   use_liger: False
                    use_lora: False
                  vocab_pool: none
============================================================

[CKPT] Output root       : /root/nl_output
[CKPT] Task output base  : /root/nl_output/search
[CKPT] This run dir      : /root/nl_output/search/job_exp2_pythia14b_step10000 

[CKPT] Fresh start
Loading checkpoint shards:   0%|          | 0/2 [00:00<?, ?it/s][ATTN-KERNEL] NL_ATTN_KERNEL=auto -> attn_implementation=flash_attention_2 (hopper=False); in-run evals use sdpa
Loading checkpoint shards:   0%|          | 0/2 [00:00<?, ?it/s]Loading checkpoint shards:   0%|          | 0/2 [00:00<?, ?it/s]Loading checkpoint shards:   0%|          | 0/2 [00:00<?, ?it/s]Loading checkpoint shards:  50%|█████     | 1/2 [00:02<00:02,  2.24s/it]Loading checkpoint shards: 100%|██████████| 2/2 [00:02<00:00,  1.10s/it]Loading checkpoint shards: 100%|██████████| 2/2 [00:02<00:00,  1.27s/it]
Loading checkpoint shards:  50%|█████     | 1/2 [00:02<00:02,  2.48s/it]Loading checkpoint shards:  50%|█████     | 1/2 [00:02<00:02,  2.50s/it]Loading checkpoint shards:  50%|█████     | 1/2 [00:02<00:02,  2.57s/it]Loading checkpoint shards: 100%|██████████| 2/2 [00:02<00:00,  1.22s/it]Loading checkpoint shards: 100%|██████████| 2/2 [00:02<00:00,  1.41s/it]
Loading checkpoint shards: 100%|██████████| 2/2 [00:02<00:00,  1.22s/it]Loading checkpoint shards: 100%|██████████| 2/2 [00:02<00:00,  1.42s/it]
[INIT] Loaded EleutherAI/pythia-1.4b at revision=step10000
[ATTENTION] Using: flash_attention_2
[FLASH] flash_sdp_enabled: True
[FLASH] mem_efficient_sdp_enabled: True
[FLASH] math_sdp_enabled: True
[ATTN-KERNEL] verified: config._attn_implementation=flash_attention_2; varlen kernel from flash_attn.flash_attn_interface; 24 gpt_neox decoder layers are GradientCheckpointingLayer
[MEM] model.config.use_cache = False (training)
trainable params: 1,414,647,808 || all params: 1,414,647,808 || trainable%: 100.0000
[EVAL-DATA] Generating eval sets (once for all evals)...
Loading checkpoint shards: 100%|██████████| 2/2 [00:02<00:00,  1.26s/it]Loading checkpoint shards: 100%|██████████| 2/2 [00:02<00:00,  1.45s/it]
[EVAL-DATA] Hard (alpha=1.0): n=500, fingerprint=ebe682697aee
[EVAL-DATA] Easy (alpha=0.1): n=500, fingerprint=3fbd7826fc0b
[DATASET] Using PackedSequenceDataset (batch_size=24)
[DATASET] Packed Map-style | batch_size=24 | epoch_size=1000000000
[PFLOPS] Will stop training at 500000.0 PFLOPS
[DDP] cross-rank gradient averaging: OFF (status quo: compute_loss bypasses DistributedDataParallel.forward, so each rank trains its own replica between checkpoint reloads; set NL_DDP_GRAD_AVERAGE=1 to all-reduce)
[HEAD] NL_HEAD=sparse: lm_head/argmax/CE on labelled rows only (valid_mask), in --ce_chunk_size=4096 row pieces; per-step rows logged as head_rows next to tokens in loss_history (achieved_tflops counts executed FLOPs; cumulative PFLOPs stay 6N*tokens, which overstates this path)
[FLOPS] Model has 1.41B params, ~8.5B FLOPs/token
[FLOPS] Output head: N_head=103.0M params, 6*N_head=0.62B FLOPs per head row; NL_HEAD=sparse: achieved_tflops counts executed FLOPs (6(N-N_head)*tokens + 6*N_head*head_rows)
[RANK 0] Saved config to /root/nl_output/search/job_exp2_pythia14b_step10000/run_config.json: {'batch_size': 24, 'grad_acc': 2, 'master_port': 29505, 'provenance': {'head': 'sparse', 'revision': 'step10000', 'attn_implementation': 'flash_attention_2', 'NL_ATTN_KERNEL': 'auto', 'NL_CKPT_EVERY_N_LAYERS': '1', 'NL_CKPT_RELAX_MAX_TOKENS': '0', 'NL_DDP_GRAD_AVERAGE': '0', 'FLASH_ATTENTION_DETERMINISTIC': None, 'CUBLAS_WORKSPACE_CONFIG': None, 'versions': {'torch': '2.6.0+cu124', 'transformers': '4.57.5', 'flash_attn': '2.7.4.post1', 'flash_attn_3': None, 'liger_kernel': '0.5.10', 'peft': '0.18.1'}}}

[TRAIN] Starting training...

The tokenizer has new PAD/BOS/EOS tokens that differ from the model config and generation config. The model config and generation config were aligned accordingly, being updated with the tokenizer's values. Updated tokens: {'pad_token_id': 0}.
The tokenizer has new PAD/BOS/EOS tokens that differ from the model config and generation config. The model config and generation config were aligned accordingly, being updated with the tokenizer's values. Updated tokens: {'pad_token_id': 0}.
The tokenizer has new PAD/BOS/EOS tokens that differ from the model config and generation config. The model config and generation config were aligned accordingly, being updated with the tokenizer's values. Updated tokens: {'pad_token_id': 0}.
[CKPT-GATE] recomputing every 1 layer(s) at 1,795 tokens/micro-batch (every_n=1, relax_max=0)
[Stage 1/96 L=1] step 10 | loss_avg=0.1778(20) | First=100.00% | Full=100.00% | lr=0.00e+00 | grad_norm=0.00 | Speed=370.1 samples/s (27.7K toks/s) | 219.5 TFLOPs/s | Stage time=0.1m | seqs/step=48.0 | toks/step=3599 | eff=100.0%
{'loss': 0.3502, 'grad_norm': 0.0289306640625, 'learning_rate': 2.7e-05, 'epoch': 2e-08}
[Stage 1/96 L=1] step 20 | loss_avg=0.0890(40) | First=100.00% | Full=100.00% | lr=2.70e-05 | grad_norm=0.03 | Speed=423.9 samples/s (31.9K toks/s) | 252.0 TFLOPs/s | Stage time=0.2m | seqs/step=48.0 | toks/step=3607 | eff=100.0%
{'loss': 0.0008, 'grad_norm': 0.037841796875, 'learning_rate': 2.7e-05, 'epoch': 4e-08}
[Stage 1/96 L=1] step 30 | loss_avg=0.0596(60) | First=99.88% | Full=99.88% | lr=2.70e-05 | grad_norm=0.04 | Speed=452.7 samples/s (34.1K toks/s) | 269.6 TFLOPs/s | Stage time=0.2m | seqs/step=48.0 | toks/step=3614 | eff=100.0%
{'loss': 0.0022, 'grad_norm': 0.0306396484375, 'learning_rate': 2.7e-05, 'epoch': 6e-08}
[Stage 1/96 L=1] step 40 | loss_avg=0.0448(80) | First=99.88% | Full=99.88% | lr=2.70e-05 | grad_norm=0.03 | Speed=471.3 samples/s (35.4K toks/s) | 280.1 TFLOPs/s | Stage time=0.3m | seqs/step=48.0 | toks/step=3606 | eff=100.0%
{'loss': 0.0006, 'grad_norm': 0.01141357421875, 'learning_rate': 2.7e-05, 'epoch': 8e-08}
[Stage 1/96 L=1] step 50 | loss_avg=0.0359(100) | First=100.00% | Full=100.00% | lr=2.70e-05 | grad_norm=0.01 | Speed=483.1 samples/s (36.4K toks/s) | 287.6 TFLOPs/s | Stage time=0.3m | seqs/step=48.0 | toks/step=3613 | eff=100.0%
{'loss': 0.0015, 'grad_norm': 0.004638671875, 'learning_rate': 2.7e-05, 'epoch': 1e-07}
[Stage 1/96 L=1] step 60 | loss_avg=0.0004(100) | First=100.00% | Full=100.00% | lr=2.70e-05 | grad_norm=0.00 | Speed=488.2 samples/s (36.8K toks/s) | 291.1 TFLOPs/s | Stage time=0.4m | seqs/step=48.0 | toks/step=3618 | eff=100.0%
{'loss': 0.0004, 'grad_norm': 0.03125, 'learning_rate': 2.7e-05, 'epoch': 1.2e-07}
[Stage 1/96 L=1] step 70 | loss_avg=0.0003(100) | First=100.00% | Full=100.00% | lr=2.70e-05 | grad_norm=0.03 | Speed=494.2 samples/s (37.3K toks/s) | 295.1 TFLOPs/s | Stage time=0.5m | seqs/step=48.0 | toks/step=3623 | eff=100.0%
{'loss': 0.0004, 'grad_norm': 0.0208740234375, 'learning_rate': 2.7e-05, 'epoch': 1.4e-07}
[Stage 1/96 L=1] step 80 | loss_avg=0.0003(100) | First=100.00% | Full=100.00% | lr=2.70e-05 | grad_norm=0.02 | Speed=498.6 samples/s (37.6K toks/s) | 297.8 TFLOPs/s | Stage time=0.5m | seqs/step=48.0 | toks/step=3624 | eff=100.0%
{'loss': 0.0004, 'grad_norm': 0.030517578125, 'learning_rate': 2.7e-05, 'epoch': 1.6e-07}
[Stage 1/96 L=1] step 90 | loss_avg=0.0002(100) | First=100.00% | Full=100.00% | lr=2.70e-05 | grad_norm=0.03 | Speed=499.6 samples/s (37.7K toks/s) | 298.1 TFLOPs/s | Stage time=0.6m | seqs/step=48.0 | toks/step=3621 | eff=100.0%
{'loss': 0.0002, 'grad_norm': 0.003936767578125, 'learning_rate': 2.7e-05, 'epoch': 1.8e-07}
[Stage 1/96 L=1] step 100 | loss_avg=0.0002(100) | First=100.00% | Full=100.00% | lr=2.70e-05 | grad_norm=0.00 | Speed=503.0 samples/s (38.0K toks/s) | 300.3 TFLOPs/s | Stage time=0.6m | seqs/step=48.0 | toks/step=3622 | eff=100.0%
{'loss': 0.0003, 'grad_norm': 0.005767822265625, 'learning_rate': 2.7e-05, 'epoch': 2e-07}
[Stage 1/96 L=1] step 110 | loss_avg=0.0002(100) | First=100.00% | Full=100.00% | lr=2.70e-05 | grad_norm=0.01 | Speed=503.7 samples/s (38.0K toks/s) | 300.6 TFLOPs/s | Stage time=0.7m | seqs/step=48.0 | toks/step=3620 | eff=100.0%
{'loss': 0.0004, 'grad_norm': 0.003204345703125, 'learning_rate': 2.7e-05, 'epoch': 2.2e-07}
[Stage 1/96 L=1] step 120 | loss_avg=0.0003(100) | First=100.00% | Full=100.00% | lr=2.70e-05 | grad_norm=0.00 | Speed=506.1 samples/s (38.2K toks/s) | 302.2 TFLOPs/s | Stage time=0.8m | seqs/step=48.0 | toks/step=3623 | eff=100.0%
{'loss': 0.0007, 'grad_norm': 0.01123046875, 'learning_rate': 2.7e-05, 'epoch': 2.4e-07}
[Stage 1/96 L=1] step 130 | loss_avg=0.0003(100) | First=100.00% | Full=100.00% | lr=2.70e-05 | grad_norm=0.01 | Speed=506.7 samples/s (38.3K toks/s) | 302.6 TFLOPs/s | Stage time=0.8m | seqs/step=48.0 | toks/step=3624 | eff=100.0%
{'loss': 0.0004, 'grad_norm': 0.062255859375, 'learning_rate': 2.7e-05, 'epoch': 2.6e-07}
[Stage 1/96 L=1] step 140 | loss_avg=0.0004(100) | First=100.00% | Full=100.00% | lr=2.70e-05 | grad_norm=0.06 | Speed=508.7 samples/s (38.4K toks/s) | 304.1 TFLOPs/s | Stage time=0.9m | seqs/step=48.0 | toks/step=3628 | eff=100.0%
{'loss': 0.0005, 'grad_norm': 0.005615234375, 'learning_rate': 2.7e-05, 'epoch': 2.8e-07}
[Stage 1/96 L=1] step 150 | loss_avg=0.0004(100) | First=100.00% | Full=100.00% | lr=2.70e-05 | grad_norm=0.01 | Speed=510.3 samples/s (38.5K toks/s) | 304.9 TFLOPs/s | Stage time=0.9m | seqs/step=48.0 | toks/step=3626 | eff=100.0%
{'loss': 0.0007, 'grad_norm': 0.048095703125, 'learning_rate': 2.7e-05, 'epoch': 3e-07}
[Stage 1/96 L=1] step 160 | loss_avg=0.0004(100) | First=100.00% | Full=100.00% | lr=2.70e-05 | grad_norm=0.05 | Speed=511.8 samples/s (38.7K toks/s) | 305.9 TFLOPs/s | Stage time=1.0m | seqs/step=48.0 | toks/step=3626 | eff=100.0%
{'loss': 0.0017, 'grad_norm': 0.006866455078125, 'learning_rate': 2.7e-05, 'epoch': 3.2e-07}
[Stage 1/96 L=1] step 170 | loss_avg=0.0004(100) | First=99.88% | Full=99.88% | lr=2.70e-05 | grad_norm=0.01 | Speed=511.7 samples/s (38.7K toks/s) | 305.9 TFLOPs/s | Stage time=1.1m | seqs/step=48.0 | toks/step=3627 | eff=100.0%
{'loss': 0.0015, 'grad_norm': 0.018798828125, 'learning_rate': 2.7e-05, 'epoch': 3.4e-07}
[Stage 1/96 L=1] step 180 | loss_avg=0.0004(100) | First=100.00% | Full=99.88% | lr=2.70e-05 | grad_norm=0.02 | Speed=513.0 samples/s (38.7K toks/s) | 306.5 TFLOPs/s | Stage time=1.1m | seqs/step=48.0 | toks/step=3625 | eff=100.0%
{'loss': 0.0045, 'grad_norm': 0.154296875, 'learning_rate': 2.7e-05, 'epoch': 3.6e-07}
[Stage 1/96 L=1] step 190 | loss_avg=0.0005(100) | First=100.00% | Full=99.75% | lr=2.70e-05 | grad_norm=0.15 | Speed=514.1 samples/s (38.8K toks/s) | 307.2 TFLOPs/s | Stage time=1.2m | seqs/step=48.0 | toks/step=3626 | eff=100.0%
{'loss': 0.0037, 'grad_norm': 0.01422119140625, 'learning_rate': 2.7e-05, 'epoch': 3.8e-07}
[Stage 1/96 L=1] step 200 | loss_avg=0.0017(100) | First=99.88% | Full=99.75% | lr=2.70e-05 | grad_norm=0.01 | Speed=514.0 samples/s (38.8K toks/s) | 307.2 TFLOPs/s | Stage time=1.2m | seqs/step=48.0 | toks/step=3627 | eff=100.0%
[CHECK] Stage 1 full=99.75% target>=98.00%
[COMPLETE] Stage 1 complete in 200 steps, 1.2 minutes | 38,400 samples | 514.0 samples/s
[STAGE-CKPT] Saving persistent checkpoint to /root/nl_output/search/job_exp2_pythia14b_step10000/stage_checkpoints/stage_1_step_200_L1
[STAGE-CKPT] Saved stage 1 checkpoint
[PLOT] Saved loss_stage_1.png | Est. min=0.0002, half-life=1 steps
[PLOT] Saved loss_overall.png (1 stages with exp fits)
[PLOT] Saved loss_vs_flops.png
[PLOT] Saved loss_vs_walltime.png
[PLOT] Saved achieved_tflops.png (avg: 638.6 TFLOPs/s)

[TRAIN-TIMING] Steps=400 | DataWait=15.8ms (8.5%) | Compute=170.3ms | Wall=186.1ms | Throughput=5.4 steps/s

 -> Advanced to stage 2 | alpha=0.026 | L=2/96
{'loss': 0.0039, 'grad_norm': 0.006866455078125, 'learning_rate': 2.7e-05, 'epoch': 4e-07}
[Stage 2/96 L=2] step 210 | loss_avg=0.0389(100) | First=84.88% | Full=84.75% | lr=2.70e-05 | grad_norm=0.01 | Speed=526.5 samples/s (41.4K toks/s) | 327.7 TFLOPs/s | Stage time=0.1m | seqs/step=48.0 | toks/step=3778 | eff=100.0%
{'loss': 0.3566, 'grad_norm': 21.125, 'learning_rate': 2.7e-05, 'epoch': 4.2e-07}
[Stage 2/96 L=2] step 220 | loss_avg=0.0893(100) | First=63.38% | Full=62.88% | lr=2.70e-05 | grad_norm=21.12 | Speed=499.9 samples/s (41.8K toks/s) | 330.2 TFLOPs/s | Stage time=0.1m | seqs/step=48.0 | toks/step=4010 | eff=100.0%
{'loss': 0.5273, 'grad_norm': 6.4375, 'learning_rate': 2.7e-05, 'epoch': 4.4e-07}
[Stage 2/96 L=2] step 230 | loss_avg=0.1275(100) | First=73.62% | Full=73.12% | lr=2.70e-05 | grad_norm=6.44 | Speed=507.1 samples/s (43.2K toks/s) | 341.8 TFLOPs/s | Stage time=0.2m | seqs/step=48.0 | toks/step=4093 | eff=100.0%
{'loss': 0.3958, 'grad_norm': 5.375, 'learning_rate': 2.7e-05, 'epoch': 4.6e-07}
[Stage 2/96 L=2] step 240 | loss_avg=0.1652(100) | First=75.25% | Full=74.88% | lr=2.70e-05 | grad_norm=5.38 | Speed=505.7 samples/s (43.7K toks/s) | 345.5 TFLOPs/s | Stage time=0.3m | seqs/step=48.0 | toks/step=4148 | eff=100.0%
{'loss': 0.3651, 'grad_norm': 5.875, 'learning_rate': 2.7e-05, 'epoch': 4.8e-07}
[Stage 2/96 L=2] step 250 | loss_avg=0.1903(100) | First=75.12% | Full=74.75% | lr=2.70e-05 | grad_norm=5.88 | Speed=504.6 samples/s (43.8K toks/s) | 346.6 TFLOPs/s | Stage time=0.3m | seqs/step=48.0 | toks/step=4171 | eff=100.0%
{'loss': 0.3066, 'grad_norm': 5.78125, 'learning_rate': 2.7e-05, 'epoch': 5e-07}
[Stage 2/96 L=2] step 260 | loss_avg=0.1785(100) | First=79.50% | Full=79.00% | lr=2.70e-05 | grad_norm=5.78 | Speed=507.1 samples/s (44.2K toks/s) | 349.4 TFLOPs/s | Stage time=0.4m | seqs/step=48.0 | toks/step=4183 | eff=100.0%
{'loss': 0.2997, 'grad_norm': 4.28125, 'learning_rate': 2.7e-05, 'epoch': 5.2e-07}
[Stage 2/96 L=2] step 270 | loss_avg=0.1554(100) | First=78.75% | Full=78.12% | lr=2.70e-05 | grad_norm=4.28 | Speed=506.1 samples/s (44.2K toks/s) | 349.7 TFLOPs/s | Stage time=0.4m | seqs/step=48.0 | toks/step=4196 | eff=100.0%
{'loss': 0.2746, 'grad_norm': 5.34375, 'learning_rate': 2.7e-05, 'epoch': 5.4e-07}
[Stage 2/96 L=2] step 280 | loss_avg=0.1425(100) | First=81.25% | Full=80.75% | lr=2.70e-05 | grad_norm=5.34 | Speed=501.8 samples/s (43.9K toks/s) | 347.4 TFLOPs/s | Stage time=0.5m | seqs/step=48.0 | toks/step=4203 | eff=100.0%
{'loss': 0.2393, 'grad_norm': 4.8125, 'learning_rate': 2.7e-05, 'epoch': 5.6e-07}
[Stage 2/96 L=2] step 290 | loss_avg=0.1257(100) | First=80.38% | Full=79.88% | lr=2.70e-05 | grad_norm=4.81 | Speed=503.5 samples/s (44.3K toks/s) | 350.1 TFLOPs/s | Stage time=0.6m | seqs/step=48.0 | toks/step=4222 | eff=100.0%
{'loss': 0.2424, 'grad_norm': 6.21875, 'learning_rate': 2.7e-05, 'epoch': 5.8e-07}
[Stage 2/96 L=2] step 300 | loss_avg=0.1219(100) | First=77.62% | Full=77.50% | lr=2.70e-05 | grad_norm=6.22 | Speed=501.3 samples/s (44.2K toks/s) | 349.3 TFLOPs/s | Stage time=0.6m | seqs/step=48.0 | toks/step=4231 | eff=100.0%
{'loss': 0.2336, 'grad_norm': 6.34375, 'learning_rate': 2.7e-05, 'epoch': 6e-07}
[Stage 2/96 L=2] step 310 | loss_avg=0.1170(100) | First=79.88% | Full=79.62% | lr=2.70e-05 | grad_norm=6.34 | Speed=502.6 samples/s (44.4K toks/s) | 351.3 TFLOPs/s | Stage time=0.7m | seqs/step=48.0 | toks/step=4244 | eff=100.0%
{'loss': 0.2185, 'grad_norm': 4.96875, 'learning_rate': 2.7e-05, 'epoch': 6.2e-07}
[Stage 2/96 L=2] step 320 | loss_avg=0.1078(100) | First=84.25% | Full=83.88% | lr=2.70e-05 | grad_norm=4.97 | Speed=504.2 samples/s (44.6K toks/s) | 352.5 TFLOPs/s | Stage time=0.8m | seqs/step=48.0 | toks/step=4245 | eff=100.0%
{'loss': 0.1942, 'grad_norm': 4.28125, 'learning_rate': 2.7e-05, 'epoch': 6.4e-07}
[Stage 2/96 L=2] step 330 | loss_avg=0.0993(100) | First=85.38% | Full=84.75% | lr=2.70e-05 | grad_norm=4.28 | Speed=504.0 samples/s (44.6K toks/s) | 352.6 TFLOPs/s | Stage time=0.8m | seqs/step=48.0 | toks/step=4249 | eff=100.0%
{'loss': 0.1803, 'grad_norm': 4.625, 'learning_rate': 2.7e-05, 'epoch': 6.6e-07}
[Stage 2/96 L=2] step 340 | loss_avg=0.0954(100) | First=85.25% | Full=84.75% | lr=2.70e-05 | grad_norm=4.62 | Speed=503.6 samples/s (44.6K toks/s) | 352.8 TFLOPs/s | Stage time=0.9m | seqs/step=48.0 | toks/step=4254 | eff=100.0%
{'loss': 0.1772, 'grad_norm': 3.328125, 'learning_rate': 2.7e-05, 'epoch': 6.8e-07}
[Stage 2/96 L=2] step 350 | loss_avg=0.0900(100) | First=88.88% | Full=88.88% | lr=2.70e-05 | grad_norm=3.33 | Speed=503.5 samples/s (44.6K toks/s) | 352.8 TFLOPs/s | Stage time=1.0m | seqs/step=48.0 | toks/step=4255 | eff=100.0%
{'loss': 0.1512, 'grad_norm': 6.6875, 'learning_rate': 2.7e-05, 'epoch': 7e-07}
[Stage 2/96 L=2] step 360 | loss_avg=0.0863(100) | First=88.50% | Full=88.12% | lr=2.70e-05 | grad_norm=6.69 | Speed=504.6 samples/s (44.8K toks/s) | 353.8 TFLOPs/s | Stage time=1.0m | seqs/step=48.0 | toks/step=4258 | eff=100.0%
{'loss': 0.1336, 'grad_norm': 5.96875, 'learning_rate': 2.7e-05, 'epoch': 7.2e-07}
[Stage 2/96 L=2] step 370 | loss_avg=0.0869(100) | First=89.62% | Full=89.38% | lr=2.70e-05 | grad_norm=5.97 | Speed=504.0 samples/s (44.7K toks/s) | 353.6 TFLOPs/s | Stage time=1.1m | seqs/step=48.0 | toks/step=4261 | eff=100.0%
{'loss': 0.1364, 'grad_norm': 3.046875, 'learning_rate': 2.7e-05, 'epoch': 7.4e-07}
[Stage 2/96 L=2] step 380 | loss_avg=0.0866(100) | First=89.25% | Full=89.25% | lr=2.70e-05 | grad_norm=3.05 | Speed=501.8 samples/s (44.6K toks/s) | 352.2 TFLOPs/s | Stage time=1.1m | seqs/step=48.0 | toks/step=4262 | eff=100.0%
{'loss': 0.1239, 'grad_norm': 5.5625, 'learning_rate': 2.7e-05, 'epoch': 7.6e-07}
[Stage 2/96 L=2] step 390 | loss_avg=0.0813(100) | First=93.25% | Full=93.25% | lr=2.70e-05 | grad_norm=5.56 | Speed=501.3 samples/s (44.5K toks/s) | 351.8 TFLOPs/s | Stage time=1.2m | seqs/step=48.0 | toks/step=4261 | eff=100.0%
{'loss': 0.0957, 'grad_norm': 5.15625, 'learning_rate': 2.7e-05, 'epoch': 7.8e-07}
[Stage 2/96 L=2] step 400 | loss_avg=0.0751(100) | First=92.12% | Full=91.88% | lr=2.70e-05 | grad_norm=5.16 | Speed=501.3 samples/s (44.5K toks/s) | 352.1 TFLOPs/s | Stage time=1.3m | seqs/step=48.0 | toks/step=4265 | eff=100.0%
[CHECK] Stage 2 full=91.87% target>=98.00%
{'loss': 0.0849, 'grad_norm': 7.3125, 'learning_rate': 2.7e-05, 'epoch': 8e-07}
[Stage 2/96 L=2] step 410 | loss_avg=0.0648(100) | First=94.50% | Full=94.12% | lr=2.70e-05 | grad_norm=7.31 | Speed=501.2 samples/s (44.5K toks/s) | 352.1 TFLOPs/s | Stage time=1.3m | seqs/step=48.0 | toks/step=4265 | eff=100.0%
{'loss': 0.0673, 'grad_norm': 12.625, 'learning_rate': 2.7e-05, 'epoch': 8.2e-07}
[Stage 2/96 L=2] step 420 | loss_avg=0.0530(100) | First=94.62% | Full=94.50% | lr=2.70e-05 | grad_norm=12.62 | Speed=501.4 samples/s (44.6K toks/s) | 352.3 TFLOPs/s | Stage time=1.4m | seqs/step=48.0 | toks/step=4267 | eff=100.0%
{'loss': 0.0735, 'grad_norm': 3.984375, 'learning_rate': 2.7e-05, 'epoch': 8.4e-07}
[CHECK] Stage 2 full=96.00% target>=98.00%
[Stage 2/96 L=2] step 430 | loss_avg=0.0449(100) | First=96.00% | Full=95.62% | lr=2.70e-05 | grad_norm=3.98 | Speed=501.2 samples/s (44.5K toks/s) | 351.9 TFLOPs/s | Stage time=1.5m | seqs/step=48.0 | toks/step=4263 | eff=100.0%
{'loss': 0.0691, 'grad_norm': 9.6875, 'learning_rate': 2.7e-05, 'epoch': 8.6e-07}
[Stage 2/96 L=2] step 440 | loss_avg=0.0396(100) | First=97.25% | Full=96.88% | lr=2.70e-05 | grad_norm=9.69 | Speed=502.0 samples/s (44.6K toks/s) | 352.5 TFLOPs/s | Stage time=1.5m | seqs/step=48.0 | toks/step=4264 | eff=100.0%
{'loss': 0.0584, 'grad_norm': 2.578125, 'learning_rate': 2.7e-05, 'epoch': 8.8e-07}
[Stage 2/96 L=2] step 450 | loss_avg=0.0338(100) | First=96.75% | Full=96.50% | lr=2.70e-05 | grad_norm=2.58 | Speed=501.1 samples/s (44.5K toks/s) | 351.9 TFLOPs/s | Stage time=1.6m | seqs/step=48.0 | toks/step=4265 | eff=100.0%
[CHECK] Stage 2 full=96.50% target>=98.00%
{'loss': 0.0559, 'grad_norm': 5.34375, 'learning_rate': 2.7e-05, 'epoch': 9e-07}
[Stage 2/96 L=2] step 460 | loss_avg=0.0311(100) | First=97.25% | Full=97.12% | lr=2.70e-05 | grad_norm=5.34 | Speed=501.2 samples/s (44.5K toks/s) | 352.0 TFLOPs/s | Stage time=1.7m | seqs/step=48.0 | toks/step=4265 | eff=100.0%
{'loss': 0.0388, 'grad_norm': 6.1875, 'learning_rate': 2.7e-05, 'epoch': 9.2e-07}
[Stage 2/96 L=2] step 470 | loss_avg=0.0281(100) | First=98.25% | Full=97.88% | lr=2.70e-05 | grad_norm=6.19 | Speed=502.0 samples/s (44.6K toks/s) | 352.6 TFLOPs/s | Stage time=1.7m | seqs/step=48.0 | toks/step=4265 | eff=100.0%
{'loss': 0.0458, 'grad_norm': 2.84375, 'learning_rate': 2.7e-05, 'epoch': 9.4e-07}
[CHECK] Stage 2 full=97.25% target>=98.00%
[Stage 2/96 L=2] step 480 | loss_avg=0.0220(100) | First=97.88% | Full=97.88% | lr=2.70e-05 | grad_norm=2.84 | Speed=502.7 samples/s (44.7K toks/s) | 353.1 TFLOPs/s | Stage time=1.8m | seqs/step=48.0 | toks/step=4265 | eff=100.0%
{'loss': 0.0307, 'grad_norm': 4.40625, 'learning_rate': 2.7e-05, 'epoch': 9.6e-07}
[Stage 2/96 L=2] step 490 | loss_avg=0.0178(100) | First=98.62% | Full=98.50% | lr=2.70e-05 | grad_norm=4.41 | Speed=500.6 samples/s (44.5K toks/s) | 351.8 TFLOPs/s | Stage time=1.9m | seqs/step=48.0 | toks/step=4268 | eff=100.0%
{'loss': 0.0244, 'grad_norm': 0.388671875, 'learning_rate': 2.7e-05, 'epoch': 9.8e-07}
[Stage 2/96 L=2] step 500 | loss_avg=0.0151(100) | First=98.75% | Full=98.62% | lr=2.70e-05 | grad_norm=0.39 | Speed=501.2 samples/s (44.6K toks/s) | 352.2 TFLOPs/s | Stage time=1.9m | seqs/step=48.0 | toks/step=4267 | eff=100.0%
[CHECK] Stage 2 full=98.62% target>=98.00%
[COMPLETE] Stage 2 complete in 300 steps, 1.9 minutes | 57,600 samples | 501.2 samples/s
[STAGE-CKPT] Saving persistent checkpoint to /root/nl_output/search/job_exp2_pythia14b_step10000/stage_checkpoints/stage_2_step_500_L2
[STAGE-CKPT] Saved stage 2 checkpoint
[PLOT] Saved loss_stage_2.png | Est. min=0.0000, half-life=95 steps
[PLOT] Saved loss_overall.png (2 stages with exp fits)
[PLOT] Saved loss_vs_flops.png
[PLOT] Saved loss_vs_walltime.png
[PLOT] Saved achieved_tflops.png (avg: 717.7 TFLOPs/s)

[TRAIN-TIMING] Steps=600 | DataWait=15.5ms (8.1%) | Compute=176.0ms | Wall=191.5ms | Throughput=5.2 steps/s

 -> Advanced to stage 3 | alpha=0.037 | L=3/96
{'loss': 0.0283, 'grad_norm': 12.875, 'learning_rate': 2.7e-05, 'epoch': 1e-06}
[Stage 3/96 L=3] step 510 | loss_avg=0.0190(100) | First=89.75% | Full=89.75% | lr=2.70e-05 | grad_norm=12.88 | Speed=122.3 samples/s (11.3K toks/s) | 89.2 TFLOPs/s | Stage time=0.3m | seqs/step=48.0 | toks/step=4428 | eff=100.0%
{'loss': 0.1275, 'grad_norm': 8.9375, 'learning_rate': 2.7e-05, 'epoch': 1.02e-06}
[Stage 3/96 L=3] step 520 | loss_avg=0.0576(100) | First=80.12% | Full=79.75% | lr=2.70e-05 | grad_norm=8.94 | Speed=192.2 samples/s (19.7K toks/s) | 155.6 TFLOPs/s | Stage time=0.3m | seqs/step=48.0 | toks/step=4917 | eff=100.0%
{'loss': 0.3913, 'grad_norm': 8.125, 'learning_rate': 2.7e-05, 'epoch': 1.04e-06}
[Stage 3/96 L=3] step 530 | loss_avg=0.0841(100) | First=79.38% | Full=77.88% | lr=2.70e-05 | grad_norm=8.12 | Speed=239.1 samples/s (25.0K toks/s) | 197.8 TFLOPs/s | Stage time=0.4m | seqs/step=48.0 | toks/step=5027 | eff=100.0%
{'loss': 0.2536, 'grad_norm': 5.75, 'learning_rate': 2.7e-05, 'epoch': 1.06e-06}
[Stage 3/96 L=3] step 540 | loss_avg=0.1109(100) | First=81.12% | Full=80.75% | lr=2.70e-05 | grad_norm=5.75 | Speed=270.6 samples/s (28.8K toks/s) | 227.5 TFLOPs/s | Stage time=0.5m | seqs/step=48.0 | toks/step=5108 | eff=100.0%
{'loss': 0.2324, 'grad_norm': 4.84375, 'learning_rate': 2.7e-05, 'epoch': 1.08e-06}
[Stage 3/96 L=3] step 550 | loss_avg=0.1373(100) | First=81.50% | Full=80.88% | lr=2.70e-05 | grad_norm=4.84 | Speed=294.0 samples/s (31.6K toks/s) | 249.3 TFLOPs/s | Stage time=0.5m | seqs/step=48.0 | toks/step=5152 | eff=100.0%
{'loss': 0.2266, 'grad_norm': 5.34375, 'learning_rate': 2.7e-05, 'epoch': 1.1e-06}
[Stage 3/96 L=3] step 560 | loss_avg=0.1536(100) | First=84.25% | Full=83.88% | lr=2.70e-05 | grad_norm=5.34 | Speed=309.7 samples/s (33.5K toks/s) | 264.4 TFLOPs/s | Stage time=0.6m | seqs/step=48.0 | toks/step=5188 | eff=100.0%
{'loss': 0.2129, 'grad_norm': 5.09375, 'learning_rate': 2.7e-05, 'epoch': 1.12e-06}
[Stage 3/96 L=3] step 570 | loss_avg=0.1339(100) | First=83.38% | Full=82.75% | lr=2.70e-05 | grad_norm=5.09 | Speed=325.7 samples/s (35.3K toks/s) | 279.2 TFLOPs/s | Stage time=0.7m | seqs/step=48.0 | toks/step=5209 | eff=100.0%
{'loss': 0.2139, 'grad_norm': 4.96875, 'learning_rate': 2.7e-05, 'epoch': 1.14e-06}
[Stage 3/96 L=3] step 580 | loss_avg=0.1287(100) | First=81.75% | Full=81.25% | lr=2.70e-05 | grad_norm=4.97 | Speed=339.3 samples/s (36.9K toks/s) | 291.5 TFLOPs/s | Stage time=0.8m | seqs/step=48.0 | toks/step=5222 | eff=100.0%
{'loss': 0.2202, 'grad_norm': 5.5625, 'learning_rate': 2.7e-05, 'epoch': 1.16e-06}
[Stage 3/96 L=3] step 590 | loss_avg=0.1259(100) | First=82.50% | Full=82.25% | lr=2.70e-05 | grad_norm=5.56 | Speed=348.3 samples/s (38.0K toks/s) | 300.4 TFLOPs/s | Stage time=0.8m | seqs/step=48.0 | toks/step=5241 | eff=100.0%
{'loss': 0.2189, 'grad_norm': 5.5625, 'learning_rate': 2.7e-05, 'epoch': 1.18e-06}
[Stage 3/96 L=3] step 600 | loss_avg=0.1251(100) | First=84.00% | Full=83.62% | lr=2.70e-05 | grad_norm=5.56 | Speed=356.0 samples/s (38.9K toks/s) | 307.4 TFLOPs/s | Stage time=0.9m | seqs/step=48.0 | toks/step=5247 | eff=100.0%
{'loss': 0.2042, 'grad_norm': 5.125, 'learning_rate': 2.7e-05, 'epoch': 1.2e-06}
[Stage 3/96 L=3] step 610 | loss_avg=0.1242(100) | First=84.38% | Full=84.00% | lr=2.70e-05 | grad_norm=5.12 | Speed=364.4 samples/s (39.9K toks/s) | 315.2 TFLOPs/s | Stage time=1.0m | seqs/step=48.0 | toks/step=5256 | eff=100.0%
{'loss': 0.1918, 'grad_norm': 4.875, 'learning_rate': 2.7e-05, 'epoch': 1.22e-06}
[Stage 3/96 L=3] step 620 | loss_avg=0.1243(100) | First=86.12% | Full=85.75% | lr=2.70e-05 | grad_norm=4.88 | Speed=369.0 samples/s (40.5K toks/s) | 319.8 TFLOPs/s | Stage time=1.0m | seqs/step=48.0 | toks/step=5267 | eff=100.0%
{'loss': 0.178, 'grad_norm': 4.75, 'learning_rate': 2.7e-05, 'epoch': 1.24e-06}
[Stage 3/96 L=3] step 630 | loss_avg=0.1245(100) | First=83.12% | Full=82.12% | lr=2.70e-05 | grad_norm=4.75 | Speed=374.2 samples/s (41.1K toks/s) | 324.7 TFLOPs/s | Stage time=1.1m | seqs/step=48.0 | toks/step=5273 | eff=100.0%
{'loss': 0.1859, 'grad_norm': 11.375, 'learning_rate': 2.7e-05, 'epoch': 1.26e-06}
[Stage 3/96 L=3] step 640 | loss_avg=0.1204(100) | First=83.12% | Full=82.50% | lr=2.70e-05 | grad_norm=11.38 | Speed=379.3 samples/s (41.7K toks/s) | 329.7 TFLOPs/s | Stage time=1.2m | seqs/step=48.0 | toks/step=5282 | eff=100.0%
{'loss': 0.1824, 'grad_norm': 6.34375, 'learning_rate': 2.7e-05, 'epoch': 1.28e-06}
[Stage 3/96 L=3] step 650 | loss_avg=0.1145(100) | First=85.38% | Full=85.00% | lr=2.70e-05 | grad_norm=6.34 | Speed=381.5 samples/s (42.0K toks/s) | 332.0 TFLOPs/s | Stage time=1.3m | seqs/step=48.0 | toks/step=5288 | eff=100.0%
{'loss': 0.1719, 'grad_norm': 5.15625, 'learning_rate': 2.7e-05, 'epoch': 1.3e-06}
[Stage 3/96 L=3] step 660 | loss_avg=0.1105(100) | First=85.12% | Full=84.75% | lr=2.70e-05 | grad_norm=5.16 | Speed=385.6 samples/s (42.5K toks/s) | 335.9 TFLOPs/s | Stage time=1.3m | seqs/step=48.0 | toks/step=5295 | eff=100.0%
{'loss': 0.1801, 'grad_norm': 5.0625, 'learning_rate': 2.7e-05, 'epoch': 1.32e-06}
[Stage 3/96 L=3] step 670 | loss_avg=0.1085(100) | First=84.12% | Full=84.12% | lr=2.70e-05 | grad_norm=5.06 | Speed=388.0 samples/s (42.8K toks/s) | 338.0 TFLOPs/s | Stage time=1.4m | seqs/step=48.0 | toks/step=5294 | eff=100.0%
{'loss': 0.1854, 'grad_norm': 4.84375, 'learning_rate': 2.7e-05, 'epoch': 1.34e-06}
[Stage 3/96 L=3] step 680 | loss_avg=0.1046(100) | First=85.62% | Full=85.50% | lr=2.70e-05 | grad_norm=4.84 | Speed=392.1 samples/s (43.3K toks/s) | 341.7 TFLOPs/s | Stage time=1.5m | seqs/step=48.0 | toks/step=5296 | eff=100.0%
{'loss': 0.1633, 'grad_norm': 3.90625, 'learning_rate': 2.7e-05, 'epoch': 1.36e-06}
[Stage 3/96 L=3] step 690 | loss_avg=0.1005(100) | First=85.62% | Full=85.38% | lr=2.70e-05 | grad_norm=3.91 | Speed=395.8 samples/s (43.7K toks/s) | 344.8 TFLOPs/s | Stage time=1.5m | seqs/step=48.0 | toks/step=5294 | eff=100.0%
{'loss': 0.1562, 'grad_norm': 6.90625, 'learning_rate': 2.7e-05, 'epoch': 1.38e-06}
[Stage 3/96 L=3] step 700 | loss_avg=0.0990(100) | First=87.75% | Full=87.50% | lr=2.70e-05 | grad_norm=6.91 | Speed=397.8 samples/s (43.9K toks/s) | 346.6 TFLOPs/s | Stage time=1.6m | seqs/step=48.0 | toks/step=5295 | eff=100.0%
[CHECK] Stage 3 full=87.50% target>=98.00%
{'loss': 0.1446, 'grad_norm': 6.21875, 'learning_rate': 2.7e-05, 'epoch': 1.4e-06}
[Stage 3/96 L=3] step 710 | loss_avg=0.0995(100) | First=84.75% | Full=83.88% | lr=2.70e-05 | grad_norm=6.22 | Speed=400.4 samples/s (44.2K toks/s) | 348.7 TFLOPs/s | Stage time=1.7m | seqs/step=48.0 | toks/step=5293 | eff=100.0%
{'loss': 0.1722, 'grad_norm': 6.8125, 'learning_rate': 2.7e-05, 'epoch': 1.42e-06}
[Stage 3/96 L=3] step 720 | loss_avg=0.0979(100) | First=86.50% | Full=86.25% | lr=2.70e-05 | grad_norm=6.81 | Speed=403.7 samples/s (44.5K toks/s) | 351.3 TFLOPs/s | Stage time=1.7m | seqs/step=48.0 | toks/step=5290 | eff=100.0%
{'loss': 0.1472, 'grad_norm': 6.21875, 'learning_rate': 2.7e-05, 'epoch': 1.44e-06}
[CHECK] Stage 3 full=87.63% target>=98.00%
[Stage 3/96 L=3] step 730 | loss_avg=0.0982(100) | First=88.62% | Full=88.00% | lr=2.70e-05 | grad_norm=6.22 | Speed=404.9 samples/s (44.7K toks/s) | 352.8 TFLOPs/s | Stage time=1.8m | seqs/step=48.0 | toks/step=5295 | eff=100.0%
{'loss': 0.1528, 'grad_norm': 4.84375, 'learning_rate': 2.7e-05, 'epoch': 1.46e-06}
[Stage 3/96 L=3] step 740 | loss_avg=0.0986(100) | First=87.50% | Full=87.00% | lr=2.70e-05 | grad_norm=4.84 | Speed=407.1 samples/s (44.9K toks/s) | 354.6 TFLOPs/s | Stage time=1.9m | seqs/step=48.0 | toks/step=5294 | eff=100.0%
{'loss': 0.1445, 'grad_norm': 7.21875, 'learning_rate': 2.7e-05, 'epoch': 1.48e-06}
[Stage 3/96 L=3] step 750 | loss_avg=0.0980(100) | First=86.50% | Full=85.88% | lr=2.70e-05 | grad_norm=7.22 | Speed=408.6 samples/s (45.1K toks/s) | 355.9 TFLOPs/s | Stage time=2.0m | seqs/step=48.0 | toks/step=5294 | eff=100.0%
[CHECK] Stage 3 full=85.87% target>=98.00%
{'loss': 0.1597, 'grad_norm': 4.78125, 'learning_rate': 2.7e-05, 'epoch': 1.5e-06}
[Stage 3/96 L=3] step 760 | loss_avg=0.0956(100) | First=86.00% | Full=85.88% | lr=2.70e-05 | grad_norm=4.78 | Speed=410.6 samples/s (45.3K toks/s) | 357.9 TFLOPs/s | Stage time=2.0m | seqs/step=48.0 | toks/step=5298 | eff=100.0%
{'loss': 0.1387, 'grad_norm': 4.9375, 'learning_rate': 2.7e-05, 'epoch': 1.52e-06}
[Stage 3/96 L=3] step 770 | loss_avg=0.0934(100) | First=89.12% | Full=88.50% | lr=2.70e-05 | grad_norm=4.94 | Speed=411.5 samples/s (45.4K toks/s) | 358.7 TFLOPs/s | Stage time=2.1m | seqs/step=48.0 | toks/step=5299 | eff=100.0%
{'loss': 0.144, 'grad_norm': 5.71875, 'learning_rate': 2.7e-05, 'epoch': 1.54e-06}
[CHECK] Stage 3 full=87.88% target>=98.00%
[Stage 3/96 L=3] step 780 | loss_avg=0.0907(100) | First=87.62% | Full=87.25% | lr=2.70e-05 | grad_norm=5.72 | Speed=413.4 samples/s (45.6K toks/s) | 360.4 TFLOPs/s | Stage time=2.2m | seqs/step=48.0 | toks/step=5299 | eff=100.0%
{'loss': 0.1458, 'grad_norm': 3.453125, 'learning_rate': 2.7e-05, 'epoch': 1.56e-06}
[Stage 3/96 L=3] step 790 | loss_avg=0.0906(100) | First=90.38% | Full=90.00% | lr=2.70e-05 | grad_norm=3.45 | Speed=415.0 samples/s (45.8K toks/s) | 362.1 TFLOPs/s | Stage time=2.2m | seqs/step=48.0 | toks/step=5303 | eff=100.0%
{'loss': 0.1282, 'grad_norm': 5.1875, 'learning_rate': 2.7e-05, 'epoch': 1.58e-06}
[Stage 3/96 L=3] step 800 | loss_avg=0.0915(100) | First=89.12% | Full=88.62% | lr=2.70e-05 | grad_norm=5.19 | Speed=417.1 samples/s (46.1K toks/s) | 364.1 TFLOPs/s | Stage time=2.3m | seqs/step=48.0 | toks/step=5306 | eff=100.0%
[CHECK] Stage 3 full=88.63% target>=98.00%
{'loss': 0.1373, 'grad_norm': 6.625, 'learning_rate': 2.7e-05, 'epoch': 1.6e-06}
[Stage 3/96 L=3] step 810 | loss_avg=0.0880(100) | First=91.62% | Full=91.38% | lr=2.70e-05 | grad_norm=6.62 | Speed=417.7 samples/s (46.2K toks/s) | 364.6 TFLOPs/s | Stage time=2.4m | seqs/step=48.0 | toks/step=5306 | eff=100.0%
{'loss': 0.1199, 'grad_norm': 5.34375, 'learning_rate': 2.7e-05, 'epoch': 1.62e-06}
[Stage 3/96 L=3] step 820 | loss_avg=0.0832(100) | First=90.00% | Full=89.75% | lr=2.70e-05 | grad_norm=5.34 | Speed=419.4 samples/s (46.4K toks/s) | 366.2 TFLOPs/s | Stage time=2.4m | seqs/step=48.0 | toks/step=5307 | eff=100.0%
{'loss': 0.1258, 'grad_norm': 4.96875, 'learning_rate': 2.7e-05, 'epoch': 1.64e-06}
[CHECK] Stage 3 full=90.00% target>=98.00%
[Stage 3/96 L=3] step 830 | loss_avg=0.0813(100) | First=91.00% | Full=90.88% | lr=2.70e-05 | grad_norm=4.97 | Speed=420.2 samples/s (46.5K toks/s) | 367.2 TFLOPs/s | Stage time=2.5m | seqs/step=48.0 | toks/step=5310 | eff=100.0%
{'loss': 0.1025, 'grad_norm': 5.25, 'learning_rate': 2.7e-05, 'epoch': 1.66e-06}
[Stage 3/96 L=3] step 840 | loss_avg=0.0788(100) | First=91.25% | Full=90.75% | lr=2.70e-05 | grad_norm=5.25 | Speed=421.5 samples/s (46.6K toks/s) | 368.2 TFLOPs/s | Stage time=2.6m | seqs/step=48.0 | toks/step=5309 | eff=100.0%
{'loss': 0.1149, 'grad_norm': 5.09375, 'learning_rate': 2.7e-05, 'epoch': 1.68e-06}
[Stage 3/96 L=3] step 850 | loss_avg=0.0747(100) | First=92.12% | Full=91.50% | lr=2.70e-05 | grad_norm=5.09 | Speed=423.1 samples/s (46.8K toks/s) | 369.6 TFLOPs/s | Stage time=2.6m | seqs/step=48.0 | toks/step=5310 | eff=100.0%
[CHECK] Stage 3 full=91.50% target>=98.00%
{'loss': 0.1064, 'grad_norm': 5.78125, 'learning_rate': 2.7e-05, 'epoch': 1.7e-06}
[Stage 3/96 L=3] step 860 | loss_avg=0.0762(100) | First=90.75% | Full=90.25% | lr=2.70e-05 | grad_norm=5.78 | Speed=423.4 samples/s (46.8K toks/s) | 369.9 TFLOPs/s | Stage time=2.7m | seqs/step=48.0 | toks/step=5310 | eff=100.0%
{'loss': 0.1112, 'grad_norm': 4.28125, 'learning_rate': 2.7e-05, 'epoch': 1.72e-06}
[Stage 3/96 L=3] step 870 | loss_avg=0.0773(100) | First=92.25% | Full=91.75% | lr=2.70e-05 | grad_norm=4.28 | Speed=424.8 samples/s (47.0K toks/s) | 371.1 TFLOPs/s | Stage time=2.8m | seqs/step=48.0 | toks/step=5309 | eff=100.0%
{'loss': 0.1057, 'grad_norm': 3.703125, 'learning_rate': 2.7e-05, 'epoch': 1.74e-06}
[CHECK] Stage 3 full=89.88% target>=98.00%
[Stage 3/96 L=3] step 880 | loss_avg=0.0752(100) | First=92.75% | Full=92.50% | lr=2.70e-05 | grad_norm=3.70 | Speed=425.1 samples/s (47.0K toks/s) | 371.4 TFLOPs/s | Stage time=2.9m | seqs/step=48.0 | toks/step=5310 | eff=100.0%
{'loss': 0.1008, 'grad_norm': 4.53125, 'learning_rate': 2.7e-05, 'epoch': 1.76e-06}
[Stage 3/96 L=3] step 890 | loss_avg=0.0724(100) | First=92.38% | Full=92.00% | lr=2.70e-05 | grad_norm=4.53 | Speed=426.0 samples/s (47.1K toks/s) | 372.2 TFLOPs/s | Stage time=2.9m | seqs/step=48.0 | toks/step=5310 | eff=100.0%
{'loss': 0.0885, 'grad_norm': 5.25, 'learning_rate': 2.7e-05, 'epoch': 1.78e-06}
[Stage 3/96 L=3] step 900 | loss_avg=0.0670(100) | First=93.25% | Full=92.75% | lr=2.70e-05 | grad_norm=5.25 | Speed=427.3 samples/s (47.3K toks/s) | 373.3 TFLOPs/s | Stage time=3.0m | seqs/step=48.0 | toks/step=5310 | eff=100.0%
[CHECK] Stage 3 full=92.75% target>=98.00%
{'loss': 0.0804, 'grad_norm': 4.78125, 'learning_rate': 2.7e-05, 'epoch': 1.8e-06}
[Stage 3/96 L=3] step 910 | loss_avg=0.0642(100) | First=93.00% | Full=92.62% | lr=2.70e-05 | grad_norm=4.78 | Speed=427.8 samples/s (47.3K toks/s) | 373.8 TFLOPs/s | Stage time=3.1m | seqs/step=48.0 | toks/step=5310 | eff=100.0%
{'loss': 0.0862, 'grad_norm': 4.09375, 'learning_rate': 2.7e-05, 'epoch': 1.82e-06}
[Stage 3/96 L=3] step 920 | loss_avg=0.0653(100) | First=93.25% | Full=92.75% | lr=2.70e-05 | grad_norm=4.09 | Speed=428.3 samples/s (47.4K toks/s) | 374.2 TFLOPs/s | Stage time=3.1m | seqs/step=48.0 | toks/step=5311 | eff=100.0%
{'loss': 0.0892, 'grad_norm': 7.125, 'learning_rate': 2.7e-05, 'epoch': 1.84e-06}
[CHECK] Stage 3 full=92.62% target>=98.00%
[Stage 3/96 L=3] step 930 | loss_avg=0.0668(100) | First=93.38% | Full=93.00% | lr=2.70e-05 | grad_norm=7.12 | Speed=429.4 samples/s (47.5K toks/s) | 375.3 TFLOPs/s | Stage time=3.2m | seqs/step=48.0 | toks/step=5312 | eff=100.0%
{'loss': 0.0829, 'grad_norm': 4.65625, 'learning_rate': 2.7e-05, 'epoch': 1.86e-06}
[Stage 3/96 L=3] step 940 | loss_avg=0.0635(100) | First=94.50% | Full=94.12% | lr=2.70e-05 | grad_norm=4.66 | Speed=429.9 samples/s (47.6K toks/s) | 375.8 TFLOPs/s | Stage time=3.3m | seqs/step=48.0 | toks/step=5313 | eff=100.0%
{'loss': 0.0807, 'grad_norm': 4.0625, 'learning_rate': 2.7e-05, 'epoch': 1.88e-06}
[Stage 3/96 L=3] step 950 | loss_avg=0.0658(100) | First=93.25% | Full=92.75% | lr=2.70e-05 | grad_norm=4.06 | Speed=430.3 samples/s (47.6K toks/s) | 376.2 TFLOPs/s | Stage time=3.3m | seqs/step=48.0 | toks/step=5314 | eff=100.0%
[CHECK] Stage 3 full=92.75% target>=98.00%
{'loss': 0.0822, 'grad_norm': 4.65625, 'learning_rate': 2.7e-05, 'epoch': 1.9e-06}
[Stage 3/96 L=3] step 960 | loss_avg=0.0675(100) | First=92.88% | Full=92.50% | lr=2.70e-05 | grad_norm=4.66 | Speed=431.1 samples/s (47.7K toks/s) | 377.0 TFLOPs/s | Stage time=3.4m | seqs/step=48.0 | toks/step=5315 | eff=100.0%
{'loss': 0.0947, 'grad_norm': 7.6875, 'learning_rate': 2.7e-05, 'epoch': 1.92e-06}
[Stage 3/96 L=3] step 970 | loss_avg=0.0641(100) | First=94.25% | Full=94.12% | lr=2.70e-05 | grad_norm=7.69 | Speed=431.5 samples/s (47.8K toks/s) | 377.4 TFLOPs/s | Stage time=3.5m | seqs/step=48.0 | toks/step=5315 | eff=100.0%
{'loss': 0.0733, 'grad_norm': 4.125, 'learning_rate': 2.7e-05, 'epoch': 1.94e-06}
[CHECK] Stage 3 full=94.50% target>=98.00%
[Stage 3/96 L=3] step 980 | loss_avg=0.0626(100) | First=94.38% | Full=93.75% | lr=2.70e-05 | grad_norm=4.12 | Speed=431.8 samples/s (47.8K toks/s) | 377.6 TFLOPs/s | Stage time=3.6m | seqs/step=48.0 | toks/step=5315 | eff=100.0%
{'loss': 0.0853, 'grad_norm': 6.625, 'learning_rate': 2.7e-05, 'epoch': 1.96e-06}
[Stage 3/96 L=3] step 990 | loss_avg=0.0646(100) | First=94.12% | Full=93.50% | lr=2.70e-05 | grad_norm=6.62 | Speed=432.1 samples/s (47.9K toks/s) | 377.9 TFLOPs/s | Stage time=3.6m | seqs/step=48.0 | toks/step=5316 | eff=100.0%
{'loss': 0.08, 'grad_norm': 4.125, 'learning_rate': 2.7e-05, 'epoch': 1.98e-06}
[Stage 3/96 L=3] step 1000 | loss_avg=0.0607(100) | First=94.75% | Full=94.75% | lr=2.70e-05 | grad_norm=4.12 | Speed=433.0 samples/s (48.0K toks/s) | 378.7 TFLOPs/s | Stage time=3.7m | seqs/step=48.0 | toks/step=5316 | eff=100.0%
[CHECK] Stage 3 full=94.75% target>=98.00%
{'loss': 0.0607, 'grad_norm': 5.71875, 'learning_rate': 2.7e-05, 'epoch': 2e-06}
[Stage 3/96 L=3] step 1010 | loss_avg=0.0578(100) | First=95.88% | Full=94.88% | lr=2.70e-05 | grad_norm=5.72 | Speed=413.0 samples/s (45.7K toks/s) | 361.2 TFLOPs/s | Stage time=4.0m | seqs/step=48.0 | toks/step=5315 | eff=100.0%
{'loss': 0.0732, 'grad_norm': 5.40625, 'learning_rate': 2.7e-05, 'epoch': 2.02e-06}
[Stage 3/96 L=3] step 1020 | loss_avg=0.0599(100) | First=95.12% | Full=94.38% | lr=2.70e-05 | grad_norm=5.41 | Speed=413.6 samples/s (45.8K toks/s) | 361.8 TFLOPs/s | Stage time=4.0m | seqs/step=48.0 | toks/step=5316 | eff=100.0%
{'loss': 0.0736, 'grad_norm': 6.46875, 'learning_rate': 2.7e-05, 'epoch': 2.04e-06}
[CHECK] Stage 3 full=94.13% target>=98.00%
[Stage 3/96 L=3] step 1030 | loss_avg=0.0574(100) | First=94.75% | Full=94.12% | lr=2.70e-05 | grad_norm=6.47 | Speed=414.2 samples/s (45.9K toks/s) | 362.3 TFLOPs/s | Stage time=4.1m | seqs/step=48.0 | toks/step=5317 | eff=100.0%
{'loss': 0.0734, 'grad_norm': 3.03125, 'learning_rate': 2.7e-05, 'epoch': 2.06e-06}
[Stage 3/96 L=3] step 1040 | loss_avg=0.0573(100) | First=95.50% | Full=95.25% | lr=2.70e-05 | grad_norm=3.03 | Speed=415.2 samples/s (46.0K toks/s) | 363.3 TFLOPs/s | Stage time=4.2m | seqs/step=48.0 | toks/step=5318 | eff=100.0%
{'loss': 0.0705, 'grad_norm': 3.609375, 'learning_rate': 2.7e-05, 'epoch': 2.08e-06}
[Stage 3/96 L=3] step 1050 | loss_avg=0.0571(100) | First=96.00% | Full=95.38% | lr=2.70e-05 | grad_norm=3.61 | Speed=415.6 samples/s (46.0K toks/s) | 363.6 TFLOPs/s | Stage time=4.2m | seqs/step=48.0 | toks/step=5318 | eff=100.0%
[CHECK] Stage 3 full=95.38% target>=98.00%
{'loss': 0.0567, 'grad_norm': 2.359375, 'learning_rate': 2.7e-05, 'epoch': 2.1e-06}
[Stage 3/96 L=3] step 1060 | loss_avg=0.0535(100) | First=96.12% | Full=96.00% | lr=2.70e-05 | grad_norm=2.36 | Speed=416.6 samples/s (46.1K toks/s) | 364.5 TFLOPs/s | Stage time=4.3m | seqs/step=48.0 | toks/step=5318 | eff=100.0%
{'loss': 0.057, 'grad_norm': 2.65625, 'learning_rate': 2.7e-05, 'epoch': 2.12e-06}
[Stage 3/96 L=3] step 1070 | loss_avg=0.0515(100) | First=95.25% | Full=95.12% | lr=2.70e-05 | grad_norm=2.66 | Speed=417.0 samples/s (46.2K toks/s) | 364.9 TFLOPs/s | Stage time=4.4m | seqs/step=48.0 | toks/step=5319 | eff=100.0%
{'loss': 0.0653, 'grad_norm': 5.78125, 'learning_rate': 2.7e-05, 'epoch': 2.14e-06}
[CHECK] Stage 3 full=96.63% target>=98.00%
[Stage 3/96 L=3] step 1080 | loss_avg=0.0475(100) | First=96.75% | Full=96.38% | lr=2.70e-05 | grad_norm=5.78 | Speed=417.5 samples/s (46.2K toks/s) | 365.2 TFLOPs/s | Stage time=4.4m | seqs/step=48.0 | toks/step=5317 | eff=100.0%
{'loss': 0.0517, 'grad_norm': 5.4375, 'learning_rate': 2.7e-05, 'epoch': 2.16e-06}
[Stage 3/96 L=3] step 1090 | loss_avg=0.0462(100) | First=96.88% | Full=96.38% | lr=2.70e-05 | grad_norm=5.44 | Speed=418.0 samples/s (46.3K toks/s) | 365.6 TFLOPs/s | Stage time=4.5m | seqs/step=48.0 | toks/step=5316 | eff=100.0%
{'loss': 0.0694, 'grad_norm': 3.265625, 'learning_rate': 2.7e-05, 'epoch': 2.18e-06}
[Stage 3/96 L=3] step 1100 | loss_avg=0.0443(100) | First=96.25% | Full=96.00% | lr=2.70e-05 | grad_norm=3.27 | Speed=418.4 samples/s (46.4K toks/s) | 366.1 TFLOPs/s | Stage time=4.6m | seqs/step=48.0 | toks/step=5318 | eff=100.0%
[CHECK] Stage 3 full=96.00% target>=98.00%
{'loss': 0.0449, 'grad_norm': 4.375, 'learning_rate': 2.7e-05, 'epoch': 2.2e-06}
[Stage 3/96 L=3] step 1110 | loss_avg=0.0447(100) | First=94.75% | Full=94.25% | lr=2.70e-05 | grad_norm=4.38 | Speed=419.3 samples/s (46.5K toks/s) | 367.0 TFLOPs/s | Stage time=4.7m | seqs/step=48.0 | toks/step=5320 | eff=100.0%
{'loss': 0.0622, 'grad_norm': 3.78125, 'learning_rate': 2.7e-05, 'epoch': 2.22e-06}
[Stage 3/96 L=3] step 1120 | loss_avg=0.0406(100) | First=97.00% | Full=96.50% | lr=2.70e-05 | grad_norm=3.78 | Speed=419.7 samples/s (46.5K toks/s) | 367.3 TFLOPs/s | Stage time=4.7m | seqs/step=48.0 | toks/step=5319 | eff=100.0%
{'loss': 0.0515, 'grad_norm': 2.578125, 'learning_rate': 2.7e-05, 'epoch': 2.24e-06}
[CHECK] Stage 3 full=96.38% target>=98.00%
[Stage 3/96 L=3] step 1130 | loss_avg=0.0393(100) | First=96.88% | Full=96.88% | lr=2.70e-05 | grad_norm=2.58 | Speed=420.1 samples/s (46.6K toks/s) | 367.8 TFLOPs/s | Stage time=4.8m | seqs/step=48.0 | toks/step=5321 | eff=100.0%
{'loss': 0.0403, 'grad_norm': 1.8125, 'learning_rate': 2.7e-05, 'epoch': 2.26e-06}
[Stage 3/96 L=3] step 1140 | loss_avg=0.0383(100) | First=96.75% | Full=96.62% | lr=2.70e-05 | grad_norm=1.81 | Speed=421.0 samples/s (46.7K toks/s) | 368.7 TFLOPs/s | Stage time=4.9m | seqs/step=48.0 | toks/step=5322 | eff=100.0%
{'loss': 0.0532, 'grad_norm': 4.46875, 'learning_rate': 2.7e-05, 'epoch': 2.28e-06}
[Stage 3/96 L=3] step 1150 | loss_avg=0.0363(100) | First=97.75% | Full=97.38% | lr=2.70e-05 | grad_norm=4.47 | Speed=421.4 samples/s (46.7K toks/s) | 369.0 TFLOPs/s | Stage time=4.9m | seqs/step=48.0 | toks/step=5322 | eff=100.0%
[CHECK] Stage 3 full=97.37% target>=98.00%
{'loss': 0.0424, 'grad_norm': 4.09375, 'learning_rate': 2.7e-05, 'epoch': 2.3e-06}
[Stage 3/96 L=3] step 1160 | loss_avg=0.0343(100) | First=97.38% | Full=96.75% | lr=2.70e-05 | grad_norm=4.09 | Speed=421.8 samples/s (46.8K toks/s) | 369.3 TFLOPs/s | Stage time=5.0m | seqs/step=48.0 | toks/step=5321 | eff=100.0%
{'loss': 0.0432, 'grad_norm': 6.375, 'learning_rate': 2.7e-05, 'epoch': 2.32e-06}
[Stage 3/96 L=3] step 1170 | loss_avg=0.0332(100) | First=97.12% | Full=96.88% | lr=2.70e-05 | grad_norm=6.38 | Speed=422.6 samples/s (46.8K toks/s) | 369.9 TFLOPs/s | Stage time=5.1m | seqs/step=48.0 | toks/step=5320 | eff=100.0%
{'loss': 0.0449, 'grad_norm': 1.9140625, 'learning_rate': 2.7e-05, 'epoch': 2.34e-06}
[CHECK] Stage 3 full=96.13% target>=98.00%
[Stage 3/96 L=3] step 1180 | loss_avg=0.0331(100) | First=97.25% | Full=97.00% | lr=2.70e-05 | grad_norm=1.91 | Speed=422.8 samples/s (46.9K toks/s) | 370.1 TFLOPs/s | Stage time=5.1m | seqs/step=48.0 | toks/step=5320 | eff=100.0%
{'loss': 0.0441, 'grad_norm': 4.09375, 'learning_rate': 2.7e-05, 'epoch': 2.36e-06}
[Stage 3/96 L=3] step 1190 | loss_avg=0.0311(100) | First=97.88% | Full=97.62% | lr=2.70e-05 | grad_norm=4.09 | Speed=423.1 samples/s (46.9K toks/s) | 370.4 TFLOPs/s | Stage time=5.2m | seqs/step=48.0 | toks/step=5321 | eff=100.0%
{'loss': 0.0402, 'grad_norm': 5.59375, 'learning_rate': 2.7e-05, 'epoch': 2.38e-06}
[Stage 3/96 L=3] step 1200 | loss_avg=0.0327(100) | First=96.25% | Full=95.88% | lr=2.70e-05 | grad_norm=5.59 | Speed=423.5 samples/s (46.9K toks/s) | 370.8 TFLOPs/s | Stage time=5.3m | seqs/step=48.0 | toks/step=5321 | eff=100.0%
[CHECK] Stage 3 full=95.88% target>=98.00%
{'loss': 0.0492, 'grad_norm': 7.5625, 'learning_rate': 2.7e-05, 'epoch': 2.4e-06}
[Stage 3/96 L=3] step 1210 | loss_avg=0.0316(100) | First=96.75% | Full=96.50% | lr=2.70e-05 | grad_norm=7.56 | Speed=424.2 samples/s (47.0K toks/s) | 371.4 TFLOPs/s | Stage time=5.4m | seqs/step=48.0 | toks/step=5322 | eff=100.0%
{'loss': 0.0371, 'grad_norm': 6.09375, 'learning_rate': 2.7e-05, 'epoch': 2.42e-06}
[Stage 3/96 L=3] step 1220 | loss_avg=0.0291(100) | First=97.62% | Full=97.38% | lr=2.70e-05 | grad_norm=6.09 | Speed=424.7 samples/s (47.1K toks/s) | 371.8 TFLOPs/s | Stage time=5.4m | seqs/step=48.0 | toks/step=5321 | eff=100.0%
{'loss': 0.0378, 'grad_norm': 4.53125, 'learning_rate': 2.7e-05, 'epoch': 2.44e-06}
[CHECK] Stage 3 full=97.12% target>=98.00%
[Stage 3/96 L=3] step 1230 | loss_avg=0.0320(100) | First=97.50% | Full=97.00% | lr=2.70e-05 | grad_norm=4.53 | Speed=425.2 samples/s (47.1K toks/s) | 372.2 TFLOPs/s | Stage time=5.5m | seqs/step=48.0 | toks/step=5320 | eff=100.0%
{'loss': 0.0447, 'grad_norm': 8.3125, 'learning_rate': 2.7e-05, 'epoch': 2.46e-06}
[Stage 3/96 L=3] step 1240 | loss_avg=0.0291(100) | First=97.50% | Full=97.38% | lr=2.70e-05 | grad_norm=8.31 | Speed=425.3 samples/s (47.1K toks/s) | 372.3 TFLOPs/s | Stage time=5.6m | seqs/step=48.0 | toks/step=5320 | eff=100.0%
{'loss': 0.0299, 'grad_norm': 3.078125, 'learning_rate': 2.7e-05, 'epoch': 2.48e-06}
[Stage 3/96 L=3] step 1250 | loss_avg=0.0294(100) | First=96.12% | Full=95.88% | lr=2.70e-05 | grad_norm=3.08 | Speed=426.0 samples/s (47.2K toks/s) | 372.9 TFLOPs/s | Stage time=5.6m | seqs/step=48.0 | toks/step=5321 | eff=100.0%
[CHECK] Stage 3 full=95.88% target>=98.00%
{'loss': 0.0457, 'grad_norm': 6.75, 'learning_rate': 2.7e-05, 'epoch': 2.5e-06}
[Stage 3/96 L=3] step 1260 | loss_avg=0.0287(100) | First=98.00% | Full=97.75% | lr=2.70e-05 | grad_norm=6.75 | Speed=426.5 samples/s (47.3K toks/s) | 373.3 TFLOPs/s | Stage time=5.7m | seqs/step=48.0 | toks/step=5320 | eff=100.0%
{'loss': 0.0449, 'grad_norm': 2.90625, 'learning_rate': 2.7e-05, 'epoch': 2.52e-06}
[Stage 3/96 L=3] step 1270 | loss_avg=0.0278(100) | First=97.38% | Full=97.12% | lr=2.70e-05 | grad_norm=2.91 | Speed=426.7 samples/s (47.3K toks/s) | 373.5 TFLOPs/s | Stage time=5.8m | seqs/step=48.0 | toks/step=5319 | eff=100.0%
{'loss': 0.0282, 'grad_norm': 3.1875, 'learning_rate': 2.7e-05, 'epoch': 2.54e-06}
[CHECK] Stage 3 full=98.87% target>=98.00%
[COMPLETE] Stage 3 complete in 775 steps, 5.8 minutes | 148,800 samples | 427.0 samples/s
[STAGE-CKPT] Saving persistent checkpoint to /root/nl_output/search/job_exp2_pythia14b_step10000/stage_checkpoints/stage_3_step_1275_L3
[STAGE-CKPT] Saved stage 3 checkpoint
[PLOT] Saved loss_stage_3.png | Est. min=0.0000, half-life=353 steps
[PLOT] Saved loss_overall.png (3 stages with exp fits)
[PLOT] Saved loss_vs_flops.png
[PLOT] Saved loss_vs_walltime.png
[PLOT] Saved achieved_tflops.png (avg: 828.3 TFLOPs/s)

[TRAIN-TIMING] Steps=1550 | DataWait=30.9ms (14.2%) | Compute=186.2ms | Wall=217.1ms | Throughput=4.6 steps/s

 -> Advanced to stage 4 | alpha=0.047 | L=4/96
[Stage 4/96 L=4] step 1280 | loss_avg=0.0230(100) | First=97.75% | Full=97.62% | lr=2.70e-05 | grad_norm=3.19 | Speed=418.5 samples/s (46.5K toks/s) | 367.3 TFLOPs/s | Stage time=0.0m | seqs/step=48.0 | toks/step=5333 | eff=100.0%
{'loss': 0.0275, 'grad_norm': 4.5, 'learning_rate': 2.7e-05, 'epoch': 2.56e-06}
[Stage 4/96 L=4] step 1290 | loss_avg=0.0439(100) | First=87.38% | Full=87.00% | lr=2.70e-05 | grad_norm=4.50 | Speed=434.5 samples/s (53.0K toks/s) | 418.4 TFLOPs/s | Stage time=0.1m | seqs/step=48.0 | toks/step=5854 | eff=100.0%
{'loss': 0.1753, 'grad_norm': 12.1875, 'learning_rate': 2.7e-05, 'epoch': 2.58e-06}
[Stage 4/96 L=4] step 1300 | loss_avg=0.0597(100) | First=88.75% | Full=88.12% | lr=2.70e-05 | grad_norm=12.19 | Speed=431.6 samples/s (54.2K toks/s) | 428.0 TFLOPs/s | Stage time=0.2m | seqs/step=48.0 | toks/step=6029 | eff=100.0%
{'loss': 0.1699, 'grad_norm': 7.875, 'learning_rate': 2.7e-05, 'epoch': 2.6e-06}
[Stage 4/96 L=4] step 1310 | loss_avg=0.0729(100) | First=89.50% | Full=89.00% | lr=2.70e-05 | grad_norm=7.88 | Speed=427.0 samples/s (54.6K toks/s) | 430.7 TFLOPs/s | Stage time=0.3m | seqs/step=48.0 | toks/step=6133 | eff=100.0%
{'loss': 0.1622, 'grad_norm': 6.1875, 'learning_rate': 2.7e-05, 'epoch': 2.62e-06}
[Stage 4/96 L=4] step 1320 | loss_avg=0.0900(100) | First=88.88% | Full=88.12% | lr=2.70e-05 | grad_norm=6.19 | Speed=430.5 samples/s (55.4K toks/s) | 437.4 TFLOPs/s | Stage time=0.3m | seqs/step=48.0 | toks/step=6178 | eff=100.0%
{'loss': 0.1457, 'grad_norm': 5.65625, 'learning_rate': 2.7e-05, 'epoch': 2.64e-06}
[Stage 4/96 L=4] step 1330 | loss_avg=0.1058(100) | First=88.25% | Full=87.38% | lr=2.70e-05 | grad_norm=5.66 | Speed=429.8 samples/s (55.6K toks/s) | 438.6 TFLOPs/s | Stage time=0.4m | seqs/step=48.0 | toks/step=6207 | eff=100.0%
{'loss': 0.1366, 'grad_norm': 6.40625, 'learning_rate': 2.7e-05, 'epoch': 2.66e-06}
[Stage 4/96 L=4] step 1340 | loss_avg=0.0956(100) | First=92.00% | Full=90.88% | lr=2.70e-05 | grad_norm=6.41 | Speed=428.0 samples/s (55.6K toks/s) | 438.9 TFLOPs/s | Stage time=0.5m | seqs/step=48.0 | toks/step=6236 | eff=100.0%
{'loss': 0.1159, 'grad_norm': 4.5625, 'learning_rate': 2.7e-05, 'epoch': 2.68e-06}
[Stage 4/96 L=4] step 1350 | loss_avg=0.0891(100) | First=91.62% | Full=91.00% | lr=2.70e-05 | grad_norm=4.56 | Speed=430.1 samples/s (56.1K toks/s) | 442.5 TFLOPs/s | Stage time=0.6m | seqs/step=48.0 | toks/step=6256 | eff=100.0%
{'loss': 0.1232, 'grad_norm': 5.03125, 'learning_rate': 2.7e-05, 'epoch': 2.7e-06}
[Stage 4/96 L=4] step 1360 | loss_avg=0.0927(100) | First=89.88% | Full=89.38% | lr=2.70e-05 | grad_norm=5.03 | Speed=432.0 samples/s (56.4K toks/s) | 445.5 TFLOPs/s | Stage time=0.6m | seqs/step=48.0 | toks/step=6270 | eff=100.0%
{'loss': 0.1292, 'grad_norm': 5.90625, 'learning_rate': 2.7e-05, 'epoch': 2.72e-06}
[Stage 4/96 L=4] step 1370 | loss_avg=0.0916(100) | First=89.25% | Full=88.50% | lr=2.70e-05 | grad_norm=5.91 | Speed=428.8 samples/s (56.1K toks/s) | 442.5 TFLOPs/s | Stage time=0.7m | seqs/step=48.0 | toks/step=6276 | eff=100.0%
{'loss': 0.1319, 'grad_norm': 7.4375, 'learning_rate': 2.7e-05, 'epoch': 2.74e-06}
[Stage 4/96 L=4] step 1380 | loss_avg=0.0881(100) | First=89.50% | Full=89.12% | lr=2.70e-05 | grad_norm=7.44 | Speed=430.6 samples/s (56.3K toks/s) | 444.6 TFLOPs/s | Stage time=0.8m | seqs/step=48.0 | toks/step=6280 | eff=100.0%
{'loss': 0.1247, 'grad_norm': 6.46875, 'learning_rate': 2.7e-05, 'epoch': 2.76e-06}
[Stage 4/96 L=4] step 1390 | loss_avg=0.0890(100) | First=91.12% | Full=90.50% | lr=2.70e-05 | grad_norm=6.47 | Speed=431.0 samples/s (56.4K toks/s) | 445.5 TFLOPs/s | Stage time=0.9m | seqs/step=48.0 | toks/step=6286 | eff=100.0%
{'loss': 0.121, 'grad_norm': 4.71875, 'learning_rate': 2.7e-05, 'epoch': 2.78e-06}
[Stage 4/96 L=4] step 1400 | loss_avg=0.0903(100) | First=91.00% | Full=90.88% | lr=2.70e-05 | grad_norm=4.72 | Speed=429.2 samples/s (56.3K toks/s) | 444.6 TFLOPs/s | Stage time=0.9m | seqs/step=48.0 | toks/step=6299 | eff=100.0%
{'loss': 0.1057, 'grad_norm': 4.9375, 'learning_rate': 2.7e-05, 'epoch': 2.8e-06}
[Stage 4/96 L=4] step 1410 | loss_avg=0.0866(100) | First=90.88% | Full=90.50% | lr=2.70e-05 | grad_norm=4.94 | Speed=429.3 samples/s (56.5K toks/s) | 445.6 TFLOPs/s | Stage time=1.0m | seqs/step=48.0 | toks/step=6312 | eff=100.0%
{'loss': 0.1155, 'grad_norm': 5.09375, 'learning_rate': 2.7e-05, 'epoch': 2.82e-06}
[Stage 4/96 L=4] step 1420 | loss_avg=0.0828(100) | First=91.75% | Full=91.12% | lr=2.70e-05 | grad_norm=5.09 | Speed=428.2 samples/s (56.2K toks/s) | 443.8 TFLOPs/s | Stage time=1.1m | seqs/step=48.0 | toks/step=6303 | eff=100.0%
{'loss': 0.1152, 'grad_norm': 5.28125, 'learning_rate': 2.7e-05, 'epoch': 2.84e-06}
[Stage 4/96 L=4] step 1430 | loss_avg=0.0826(100) | First=92.75% | Full=92.12% | lr=2.70e-05 | grad_norm=5.28 | Speed=427.7 samples/s (56.1K toks/s) | 443.2 TFLOPs/s | Stage time=1.2m | seqs/step=48.0 | toks/step=6302 | eff=100.0%
{'loss': 0.1101, 'grad_norm': 5.53125, 'learning_rate': 2.7e-05, 'epoch': 2.86e-06}
[Stage 4/96 L=4] step 1440 | loss_avg=0.0816(100) | First=92.50% | Full=91.50% | lr=2.70e-05 | grad_norm=5.53 | Speed=427.5 samples/s (56.2K toks/s) | 443.2 TFLOPs/s | Stage time=1.2m | seqs/step=48.0 | toks/step=6305 | eff=100.0%
{'loss': 0.105, 'grad_norm': 5.5, 'learning_rate': 2.7e-05, 'epoch': 2.88e-06}
[Stage 4/96 L=4] step 1450 | loss_avg=0.0797(100) | First=90.75% | Full=90.00% | lr=2.70e-05 | grad_norm=5.50 | Speed=426.6 samples/s (56.0K toks/s) | 442.4 TFLOPs/s | Stage time=1.3m | seqs/step=48.0 | toks/step=6307 | eff=100.0%
{'loss': 0.101, 'grad_norm': 11.875, 'learning_rate': 2.7e-05, 'epoch': 2.9e-06}
[Stage 4/96 L=4] step 1460 | loss_avg=0.0786(100) | First=91.88% | Full=91.62% | lr=2.70e-05 | grad_norm=11.88 | Speed=427.3 samples/s (56.2K toks/s) | 443.3 TFLOPs/s | Stage time=1.4m | seqs/step=48.0 | toks/step=6309 | eff=100.0%
{'loss': 0.1085, 'grad_norm': 4.9375, 'learning_rate': 2.7e-05, 'epoch': 2.92e-06}
[Stage 4/96 L=4] step 1470 | loss_avg=0.0840(100) | First=91.25% | Full=90.62% | lr=2.70e-05 | grad_norm=4.94 | Speed=427.6 samples/s (56.2K toks/s) | 443.9 TFLOPs/s | Stage time=1.5m | seqs/step=48.0 | toks/step=6313 | eff=100.0%
{'loss': 0.1163, 'grad_norm': 9.9375, 'learning_rate': 2.7e-05, 'epoch': 2.94e-06}
[CHECK] Stage 4 full=90.75% target>=98.00%
[Stage 4/96 L=4] step 1480 | loss_avg=0.0855(100) | First=91.00% | Full=90.62% | lr=2.70e-05 | grad_norm=9.94 | Speed=427.2 samples/s (56.2K toks/s) | 443.9 TFLOPs/s | Stage time=1.5m | seqs/step=48.0 | toks/step=6319 | eff=100.0%
{'loss': 0.106, 'grad_norm': 3.203125, 'learning_rate': 2.7e-05, 'epoch': 2.96e-06}
[Stage 4/96 L=4] step 1490 | loss_avg=0.0866(100) | First=93.12% | Full=92.62% | lr=2.70e-05 | grad_norm=3.20 | Speed=427.1 samples/s (56.3K toks/s) | 444.0 TFLOPs/s | Stage time=1.6m | seqs/step=48.0 | toks/step=6321 | eff=100.0%
{'loss': 0.0966, 'grad_norm': 4.71875, 'learning_rate': 2.7e-05, 'epoch': 2.98e-06}
[Stage 4/96 L=4] step 1500 | loss_avg=0.0853(100) | First=92.00% | Full=90.62% | lr=2.70e-05 | grad_norm=4.72 | Speed=426.1 samples/s (56.1K toks/s) | 443.0 TFLOPs/s | Stage time=1.7m | seqs/step=48.0 | toks/step=6323 | eff=100.0%
[CHECK] Stage 4 full=90.62% target>=98.00%
{'loss': 0.1066, 'grad_norm': 4.34375, 'learning_rate': 2.7e-05, 'epoch': 3e-06}
[Stage 4/96 L=4] step 1510 | loss_avg=0.0854(100) | First=92.12% | Full=91.75% | lr=2.70e-05 | grad_norm=4.34 | Speed=376.5 samples/s (49.6K toks/s) | 391.3 TFLOPs/s | Stage time=2.0m | seqs/step=48.0 | toks/step=6321 | eff=100.0%
{'loss': 0.1132, 'grad_norm': 3.90625, 'learning_rate': 2.7e-05, 'epoch': 3.02e-06}
[Stage 4/96 L=4] step 1520 | loss_avg=0.0781(100) | First=93.38% | Full=93.00% | lr=2.70e-05 | grad_norm=3.91 | Speed=377.3 samples/s (49.7K toks/s) | 392.4 TFLOPs/s | Stage time=2.1m | seqs/step=48.0 | toks/step=6325 | eff=100.0%
{'loss': 0.0899, 'grad_norm': 4.21875, 'learning_rate': 2.7e-05, 'epoch': 3.04e-06}
[CHECK] Stage 4 full=91.50% target>=98.00%
[Stage 4/96 L=4] step 1530 | loss_avg=0.0753(100) | First=92.25% | Full=91.75% | lr=2.70e-05 | grad_norm=4.22 | Speed=379.5 samples/s (50.0K toks/s) | 394.7 TFLOPs/s | Stage time=2.2m | seqs/step=48.0 | toks/step=6325 | eff=100.0%
{'loss': 0.1017, 'grad_norm': 4.21875, 'learning_rate': 2.7e-05, 'epoch': 3.06e-06}
[Stage 4/96 L=4] step 1540 | loss_avg=0.0754(100) | First=94.12% | Full=93.25% | lr=2.70e-05 | grad_norm=4.22 | Speed=381.4 samples/s (50.3K toks/s) | 396.8 TFLOPs/s | Stage time=2.2m | seqs/step=48.0 | toks/step=6327 | eff=100.0%
{'loss': 0.0887, 'grad_norm': 8.0625, 'learning_rate': 2.7e-05, 'epoch': 3.08e-06}
[Stage 4/96 L=4] step 1550 | loss_avg=0.0745(100) | First=91.75% | Full=91.25% | lr=2.70e-05 | grad_norm=8.06 | Speed=382.5 samples/s (50.4K toks/s) | 398.1 TFLOPs/s | Stage time=2.3m | seqs/step=48.0 | toks/step=6329 | eff=100.0%
[CHECK] Stage 4 full=91.25% target>=98.00%
{'loss': 0.0924, 'grad_norm': 4.53125, 'learning_rate': 2.7e-05, 'epoch': 3.1e-06}
[Stage 4/96 L=4] step 1560 | loss_avg=0.0731(100) | First=92.88% | Full=91.62% | lr=2.70e-05 | grad_norm=4.53 | Speed=383.7 samples/s (50.6K toks/s) | 399.2 TFLOPs/s | Stage time=2.4m | seqs/step=48.0 | toks/step=6328 | eff=100.0%
{'loss': 0.1002, 'grad_norm': 6.1875, 'learning_rate': 2.7e-05, 'epoch': 3.12e-06}
[Stage 4/96 L=4] step 1570 | loss_avg=0.0749(100) | First=95.00% | Full=94.62% | lr=2.70e-05 | grad_norm=6.19 | Speed=384.9 samples/s (50.8K toks/s) | 400.6 TFLOPs/s | Stage time=2.5m | seqs/step=48.0 | toks/step=6330 | eff=100.0%
{'loss': 0.1088, 'grad_norm': 5.0625, 'learning_rate': 2.7e-05, 'epoch': 3.14e-06}
[CHECK] Stage 4 full=93.00% target>=98.00%
[Stage 4/96 L=4] step 1580 | loss_avg=0.0767(100) | First=90.88% | Full=89.88% | lr=2.70e-05 | grad_norm=5.06 | Speed=386.2 samples/s (50.9K toks/s) | 402.1 TFLOPs/s | Stage time=2.5m | seqs/step=48.0 | toks/step=6331 | eff=100.0%
{'loss': 0.0969, 'grad_norm': 6.4375, 'learning_rate': 2.7e-05, 'epoch': 3.16e-06}
[Stage 4/96 L=4] step 1590 | loss_avg=0.0716(100) | First=93.12% | Full=93.00% | lr=2.70e-05 | grad_norm=6.44 | Speed=387.0 samples/s (51.0K toks/s) | 402.8 TFLOPs/s | Stage time=2.6m | seqs/step=48.0 | toks/step=6329 | eff=100.0%
{'loss': 0.0868, 'grad_norm': 5.53125, 'learning_rate': 2.7e-05, 'epoch': 3.18e-06}
[Stage 4/96 L=4] step 1600 | loss_avg=0.0695(100) | First=93.12% | Full=91.88% | lr=2.70e-05 | grad_norm=5.53 | Speed=388.2 samples/s (51.2K toks/s) | 403.9 TFLOPs/s | Stage time=2.7m | seqs/step=48.0 | toks/step=6326 | eff=100.0%
[CHECK] Stage 4 full=91.87% target>=98.00%
{'loss': 0.0905, 'grad_norm': 4.21875, 'learning_rate': 2.7e-05, 'epoch': 3.2e-06}
[Stage 4/96 L=4] step 1610 | loss_avg=0.0693(100) | First=94.38% | Full=93.75% | lr=2.70e-05 | grad_norm=4.22 | Speed=388.9 samples/s (51.3K toks/s) | 404.7 TFLOPs/s | Stage time=2.8m | seqs/step=48.0 | toks/step=6327 | eff=100.0%
{'loss': 0.085, 'grad_norm': 5.09375, 'learning_rate': 2.7e-05, 'epoch': 3.22e-06}
[Stage 4/96 L=4] step 1620 | loss_avg=0.0646(100) | First=95.62% | Full=94.50% | lr=2.70e-05 | grad_norm=5.09 | Speed=390.1 samples/s (51.4K toks/s) | 405.8 TFLOPs/s | Stage time=2.8m | seqs/step=48.0 | toks/step=6327 | eff=100.0%
{'loss': 0.0762, 'grad_norm': 3.59375, 'learning_rate': 2.7e-05, 'epoch': 3.24e-06}
[CHECK] Stage 4 full=93.88% target>=98.00%
[Stage 4/96 L=4] step 1630 | loss_avg=0.0605(100) | First=94.25% | Full=94.25% | lr=2.70e-05 | grad_norm=3.59 | Speed=390.8 samples/s (51.5K toks/s) | 406.7 TFLOPs/s | Stage time=2.9m | seqs/step=48.0 | toks/step=6330 | eff=100.0%
{'loss': 0.0729, 'grad_norm': 4.875, 'learning_rate': 2.7e-05, 'epoch': 3.26e-06}
[Stage 4/96 L=4] step 1640 | loss_avg=0.0625(100) | First=93.88% | Full=93.25% | lr=2.70e-05 | grad_norm=4.88 | Speed=391.8 samples/s (51.7K toks/s) | 407.7 TFLOPs/s | Stage time=3.0m | seqs/step=48.0 | toks/step=6329 | eff=100.0%
{'loss': 0.0889, 'grad_norm': 4.8125, 'learning_rate': 2.7e-05, 'epoch': 3.28e-06}
[Stage 4/96 L=4] step 1650 | loss_avg=0.0635(100) | First=93.75% | Full=93.25% | lr=2.70e-05 | grad_norm=4.81 | Speed=393.0 samples/s (51.8K toks/s) | 409.1 TFLOPs/s | Stage time=3.1m | seqs/step=48.0 | toks/step=6329 | eff=100.0%
[CHECK] Stage 4 full=93.25% target>=98.00%
{'loss': 0.087, 'grad_norm': 4.09375, 'learning_rate': 2.7e-05, 'epoch': 3.3e-06}
[Stage 4/96 L=4] step 1660 | loss_avg=0.0637(100) | First=94.75% | Full=93.75% | lr=2.70e-05 | grad_norm=4.09 | Speed=393.8 samples/s (51.9K toks/s) | 409.7 TFLOPs/s | Stage time=3.1m | seqs/step=48.0 | toks/step=6327 | eff=100.0%
{'loss': 0.0836, 'grad_norm': 5.375, 'learning_rate': 2.7e-05, 'epoch': 3.32e-06}
[Stage 4/96 L=4] step 1670 | loss_avg=0.0686(100) | First=94.12% | Full=93.75% | lr=2.70e-05 | grad_norm=5.38 | Speed=394.1 samples/s (52.0K toks/s) | 410.1 TFLOPs/s | Stage time=3.2m | seqs/step=48.0 | toks/step=6328 | eff=100.0%
{'loss': 0.0877, 'grad_norm': 3.96875, 'learning_rate': 2.7e-05, 'epoch': 3.34e-06}
[CHECK] Stage 4 full=93.12% target>=98.00%
[Stage 4/96 L=4] step 1680 | loss_avg=0.0683(100) | First=93.00% | Full=92.38% | lr=2.70e-05 | grad_norm=3.97 | Speed=395.2 samples/s (52.1K toks/s) | 411.3 TFLOPs/s | Stage time=3.3m | seqs/step=48.0 | toks/step=6330 | eff=100.0%
{'loss': 0.0838, 'grad_norm': 3.515625, 'learning_rate': 2.7e-05, 'epoch': 3.36e-06}
[Stage 4/96 L=4] step 1690 | loss_avg=0.0693(100) | First=93.75% | Full=93.00% | lr=2.70e-05 | grad_norm=3.52 | Speed=395.3 samples/s (52.1K toks/s) | 411.4 TFLOPs/s | Stage time=3.4m | seqs/step=48.0 | toks/step=6329 | eff=100.0%
{'loss': 0.0933, 'grad_norm': 4.53125, 'learning_rate': 2.7e-05, 'epoch': 3.38e-06}
[Stage 4/96 L=4] step 1700 | loss_avg=0.0700(100) | First=95.88% | Full=95.38% | lr=2.70e-05 | grad_norm=4.53 | Speed=396.2 samples/s (52.2K toks/s) | 412.3 TFLOPs/s | Stage time=3.4m | seqs/step=48.0 | toks/step=6329 | eff=100.0%
[CHECK] Stage 4 full=95.38% target>=98.00%
{'loss': 0.0774, 'grad_norm': 2.890625, 'learning_rate': 2.7e-05, 'epoch': 3.4e-06}
[Stage 4/96 L=4] step 1710 | loss_avg=0.0663(100) | First=94.75% | Full=94.25% | lr=2.70e-05 | grad_norm=2.89 | Speed=396.8 samples/s (52.3K toks/s) | 413.0 TFLOPs/s | Stage time=3.5m | seqs/step=48.0 | toks/step=6328 | eff=100.0%
{'loss': 0.0782, 'grad_norm': 5.5, 'learning_rate': 2.7e-05, 'epoch': 3.42e-06}
[Stage 4/96 L=4] step 1720 | loss_avg=0.0639(100) | First=95.00% | Full=94.38% | lr=2.70e-05 | grad_norm=5.50 | Speed=397.3 samples/s (52.4K toks/s) | 413.6 TFLOPs/s | Stage time=3.6m | seqs/step=48.0 | toks/step=6330 | eff=100.0%
{'loss': 0.0684, 'grad_norm': 4.4375, 'learning_rate': 2.7e-05, 'epoch': 3.44e-06}
[CHECK] Stage 4 full=94.25% target>=98.00%
[Stage 4/96 L=4] step 1730 | loss_avg=0.0634(100) | First=94.38% | Full=94.12% | lr=2.70e-05 | grad_norm=4.44 | Speed=397.7 samples/s (52.4K toks/s) | 413.9 TFLOPs/s | Stage time=3.7m | seqs/step=48.0 | toks/step=6329 | eff=100.0%
{'loss': 0.0671, 'grad_norm': 4.5, 'learning_rate': 2.7e-05, 'epoch': 3.46e-06}
[Stage 4/96 L=4] step 1740 | loss_avg=0.0595(100) | First=95.00% | Full=94.50% | lr=2.70e-05 | grad_norm=4.50 | Speed=398.0 samples/s (52.5K toks/s) | 414.3 TFLOPs/s | Stage time=3.7m | seqs/step=48.0 | toks/step=6330 | eff=100.0%
{'loss': 0.0569, 'grad_norm': 6.0, 'learning_rate': 2.7e-05, 'epoch': 3.48e-06}
[Stage 4/96 L=4] step 1750 | loss_avg=0.0580(100) | First=94.50% | Full=94.00% | lr=2.70e-05 | grad_norm=6.00 | Speed=398.9 samples/s (52.6K toks/s) | 415.2 TFLOPs/s | Stage time=3.8m | seqs/step=48.0 | toks/step=6330 | eff=100.0%
[CHECK] Stage 4 full=94.00% target>=98.00%
{'loss': 0.0781, 'grad_norm': 4.34375, 'learning_rate': 2.7e-05, 'epoch': 3.5e-06}
[Stage 4/96 L=4] step 1760 | loss_avg=0.0576(100) | First=95.12% | Full=95.12% | lr=2.70e-05 | grad_norm=4.34 | Speed=399.4 samples/s (52.7K toks/s) | 415.9 TFLOPs/s | Stage time=3.9m | seqs/step=48.0 | toks/step=6331 | eff=100.0%
{'loss': 0.0724, 'grad_norm': 4.84375, 'learning_rate': 2.7e-05, 'epoch': 3.52e-06}
[Stage 4/96 L=4] step 1770 | loss_avg=0.0600(100) | First=94.12% | Full=93.00% | lr=2.70e-05 | grad_norm=4.84 | Speed=399.5 samples/s (52.7K toks/s) | 415.9 TFLOPs/s | Stage time=4.0m | seqs/step=48.0 | toks/step=6330 | eff=100.0%
{'loss': 0.0851, 'grad_norm': 5.3125, 'learning_rate': 2.7e-05, 'epoch': 3.54e-06}
[CHECK] Stage 4 full=95.88% target>=98.00%
[Stage 4/96 L=4] step 1780 | loss_avg=0.0602(100) | First=95.50% | Full=94.62% | lr=2.70e-05 | grad_norm=5.31 | Speed=400.2 samples/s (52.8K toks/s) | 416.7 TFLOPs/s | Stage time=4.0m | seqs/step=48.0 | toks/step=6332 | eff=100.0%
{'loss': 0.08, 'grad_norm': 4.96875, 'learning_rate': 2.7e-05, 'epoch': 3.56e-06}
[Stage 4/96 L=4] step 1790 | loss_avg=0.0617(100) | First=95.38% | Full=94.88% | lr=2.70e-05 | grad_norm=4.97 | Speed=400.5 samples/s (52.8K toks/s) | 416.9 TFLOPs/s | Stage time=4.1m | seqs/step=48.0 | toks/step=6330 | eff=100.0%
{'loss': 0.0661, 'grad_norm': 4.84375, 'learning_rate': 2.7e-05, 'epoch': 3.58e-06}
[Stage 4/96 L=4] step 1800 | loss_avg=0.0617(100) | First=93.88% | Full=93.50% | lr=2.70e-05 | grad_norm=4.84 | Speed=400.8 samples/s (52.9K toks/s) | 417.2 TFLOPs/s | Stage time=4.2m | seqs/step=48.0 | toks/step=6329 | eff=100.0%
[CHECK] Stage 4 full=93.50% target>=98.00%
{'loss': 0.0782, 'grad_norm': 4.3125, 'learning_rate': 2.7e-05, 'epoch': 3.6e-06}
[Stage 4/96 L=4] step 1810 | loss_avg=0.0634(100) | First=93.38% | Full=92.12% | lr=2.70e-05 | grad_norm=4.31 | Speed=401.3 samples/s (52.9K toks/s) | 417.8 TFLOPs/s | Stage time=4.3m | seqs/step=48.0 | toks/step=6331 | eff=100.0%
{'loss': 0.0826, 'grad_norm': 7.1875, 'learning_rate': 2.7e-05, 'epoch': 3.62e-06}
[Stage 4/96 L=4] step 1820 | loss_avg=0.0599(100) | First=94.50% | Full=93.88% | lr=2.70e-05 | grad_norm=7.19 | Speed=401.6 samples/s (53.0K toks/s) | 418.3 TFLOPs/s | Stage time=4.3m | seqs/step=48.0 | toks/step=6333 | eff=100.0%
{'loss': 0.0674, 'grad_norm': 8.5625, 'learning_rate': 2.7e-05, 'epoch': 3.64e-06}
[CHECK] Stage 4 full=94.75% target>=98.00%
[Stage 4/96 L=4] step 1830 | loss_avg=0.0592(100) | First=96.62% | Full=95.25% | lr=2.70e-05 | grad_norm=8.56 | Speed=402.2 samples/s (53.1K toks/s) | 418.8 TFLOPs/s | Stage time=4.4m | seqs/step=48.0 | toks/step=6332 | eff=100.0%
{'loss': 0.0762, 'grad_norm': 5.5, 'learning_rate': 2.7e-05, 'epoch': 3.66e-06}
[Stage 4/96 L=4] step 1840 | loss_avg=0.0585(100) | First=96.50% | Full=95.88% | lr=2.70e-05 | grad_norm=5.50 | Speed=402.4 samples/s (53.1K toks/s) | 419.0 TFLOPs/s | Stage time=4.5m | seqs/step=48.0 | toks/step=6332 | eff=100.0%
{'loss': 0.0702, 'grad_norm': 5.125, 'learning_rate': 2.7e-05, 'epoch': 3.68e-06}
[Stage 4/96 L=4] step 1850 | loss_avg=0.0569(100) | First=94.62% | Full=93.62% | lr=2.70e-05 | grad_norm=5.12 | Speed=402.7 samples/s (53.1K toks/s) | 419.2 TFLOPs/s | Stage time=4.6m | seqs/step=48.0 | toks/step=6331 | eff=100.0%
[CHECK] Stage 4 full=93.62% target>=98.00%
{'loss': 0.0803, 'grad_norm': 3.28125, 'learning_rate': 2.7e-05, 'epoch': 3.7e-06}
[Stage 4/96 L=4] step 1860 | loss_avg=0.0577(100) | First=95.25% | Full=94.62% | lr=2.70e-05 | grad_norm=3.28 | Speed=403.2 samples/s (53.2K toks/s) | 419.8 TFLOPs/s | Stage time=4.6m | seqs/step=48.0 | toks/step=6331 | eff=100.0%
{'loss': 0.0765, 'grad_norm': 7.03125, 'learning_rate': 2.7e-05, 'epoch': 3.72e-06}
[Stage 4/96 L=4] step 1870 | loss_avg=0.0601(100) | First=96.12% | Full=95.38% | lr=2.70e-05 | grad_norm=7.03 | Speed=403.7 samples/s (53.3K toks/s) | 420.4 TFLOPs/s | Stage time=4.7m | seqs/step=48.0 | toks/step=6332 | eff=100.0%
{'loss': 0.0663, 'grad_norm': 6.84375, 'learning_rate': 2.7e-05, 'epoch': 3.74e-06}
[CHECK] Stage 4 full=95.25% target>=98.00%
[Stage 4/96 L=4] step 1880 | loss_avg=0.0598(100) | First=96.38% | Full=96.00% | lr=2.70e-05 | grad_norm=6.84 | Speed=403.8 samples/s (53.3K toks/s) | 420.4 TFLOPs/s | Stage time=4.8m | seqs/step=48.0 | toks/step=6330 | eff=100.0%
{'loss': 0.0561, 'grad_norm': 4.84375, 'learning_rate': 2.7e-05, 'epoch': 3.76e-06}
[Stage 4/96 L=4] step 1890 | loss_avg=0.0598(100) | First=95.38% | Full=94.62% | lr=2.70e-05 | grad_norm=4.84 | Speed=404.4 samples/s (53.3K toks/s) | 421.1 TFLOPs/s | Stage time=4.9m | seqs/step=48.0 | toks/step=6331 | eff=100.0%
{'loss': 0.0763, 'grad_norm': 4.03125, 'learning_rate': 2.7e-05, 'epoch': 3.78e-06}
[Stage 4/96 L=4] step 1900 | loss_avg=0.0638(100) | First=95.50% | Full=94.50% | lr=2.70e-05 | grad_norm=4.03 | Speed=404.8 samples/s (53.4K toks/s) | 421.5 TFLOPs/s | Stage time=4.9m | seqs/step=48.0 | toks/step=6332 | eff=100.0%
[CHECK] Stage 4 full=94.50% target>=98.00%
{'loss': 0.0648, 'grad_norm': 3.1875, 'learning_rate': 2.7e-05, 'epoch': 3.8e-06}
[Stage 4/96 L=4] step 1910 | loss_avg=0.0597(100) | First=96.62% | Full=96.12% | lr=2.70e-05 | grad_norm=3.19 | Speed=404.7 samples/s (53.4K toks/s) | 421.5 TFLOPs/s | Stage time=5.0m | seqs/step=48.0 | toks/step=6333 | eff=100.0%
{'loss': 0.0576, 'grad_norm': 1.5390625, 'learning_rate': 2.7e-05, 'epoch': 3.82e-06}
[Stage 4/96 L=4] step 1920 | loss_avg=0.0567(100) | First=95.38% | Full=94.88% | lr=2.70e-05 | grad_norm=1.54 | Speed=405.1 samples/s (53.5K toks/s) | 421.9 TFLOPs/s | Stage time=5.1m | seqs/step=48.0 | toks/step=6334 | eff=100.0%
{'loss': 0.0603, 'grad_norm': 4.0, 'learning_rate': 2.7e-05, 'epoch': 3.84e-06}
[CHECK] Stage 4 full=93.88% target>=98.00%
[Stage 4/96 L=4] step 1930 | loss_avg=0.0562(100) | First=96.62% | Full=96.50% | lr=2.70e-05 | grad_norm=4.00 | Speed=405.3 samples/s (53.5K toks/s) | 422.3 TFLOPs/s | Stage time=5.2m | seqs/step=48.0 | toks/step=6337 | eff=100.0%
{'loss': 0.0618, 'grad_norm': 5.90625, 'learning_rate': 2.7e-05, 'epoch': 3.86e-06}
[Stage 4/96 L=4] step 1940 | loss_avg=0.0583(100) | First=95.88% | Full=95.25% | lr=2.70e-05 | grad_norm=5.91 | Speed=405.6 samples/s (53.6K toks/s) | 422.8 TFLOPs/s | Stage time=5.2m | seqs/step=48.0 | toks/step=6338 | eff=100.0%
{'loss': 0.0656, 'grad_norm': 10.4375, 'learning_rate': 2.7e-05, 'epoch': 3.88e-06}
[Stage 4/96 L=4] step 1950 | loss_avg=0.0542(100) | First=95.50% | Full=95.12% | lr=2.70e-05 | grad_norm=10.44 | Speed=405.8 samples/s (53.6K toks/s) | 422.9 TFLOPs/s | Stage time=5.3m | seqs/step=48.0 | toks/step=6338 | eff=100.0%
[CHECK] Stage 4 full=95.13% target>=98.00%
{'loss': 0.0637, 'grad_norm': 7.34375, 'learning_rate': 2.7e-05, 'epoch': 3.9e-06}
[Stage 4/96 L=4] step 1960 | loss_avg=0.0572(100) | First=95.38% | Full=95.00% | lr=2.70e-05 | grad_norm=7.34 | Speed=406.3 samples/s (53.7K toks/s) | 423.5 TFLOPs/s | Stage time=5.4m | seqs/step=48.0 | toks/step=6338 | eff=100.0%
{'loss': 0.0702, 'grad_norm': 7.9375, 'learning_rate': 2.7e-05, 'epoch': 3.92e-06}
[Stage 4/96 L=4] step 1970 | loss_avg=0.0579(100) | First=95.38% | Full=94.62% | lr=2.70e-05 | grad_norm=7.94 | Speed=406.6 samples/s (53.7K toks/s) | 423.8 TFLOPs/s | Stage time=5.5m | seqs/step=48.0 | toks/step=6339 | eff=100.0%
{'loss': 0.0599, 'grad_norm': 3.65625, 'learning_rate': 2.7e-05, 'epoch': 3.94e-06}
[CHECK] Stage 4 full=95.00% target>=98.00%
[Stage 4/96 L=4] step 1980 | loss_avg=0.0569(100) | First=95.50% | Full=95.12% | lr=2.70e-05 | grad_norm=3.66 | Speed=406.9 samples/s (53.7K toks/s) | 424.2 TFLOPs/s | Stage time=5.5m | seqs/step=48.0 | toks/step=6340 | eff=100.0%
{'loss': 0.0695, 'grad_norm': 3.15625, 'learning_rate': 2.7e-05, 'epoch': 3.96e-06}
[Stage 4/96 L=4] step 1990 | loss_avg=0.0527(100) | First=97.38% | Full=96.75% | lr=2.70e-05 | grad_norm=3.16 | Speed=407.0 samples/s (53.8K toks/s) | 424.3 TFLOPs/s | Stage time=5.6m | seqs/step=48.0 | toks/step=6340 | eff=100.0%
{'loss': 0.0571, 'grad_norm': 4.46875, 'learning_rate': 2.7e-05, 'epoch': 3.98e-06}
[Stage 4/96 L=4] step 2000 | loss_avg=0.0533(100) | First=96.50% | Full=95.88% | lr=2.70e-05 | grad_norm=4.47 | Speed=407.3 samples/s (53.8K toks/s) | 424.7 TFLOPs/s | Stage time=5.7m | seqs/step=48.0 | toks/step=6341 | eff=100.0%
[CHECK] Stage 4 full=95.88% target>=98.00%
{'loss': 0.0736, 'grad_norm': 4.90625, 'learning_rate': 2.7e-05, 'epoch': 4e-06}
[Stage 4/96 L=4] step 2010 | loss_avg=0.0524(100) | First=96.12% | Full=95.12% | lr=2.70e-05 | grad_norm=4.91 | Speed=391.4 samples/s (51.7K toks/s) | 408.2 TFLOPs/s | Stage time=6.0m | seqs/step=48.0 | toks/step=6341 | eff=100.0%
{'loss': 0.0708, 'grad_norm': 12.125, 'learning_rate': 2.7e-05, 'epoch': 4.02e-06}
[Stage 4/96 L=4] step 2020 | loss_avg=0.0512(100) | First=97.38% | Full=96.50% | lr=2.70e-05 | grad_norm=12.12 | Speed=391.9 samples/s (51.8K toks/s) | 408.6 TFLOPs/s | Stage time=6.1m | seqs/step=48.0 | toks/step=6341 | eff=100.0%
{'loss': 0.0612, 'grad_norm': 4.71875, 'learning_rate': 2.7e-05, 'epoch': 4.04e-06}
[CHECK] Stage 4 full=96.25% target>=98.00%
[Stage 4/96 L=4] step 2030 | loss_avg=0.0537(100) | First=96.50% | Full=95.25% | lr=2.70e-05 | grad_norm=4.72 | Speed=392.1 samples/s (51.8K toks/s) | 408.9 TFLOPs/s | Stage time=6.2m | seqs/step=48.0 | toks/step=6341 | eff=100.0%
{'loss': 0.0536, 'grad_norm': 5.0, 'learning_rate': 2.7e-05, 'epoch': 4.06e-06}
[Stage 4/96 L=4] step 2040 | loss_avg=0.0543(100) | First=97.00% | Full=96.25% | lr=2.70e-05 | grad_norm=5.00 | Speed=392.4 samples/s (51.8K toks/s) | 409.1 TFLOPs/s | Stage time=6.2m | seqs/step=48.0 | toks/step=6341 | eff=100.0%
{'loss': 0.0539, 'grad_norm': 9.5625, 'learning_rate': 2.7e-05, 'epoch': 4.08e-06}
[Stage 4/96 L=4] step 2050 | loss_avg=0.0520(100) | First=95.50% | Full=95.25% | lr=2.70e-05 | grad_norm=9.56 | Speed=392.6 samples/s (51.9K toks/s) | 409.3 TFLOPs/s | Stage time=6.3m | seqs/step=48.0 | toks/step=6340 | eff=100.0%
[CHECK] Stage 4 full=95.25% target>=98.00%
{'loss': 0.0588, 'grad_norm': 2.640625, 'learning_rate': 2.7e-05, 'epoch': 4.1e-06}
[Stage 4/96 L=4] step 2060 | loss_avg=0.0521(100) | First=95.88% | Full=95.75% | lr=2.70e-05 | grad_norm=2.64 | Speed=392.9 samples/s (51.9K toks/s) | 409.7 TFLOPs/s | Stage time=6.4m | seqs/step=48.0 | toks/step=6341 | eff=100.0%
{'loss': 0.0587, 'grad_norm': 4.46875, 'learning_rate': 2.7e-05, 'epoch': 4.12e-06}
[Stage 4/96 L=4] step 2070 | loss_avg=0.0505(100) | First=96.88% | Full=96.50% | lr=2.70e-05 | grad_norm=4.47 | Speed=393.5 samples/s (52.0K toks/s) | 410.4 TFLOPs/s | Stage time=6.5m | seqs/step=48.0 | toks/step=6342 | eff=100.0%
{'loss': 0.0577, 'grad_norm': 4.59375, 'learning_rate': 2.7e-05, 'epoch': 4.14e-06}
[CHECK] Stage 4 full=95.38% target>=98.00%
[Stage 4/96 L=4] step 2080 | loss_avg=0.0493(100) | First=96.62% | Full=96.38% | lr=2.70e-05 | grad_norm=4.59 | Speed=394.1 samples/s (52.1K toks/s) | 411.1 TFLOPs/s | Stage time=6.5m | seqs/step=48.0 | toks/step=6344 | eff=100.0%
{'loss': 0.0634, 'grad_norm': 5.84375, 'learning_rate': 2.7e-05, 'epoch': 4.16e-06}
[Stage 4/96 L=4] step 2090 | loss_avg=0.0495(100) | First=96.38% | Full=96.12% | lr=2.70e-05 | grad_norm=5.84 | Speed=394.0 samples/s (52.1K toks/s) | 411.0 TFLOPs/s | Stage time=6.6m | seqs/step=48.0 | toks/step=6344 | eff=100.0%
{'loss': 0.0588, 'grad_norm': 4.75, 'learning_rate': 2.7e-05, 'epoch': 4.18e-06}
[Stage 4/96 L=4] step 2100 | loss_avg=0.0503(100) | First=96.88% | Full=96.25% | lr=2.70e-05 | grad_norm=4.75 | Speed=394.5 samples/s (52.1K toks/s) | 411.6 TFLOPs/s | Stage time=6.7m | seqs/step=48.0 | toks/step=6344 | eff=100.0%
[CHECK] Stage 4 full=96.25% target>=98.00%
{'loss': 0.0589, 'grad_norm': 3.5, 'learning_rate': 2.7e-05, 'epoch': 4.2e-06}
[Stage 4/96 L=4] step 2110 | loss_avg=0.0475(100) | First=95.75% | Full=95.12% | lr=2.70e-05 | grad_norm=3.50 | Speed=394.9 samples/s (52.2K toks/s) | 411.9 TFLOPs/s | Stage time=6.8m | seqs/step=48.0 | toks/step=6344 | eff=100.0%
{'loss': 0.0607, 'grad_norm': 4.53125, 'learning_rate': 2.7e-05, 'epoch': 4.22e-06}
[Stage 4/96 L=4] step 2120 | loss_avg=0.0472(100) | First=97.12% | Full=96.38% | lr=2.70e-05 | grad_norm=4.53 | Speed=395.0 samples/s (52.2K toks/s) | 411.9 TFLOPs/s | Stage time=6.8m | seqs/step=48.0 | toks/step=6342 | eff=100.0%
{'loss': 0.0481, 'grad_norm': 1.8359375, 'learning_rate': 2.7e-05, 'epoch': 4.24e-06}
[CHECK] Stage 4 full=96.38% target>=98.00%
[Stage 4/96 L=4] step 2130 | loss_avg=0.0458(100) | First=97.50% | Full=96.12% | lr=2.70e-05 | grad_norm=1.84 | Speed=395.4 samples/s (52.2K toks/s) | 412.4 TFLOPs/s | Stage time=6.9m | seqs/step=48.0 | toks/step=6342 | eff=100.0%
{'loss': 0.0496, 'grad_norm': 5.28125, 'learning_rate': 2.7e-05, 'epoch': 4.26e-06}
[Stage 4/96 L=4] step 2140 | loss_avg=0.0440(100) | First=96.50% | Full=95.88% | lr=2.70e-05 | grad_norm=5.28 | Speed=395.7 samples/s (52.3K toks/s) | 412.7 TFLOPs/s | Stage time=7.0m | seqs/step=48.0 | toks/step=6343 | eff=100.0%
{'loss': 0.0635, 'grad_norm': 2.03125, 'learning_rate': 2.7e-05, 'epoch': 4.28e-06}
[Stage 4/96 L=4] step 2150 | loss_avg=0.0424(100) | First=96.75% | Full=96.50% | lr=2.70e-05 | grad_norm=2.03 | Speed=395.8 samples/s (52.3K toks/s) | 412.9 TFLOPs/s | Stage time=7.1m | seqs/step=48.0 | toks/step=6344 | eff=100.0%
[CHECK] Stage 4 full=96.50% target>=98.00%
{'loss': 0.0452, 'grad_norm': 4.90625, 'learning_rate': 2.7e-05, 'epoch': 4.3e-06}
[Stage 4/96 L=4] step 2160 | loss_avg=0.0421(100) | First=96.50% | Full=96.00% | lr=2.70e-05 | grad_norm=4.91 | Speed=396.1 samples/s (52.3K toks/s) | 413.2 TFLOPs/s | Stage time=7.2m | seqs/step=48.0 | toks/step=6344 | eff=100.0%
{'loss': 0.057, 'grad_norm': 4.9375, 'learning_rate': 2.7e-05, 'epoch': 4.32e-06}
[Stage 4/96 L=4] step 2170 | loss_avg=0.0422(100) | First=97.25% | Full=96.38% | lr=2.70e-05 | grad_norm=4.94 | Speed=396.3 samples/s (52.4K toks/s) | 413.4 TFLOPs/s | Stage time=7.2m | seqs/step=48.0 | toks/step=6344 | eff=100.0%
{'loss': 0.0517, 'grad_norm': 2.125, 'learning_rate': 2.7e-05, 'epoch': 4.34e-06}
[CHECK] Stage 4 full=97.25% target>=98.00%
[Stage 4/96 L=4] step 2180 | loss_avg=0.0420(100) | First=96.12% | Full=95.62% | lr=2.70e-05 | grad_norm=2.12 | Speed=396.7 samples/s (52.4K toks/s) | 414.0 TFLOPs/s | Stage time=7.3m | seqs/step=48.0 | toks/step=6345 | eff=100.0%
{'loss': 0.0459, 'grad_norm': 4.21875, 'learning_rate': 2.7e-05, 'epoch': 4.36e-06}
[Stage 4/96 L=4] step 2190 | loss_avg=0.0409(100) | First=97.00% | Full=96.50% | lr=2.70e-05 | grad_norm=4.22 | Speed=397.0 samples/s (52.5K toks/s) | 414.3 TFLOPs/s | Stage time=7.4m | seqs/step=48.0 | toks/step=6345 | eff=100.0%
{'loss': 0.0547, 'grad_norm': 3.890625, 'learning_rate': 2.7e-05, 'epoch': 4.38e-06}
[Stage 4/96 L=4] step 2200 | loss_avg=0.0436(100) | First=96.50% | Full=96.00% | lr=2.70e-05 | grad_norm=3.89 | Speed=397.2 samples/s (52.5K toks/s) | 414.5 TFLOPs/s | Stage time=7.5m | seqs/step=48.0 | toks/step=6345 | eff=100.0%
[CHECK] Stage 4 full=96.00% target>=98.00%
{'loss': 0.0587, 'grad_norm': 5.21875, 'learning_rate': 2.7e-05, 'epoch': 4.4e-06}
[Stage 4/96 L=4] step 2210 | loss_avg=0.0443(100) | First=96.38% | Full=95.88% | lr=2.70e-05 | grad_norm=5.22 | Speed=397.6 samples/s (52.6K toks/s) | 414.8 TFLOPs/s | Stage time=7.5m | seqs/step=48.0 | toks/step=6345 | eff=100.0%
{'loss': 0.0547, 'grad_norm': 2.65625, 'learning_rate': 2.7e-05, 'epoch': 4.42e-06}
[Stage 4/96 L=4] step 2220 | loss_avg=0.0447(100) | First=96.75% | Full=96.00% | lr=2.70e-05 | grad_norm=2.66 | Speed=397.9 samples/s (52.6K toks/s) | 415.2 TFLOPs/s | Stage time=7.6m | seqs/step=48.0 | toks/step=6345 | eff=100.0%
{'loss': 0.0472, 'grad_norm': 4.59375, 'learning_rate': 2.7e-05, 'epoch': 4.44e-06}
[CHECK] Stage 4 full=96.25% target>=98.00%
[Stage 4/96 L=4] step 2230 | loss_avg=0.0432(100) | First=97.38% | Full=96.62% | lr=2.70e-05 | grad_norm=4.59 | Speed=398.1 samples/s (52.6K toks/s) | 415.4 TFLOPs/s | Stage time=7.7m | seqs/step=48.0 | toks/step=6345 | eff=100.0%
{'loss': 0.054, 'grad_norm': 4.0625, 'learning_rate': 2.7e-05, 'epoch': 4.46e-06}
[Stage 4/96 L=4] step 2240 | loss_avg=0.0477(100) | First=96.38% | Full=95.88% | lr=2.70e-05 | grad_norm=4.06 | Speed=398.3 samples/s (52.7K toks/s) | 415.7 TFLOPs/s | Stage time=7.8m | seqs/step=48.0 | toks/step=6346 | eff=100.0%
{'loss': 0.0561, 'grad_norm': 3.171875, 'learning_rate': 2.7e-05, 'epoch': 4.48e-06}
[Stage 4/96 L=4] step 2250 | loss_avg=0.0443(100) | First=97.50% | Full=96.75% | lr=2.70e-05 | grad_norm=3.17 | Speed=398.5 samples/s (52.7K toks/s) | 415.8 TFLOPs/s | Stage time=7.8m | seqs/step=48.0 | toks/step=6346 | eff=100.0%
[CHECK] Stage 4 full=96.75% target>=98.00%
{'loss': 0.0492, 'grad_norm': 8.6875, 'learning_rate': 2.7e-05, 'epoch': 4.5e-06}
[Stage 4/96 L=4] step 2260 | loss_avg=0.0420(100) | First=98.12% | Full=97.25% | lr=2.70e-05 | grad_norm=8.69 | Speed=398.7 samples/s (52.7K toks/s) | 416.0 TFLOPs/s | Stage time=7.9m | seqs/step=48.0 | toks/step=6346 | eff=100.0%
{'loss': 0.0538, 'grad_norm': 4.34375, 'learning_rate': 2.7e-05, 'epoch': 4.52e-06}
[Stage 4/96 L=4] step 2270 | loss_avg=0.0402(100) | First=98.12% | Full=97.75% | lr=2.70e-05 | grad_norm=4.34 | Speed=398.8 samples/s (52.7K toks/s) | 416.2 TFLOPs/s | Stage time=8.0m | seqs/step=48.0 | toks/step=6345 | eff=100.0%
{'loss': 0.0474, 'grad_norm': 4.21875, 'learning_rate': 2.7e-05, 'epoch': 4.54e-06}
[CHECK] Stage 4 full=96.13% target>=98.00%
[Stage 4/96 L=4] step 2280 | loss_avg=0.0416(100) | First=97.12% | Full=96.38% | lr=2.70e-05 | grad_norm=4.22 | Speed=399.2 samples/s (52.8K toks/s) | 416.6 TFLOPs/s | Stage time=8.1m | seqs/step=48.0 | toks/step=6345 | eff=100.0%
{'loss': 0.0611, 'grad_norm': 4.96875, 'learning_rate': 2.7e-05, 'epoch': 4.56e-06}
[Stage 4/96 L=4] step 2290 | loss_avg=0.0391(100) | First=97.62% | Full=97.50% | lr=2.70e-05 | grad_norm=4.97 | Speed=399.5 samples/s (52.8K toks/s) | 416.9 TFLOPs/s | Stage time=8.1m | seqs/step=48.0 | toks/step=6346 | eff=100.0%
{'loss': 0.045, 'grad_norm': 4.125, 'learning_rate': 2.7e-05, 'epoch': 4.58e-06}
[Stage 4/96 L=4] step 2300 | loss_avg=0.0401(100) | First=97.38% | Full=96.62% | lr=2.70e-05 | grad_norm=4.12 | Speed=399.8 samples/s (52.9K toks/s) | 417.2 TFLOPs/s | Stage time=8.2m | seqs/step=48.0 | toks/step=6346 | eff=100.0%
[CHECK] Stage 4 full=96.63% target>=98.00%
{'loss': 0.0474, 'grad_norm': 5.46875, 'learning_rate': 2.7e-05, 'epoch': 4.6e-06}
[Stage 4/96 L=4] step 2310 | loss_avg=0.0417(100) | First=97.00% | Full=96.50% | lr=2.70e-05 | grad_norm=5.47 | Speed=400.0 samples/s (52.9K toks/s) | 417.4 TFLOPs/s | Stage time=8.3m | seqs/step=48.0 | toks/step=6346 | eff=100.0%
{'loss': 0.0471, 'grad_norm': 5.0, 'learning_rate': 2.7e-05, 'epoch': 4.62e-06}
[Stage 4/96 L=4] step 2320 | loss_avg=0.0417(100) | First=97.25% | Full=96.75% | lr=2.70e-05 | grad_norm=5.00 | Speed=400.3 samples/s (52.9K toks/s) | 417.8 TFLOPs/s | Stage time=8.4m | seqs/step=48.0 | toks/step=6347 | eff=100.0%
{'loss': 0.0349, 'grad_norm': 3.15625, 'learning_rate': 2.7e-05, 'epoch': 4.64e-06}
[CHECK] Stage 4 full=97.50% target>=98.00%
[Stage 4/96 L=4] step 2330 | loss_avg=0.0412(100) | First=98.25% | Full=97.12% | lr=2.70e-05 | grad_norm=3.16 | Speed=400.4 samples/s (52.9K toks/s) | 417.9 TFLOPs/s | Stage time=8.4m | seqs/step=48.0 | toks/step=6347 | eff=100.0%
{'loss': 0.0478, 'grad_norm': 6.0, 'learning_rate': 2.7e-05, 'epoch': 4.66e-06}
[Stage 4/96 L=4] step 2340 | loss_avg=0.0397(100) | First=97.00% | Full=96.25% | lr=2.70e-05 | grad_norm=6.00 | Speed=400.7 samples/s (53.0K toks/s) | 418.2 TFLOPs/s | Stage time=8.5m | seqs/step=48.0 | toks/step=6346 | eff=100.0%
{'loss': 0.0452, 'grad_norm': 3.671875, 'learning_rate': 2.7e-05, 'epoch': 4.68e-06}
[Stage 4/96 L=4] step 2350 | loss_avg=0.0376(100) | First=98.00% | Full=97.88% | lr=2.70e-05 | grad_norm=3.67 | Speed=401.0 samples/s (53.0K toks/s) | 418.4 TFLOPs/s | Stage time=8.6m | seqs/step=48.0 | toks/step=6346 | eff=100.0%
[CHECK] Stage 4 full=97.87% target>=98.00%
{'loss': 0.0348, 'grad_norm': 2.453125, 'learning_rate': 2.7e-05, 'epoch': 4.7e-06}
[Stage 4/96 L=4] step 2360 | loss_avg=0.0345(100) | First=98.12% | Full=97.38% | lr=2.70e-05 | grad_norm=2.45 | Speed=401.0 samples/s (53.0K toks/s) | 418.4 TFLOPs/s | Stage time=8.7m | seqs/step=48.0 | toks/step=6346 | eff=100.0%
{'loss': 0.0334, 'grad_norm': 3.125, 'learning_rate': 2.7e-05, 'epoch': 4.72e-06}
[Stage 4/96 L=4] step 2370 | loss_avg=0.0334(100) | First=96.88% | Full=96.88% | lr=2.70e-05 | grad_norm=3.12 | Speed=401.2 samples/s (53.0K toks/s) | 418.7 TFLOPs/s | Stage time=8.7m | seqs/step=48.0 | toks/step=6346 | eff=100.0%
{'loss': 0.0389, 'grad_norm': 4.25, 'learning_rate': 2.7e-05, 'epoch': 4.74e-06}
[CHECK] Stage 4 full=97.00% target>=98.00%
[Stage 4/96 L=4] step 2380 | loss_avg=0.0331(100) | First=97.25% | Full=96.62% | lr=2.70e-05 | grad_norm=4.25 | Speed=401.2 samples/s (53.0K toks/s) | 418.6 TFLOPs/s | Stage time=8.8m | seqs/step=48.0 | toks/step=6345 | eff=100.0%
{'loss': 0.0451, 'grad_norm': 2.109375, 'learning_rate': 2.7e-05, 'epoch': 4.76e-06}
[Stage 4/96 L=4] step 2390 | loss_avg=0.0327(100) | First=97.38% | Full=97.00% | lr=2.70e-05 | grad_norm=2.11 | Speed=401.6 samples/s (53.1K toks/s) | 418.9 TFLOPs/s | Stage time=8.9m | seqs/step=48.0 | toks/step=6344 | eff=100.0%
{'loss': 0.0437, 'grad_norm': 6.8125, 'learning_rate': 2.7e-05, 'epoch': 4.78e-06}
[Stage 4/96 L=4] step 2400 | loss_avg=0.0310(100) | First=97.75% | Full=97.25% | lr=2.70e-05 | grad_norm=6.81 | Speed=401.9 samples/s (53.1K toks/s) | 419.4 TFLOPs/s | Stage time=9.0m | seqs/step=48.0 | toks/step=6345 | eff=100.0%
[CHECK] Stage 4 full=97.25% target>=98.00%
{'loss': 0.0396, 'grad_norm': 4.5, 'learning_rate': 2.7e-05, 'epoch': 4.8e-06}
[Stage 4/96 L=4] step 2410 | loss_avg=0.0301(100) | First=98.38% | Full=97.50% | lr=2.70e-05 | grad_norm=4.50 | Speed=402.1 samples/s (53.1K toks/s) | 419.5 TFLOPs/s | Stage time=9.0m | seqs/step=48.0 | toks/step=6345 | eff=100.0%
{'loss': 0.035, 'grad_norm': 6.78125, 'learning_rate': 2.7e-05, 'epoch': 4.82e-06}
[Stage 4/96 L=4] step 2420 | loss_avg=0.0281(100) | First=98.00% | Full=97.62% | lr=2.70e-05 | grad_norm=6.78 | Speed=402.3 samples/s (53.2K toks/s) | 419.8 TFLOPs/s | Stage time=9.1m | seqs/step=48.0 | toks/step=6346 | eff=100.0%
{'loss': 0.0396, 'grad_norm': 3.640625, 'learning_rate': 2.7e-05, 'epoch': 4.84e-06}
[CHECK] Stage 4 full=97.50% target>=98.00%
[Stage 4/96 L=4] step 2430 | loss_avg=0.0286(100) | First=98.12% | Full=97.38% | lr=2.70e-05 | grad_norm=3.64 | Speed=402.6 samples/s (53.2K toks/s) | 420.1 TFLOPs/s | Stage time=9.2m | seqs/step=48.0 | toks/step=6347 | eff=100.0%
{'loss': 0.0459, 'grad_norm': 3.84375, 'learning_rate': 2.7e-05, 'epoch': 4.86e-06}
[Stage 4/96 L=4] step 2440 | loss_avg=0.0281(100) | First=97.00% | Full=96.25% | lr=2.70e-05 | grad_norm=3.84 | Speed=402.7 samples/s (53.2K toks/s) | 420.3 TFLOPs/s | Stage time=9.3m | seqs/step=48.0 | toks/step=6347 | eff=100.0%
{'loss': 0.047, 'grad_norm': 2.4375, 'learning_rate': 2.7e-05, 'epoch': 4.88e-06}
[Stage 4/96 L=4] step 2450 | loss_avg=0.0289(100) | First=98.25% | Full=97.62% | lr=2.70e-05 | grad_norm=2.44 | Speed=402.9 samples/s (53.3K toks/s) | 420.5 TFLOPs/s | Stage time=9.3m | seqs/step=48.0 | toks/step=6347 | eff=100.0%
[CHECK] Stage 4 full=97.62% target>=98.00%
{'loss': 0.0347, 'grad_norm': 4.5625, 'learning_rate': 2.7e-05, 'epoch': 4.9e-06}
[Stage 4/96 L=4] step 2460 | loss_avg=0.0297(100) | First=97.75% | Full=97.00% | lr=2.70e-05 | grad_norm=4.56 | Speed=403.1 samples/s (53.3K toks/s) | 420.7 TFLOPs/s | Stage time=9.4m | seqs/step=48.0 | toks/step=6347 | eff=100.0%
{'loss': 0.0426, 'grad_norm': 2.5625, 'learning_rate': 2.7e-05, 'epoch': 4.92e-06}
[Stage 4/96 L=4] step 2470 | loss_avg=0.0304(100) | First=97.88% | Full=97.38% | lr=2.70e-05 | grad_norm=2.56 | Speed=403.2 samples/s (53.3K toks/s) | 420.9 TFLOPs/s | Stage time=9.5m | seqs/step=48.0 | toks/step=6347 | eff=100.0%
{'loss': 0.0337, 'grad_norm': 4.84375, 'learning_rate': 2.7e-05, 'epoch': 4.94e-06}
[CHECK] Stage 4 full=96.88% target>=98.00%
[Stage 4/96 L=4] step 2480 | loss_avg=0.0319(100) | First=97.38% | Full=97.12% | lr=2.70e-05 | grad_norm=4.84 | Speed=403.2 samples/s (53.3K toks/s) | 420.8 TFLOPs/s | Stage time=9.6m | seqs/step=48.0 | toks/step=6347 | eff=100.0%
{'loss': 0.0454, 'grad_norm': 6.0625, 'learning_rate': 2.7e-05, 'epoch': 4.96e-06}
[Stage 4/96 L=4] step 2490 | loss_avg=0.0318(100) | First=97.88% | Full=96.62% | lr=2.70e-05 | grad_norm=6.06 | Speed=403.4 samples/s (53.3K toks/s) | 421.0 TFLOPs/s | Stage time=9.6m | seqs/step=48.0 | toks/step=6347 | eff=100.0%
{'loss': 0.0466, 'grad_norm': 6.75, 'learning_rate': 2.7e-05, 'epoch': 4.98e-06}
[Stage 4/96 L=4] step 2500 | loss_avg=0.0332(100) | First=97.50% | Full=97.25% | lr=2.70e-05 | grad_norm=6.75 | Speed=403.6 samples/s (53.4K toks/s) | 421.2 TFLOPs/s | Stage time=9.7m | seqs/step=48.0 | toks/step=6346 | eff=100.0%
[CHECK] Stage 4 full=97.25% target>=98.00%
{'loss': 0.0481, 'grad_norm': 2.609375, 'learning_rate': 2.7e-05, 'epoch': 5e-06}
[Stage 4/96 L=4] step 2510 | loss_avg=0.0339(100) | First=98.25% | Full=97.88% | lr=2.70e-05 | grad_norm=2.61 | Speed=394.2 samples/s (52.1K toks/s) | 411.4 TFLOPs/s | Stage time=10.0m | seqs/step=48.0 | toks/step=6346 | eff=100.0%
{'loss': 0.037, 'grad_norm': 6.625, 'learning_rate': 2.7e-05, 'epoch': 5.02e-06}
[Stage 4/96 L=4] step 2520 | loss_avg=0.0337(100) | First=98.50% | Full=98.25% | lr=2.70e-05 | grad_norm=6.62 | Speed=394.4 samples/s (52.1K toks/s) | 411.5 TFLOPs/s | Stage time=10.1m | seqs/step=48.0 | toks/step=6346 | eff=100.0%
{'loss': 0.0442, 'grad_norm': 1.7265625, 'learning_rate': 2.7e-05, 'epoch': 5.04e-06}
[CHECK] Stage 4 full=97.75% target>=98.00%
[Stage 4/96 L=4] step 2530 | loss_avg=0.0317(100) | First=97.12% | Full=96.38% | lr=2.70e-05 | grad_norm=1.73 | Speed=394.6 samples/s (52.2K toks/s) | 411.8 TFLOPs/s | Stage time=10.2m | seqs/step=48.0 | toks/step=6345 | eff=100.0%
{'loss': 0.0448, 'grad_norm': 4.90625, 'learning_rate': 2.7e-05, 'epoch': 5.06e-06}
[Stage 4/96 L=4] step 2540 | loss_avg=0.0302(100) | First=98.50% | Full=98.00% | lr=2.70e-05 | grad_norm=4.91 | Speed=394.9 samples/s (52.2K toks/s) | 412.0 TFLOPs/s | Stage time=10.3m | seqs/step=48.0 | toks/step=6345 | eff=100.0%
{'loss': 0.0435, 'grad_norm': 1.765625, 'learning_rate': 2.7e-05, 'epoch': 5.08e-06}
[Stage 4/96 L=4] step 2550 | loss_avg=0.0295(100) | First=97.88% | Full=97.75% | lr=2.70e-05 | grad_norm=1.77 | Speed=394.9 samples/s (52.2K toks/s) | 412.1 TFLOPs/s | Stage time=10.3m | seqs/step=48.0 | toks/step=6346 | eff=100.0%
[CHECK] Stage 4 full=97.75% target>=98.00%
{'loss': 0.0336, 'grad_norm': 5.5, 'learning_rate': 2.7e-05, 'epoch': 5.1e-06}
[Stage 4/96 L=4] step 2560 | loss_avg=0.0267(100) | First=98.50% | Full=98.00% | lr=2.70e-05 | grad_norm=5.50 | Speed=395.2 samples/s (52.3K toks/s) | 412.4 TFLOPs/s | Stage time=10.4m | seqs/step=48.0 | toks/step=6347 | eff=100.0%
{'loss': 0.0284, 'grad_norm': 4.21875, 'learning_rate': 2.7e-05, 'epoch': 5.12e-06}
[Stage 4/96 L=4] step 2570 | loss_avg=0.0282(100) | First=98.12% | Full=97.88% | lr=2.70e-05 | grad_norm=4.22 | Speed=395.4 samples/s (52.3K toks/s) | 412.6 TFLOPs/s | Stage time=10.5m | seqs/step=48.0 | toks/step=6346 | eff=100.0%
{'loss': 0.0355, 'grad_norm': 3.421875, 'learning_rate': 2.7e-05, 'epoch': 5.14e-06}
[CHECK] Stage 4 full=97.87% target>=98.00%
[Stage 4/96 L=4] step 2580 | loss_avg=0.0264(100) | First=97.88% | Full=97.25% | lr=2.70e-05 | grad_norm=3.42 | Speed=395.6 samples/s (52.3K toks/s) | 412.9 TFLOPs/s | Stage time=10.6m | seqs/step=48.0 | toks/step=6346 | eff=100.0%
{'loss': 0.0288, 'grad_norm': 5.4375, 'learning_rate': 2.7e-05, 'epoch': 5.16e-06}
[Stage 4/96 L=4] step 2590 | loss_avg=0.0263(100) | First=98.75% | Full=98.62% | lr=2.70e-05 | grad_norm=5.44 | Speed=395.7 samples/s (52.3K toks/s) | 413.0 TFLOPs/s | Stage time=10.6m | seqs/step=48.0 | toks/step=6346 | eff=100.0%
{'loss': 0.0354, 'grad_norm': 1.546875, 'learning_rate': 2.7e-05, 'epoch': 5.18e-06}
[Stage 4/96 L=4] step 2600 | loss_avg=0.0256(100) | First=97.88% | Full=97.50% | lr=2.70e-05 | grad_norm=1.55 | Speed=396.1 samples/s (52.4K toks/s) | 413.4 TFLOPs/s | Stage time=10.7m | seqs/step=48.0 | toks/step=6347 | eff=100.0%
[CHECK] Stage 4 full=97.50% target>=98.00%
{'loss': 0.0351, 'grad_norm': 1.2109375, 'learning_rate': 2.7e-05, 'epoch': 5.2e-06}
[Stage 4/96 L=4] step 2610 | loss_avg=0.0276(100) | First=98.38% | Full=97.75% | lr=2.70e-05 | grad_norm=1.21 | Speed=396.4 samples/s (52.4K toks/s) | 413.7 TFLOPs/s | Stage time=10.8m | seqs/step=48.0 | toks/step=6347 | eff=100.0%
{'loss': 0.0344, 'grad_norm': 1.390625, 'learning_rate': 2.7e-05, 'epoch': 5.22e-06}
[Stage 4/96 L=4] step 2620 | loss_avg=0.0266(100) | First=98.62% | Full=98.38% | lr=2.70e-05 | grad_norm=1.39 | Speed=396.5 samples/s (52.4K toks/s) | 413.9 TFLOPs/s | Stage time=10.9m | seqs/step=48.0 | toks/step=6347 | eff=100.0%
{'loss': 0.0342, 'grad_norm': 3.109375, 'learning_rate': 2.7e-05, 'epoch': 5.24e-06}
[CHECK] Stage 4 full=97.75% target>=98.00%
[Stage 4/96 L=4] step 2630 | loss_avg=0.0265(100) | First=97.62% | Full=97.25% | lr=2.70e-05 | grad_norm=3.11 | Speed=396.7 samples/s (52.5K toks/s) | 414.0 TFLOPs/s | Stage time=10.9m | seqs/step=48.0 | toks/step=6348 | eff=100.0%
{'loss': 0.0317, 'grad_norm': 5.46875, 'learning_rate': 2.7e-05, 'epoch': 5.26e-06}
[Stage 4/96 L=4] step 2640 | loss_avg=0.0271(100) | First=98.38% | Full=98.00% | lr=2.70e-05 | grad_norm=5.47 | Speed=397.0 samples/s (52.5K toks/s) | 414.3 TFLOPs/s | Stage time=11.0m | seqs/step=48.0 | toks/step=6348 | eff=100.0%
{'loss': 0.034, 'grad_norm': 3.859375, 'learning_rate': 2.7e-05, 'epoch': 5.28e-06}
[Stage 4/96 L=4] step 2650 | loss_avg=0.0276(100) | First=98.88% | Full=97.88% | lr=2.70e-05 | grad_norm=3.86 | Speed=397.1 samples/s (52.5K toks/s) | 414.5 TFLOPs/s | Stage time=11.1m | seqs/step=48.0 | toks/step=6348 | eff=100.0%
[CHECK] Stage 4 full=97.87% target>=98.00%
{'loss': 0.036, 'grad_norm': 6.46875, 'learning_rate': 2.7e-05, 'epoch': 5.3e-06}
[Stage 4/96 L=4] step 2660 | loss_avg=0.0271(100) | First=98.50% | Full=98.12% | lr=2.70e-05 | grad_norm=6.47 | Speed=397.2 samples/s (52.5K toks/s) | 414.7 TFLOPs/s | Stage time=11.2m | seqs/step=48.0 | toks/step=6348 | eff=100.0%
{'loss': 0.0277, 'grad_norm': 12.6875, 'learning_rate': 2.7e-05, 'epoch': 5.32e-06}
