[Sat Oct 10 03:56:22 UTC 2026] [WRAPPER] GPUs=0,1,2,3 (Spot H100 us-east4-a) Starting/Resuming exp2_pythia14b_step100000 (revision=step100000) on nl-exp2-spot-step100000
W1010 03:56:25.512000 23962 torch/distributed/run.py:792] 
W1010 03:56:25.512000 23962 torch/distributed/run.py:792] *****************************************
W1010 03:56:25.512000 23962 torch/distributed/run.py:792] Setting OMP_NUM_THREADS environment variable for each process to be 1 in default, to avoid your system being overloaded, please further tune the variable for optimal performance in your application as needed. 
W1010 03:56:25.512000 23962 torch/distributed/run.py:792] *****************************************
C++ module `generator` loaded.
C++ module `generator` loaded.
FlashAttention available: True
PyTorch version: 2.6.0+cu124
[CURRICULUM] Linear lookahead mode: L=1 to 96, step=1
[CURRICULUM] Expected stages: 96
C++ module `generator` loaded.
C++ module `generator` loaded.
[DISTRIBUTED] Initialized rank 0/4 on device cuda:0
[SEED] Setting all random seeds to 1234

============================================================
          accuracy_threshold: 0.98
             accuracy_window: 800
                  base_alpha: 0.1
              base_lookahead: 1
                  batch_size: 24
                     breadth: 2
                   cache_dir: None
               ce_chunk_size: 4096
                 check_every: 25
                 do_baseline: False
               do_final_eval: False
               do_stage_eval: True
            eval_every_steps: 0
                eval_samples: 500
     first_token_soft_weight: 0.0
 gradient_accumulation_steps: 2
      gradient_checkpointing: True
                      job_id: exp2_pythia14b_step100000
               learning_rate: 2.7e-05
            linear_lookahead: True
              lookahead_step: 1
                lora_dropout: 0.1
                   lora_rank: 16
                   max_alpha: 1.0
              max_input_size: 576
               max_lookahead: 96
            max_total_pflops: 500000.0
             max_train_steps: 0
         min_steps_per_stage: 200
           mix_pretrain_data: None
        mix_pretrain_max_len: 2048
          mix_pretrain_ratio: 0.1
         mix_pretrain_subset: None
                  model_name: EleutherAI/pythia-1.4b
                    n_stages: 96
                       optim: adamw_torch_fused
                  output_dir: /root/nl_output/search/job_exp2_pythia14b_step100000
               persist_every: 0
         print_eval_examples: 0
              reinit_weights: False
             resume_from_job: None
                resume_stage: None
         resume_weights_path: None
                    revision: step100000
      save_pflops_milestones: 
                  save_steps: 500
            save_total_limit: 2
                 scratch_dir: /scratch/user
                        seed: 1234
            shuffled_mixture: None
       skip_stage_alpha_eval: False
            stage_eval_every: 8
                        task: search
           use_chat_template: False
                   use_liger: False
                    use_lora: False
                  vocab_pool: none
============================================================

[CKPT] Output root       : /root/nl_output
[CKPT] Task output base  : /root/nl_output/search
[CKPT] This run dir      : /root/nl_output/search/job_exp2_pythia14b_step100000 

[CKPT] Fresh start
[ATTN-KERNEL] NL_ATTN_KERNEL=fa2 -> attn_implementation=flash_attention_2 (hopper=True); in-run evals use sdpa
Loading checkpoint shards:   0%|          | 0/2 [00:00<?, ?it/s]Loading checkpoint shards:   0%|          | 0/2 [00:00<?, ?it/s]Loading checkpoint shards:   0%|          | 0/2 [00:00<?, ?it/s]Loading checkpoint shards:   0%|          | 0/2 [00:00<?, ?it/s]Loading checkpoint shards:  50%|█████     | 1/2 [00:01<00:01,  1.54s/it]Loading checkpoint shards:  50%|█████     | 1/2 [00:01<00:01,  1.57s/it]Loading checkpoint shards:  50%|█████     | 1/2 [00:01<00:01,  1.53s/it]Loading checkpoint shards:  50%|█████     | 1/2 [00:01<00:01,  1.55s/it]Loading checkpoint shards: 100%|██████████| 2/2 [00:01<00:00,  1.31it/s]Loading checkpoint shards: 100%|██████████| 2/2 [00:01<00:00,  1.14it/s]
Loading checkpoint shards: 100%|██████████| 2/2 [00:01<00:00,  1.34it/s]Loading checkpoint shards: 100%|██████████| 2/2 [00:01<00:00,  1.16it/s]
Loading checkpoint shards: 100%|██████████| 2/2 [00:01<00:00,  1.29it/s]Loading checkpoint shards: 100%|██████████| 2/2 [00:01<00:00,  1.12it/s]
[INIT] Loaded EleutherAI/pythia-1.4b at revision=step100000
[ATTENTION] Using: flash_attention_2
[FLASH] flash_sdp_enabled: True
[FLASH] mem_efficient_sdp_enabled: True
[FLASH] math_sdp_enabled: True
[ATTN-KERNEL] verified: config._attn_implementation=flash_attention_2; varlen kernel from flash_attn.flash_attn_interface; 24 gpt_neox decoder layers are GradientCheckpointingLayer
[MEM] model.config.use_cache = False (training)
trainable params: 1,414,647,808 || all params: 1,414,647,808 || trainable%: 100.0000
[EVAL-DATA] Generating eval sets (once for all evals)...
Loading checkpoint shards: 100%|██████████| 2/2 [00:01<00:00,  1.32it/s]Loading checkpoint shards: 100%|██████████| 2/2 [00:01<00:00,  1.14it/s]
[EVAL-DATA] Hard (alpha=1.0): n=500, fingerprint=ebe682697aee
[EVAL-DATA] Easy (alpha=0.1): n=500, fingerprint=3fbd7826fc0b
[DATASET] Using PackedSequenceDataset (batch_size=24)
[DATASET] Packed Map-style | batch_size=24 | epoch_size=1000000000
[PFLOPS] Will stop training at 500000.0 PFLOPS
[DDP] cross-rank gradient averaging: OFF (status quo: compute_loss bypasses DistributedDataParallel.forward, so each rank trains its own replica between checkpoint reloads; set NL_DDP_GRAD_AVERAGE=1 to all-reduce)
[HEAD] NL_HEAD=sparse: lm_head/argmax/CE on labelled rows only (valid_mask), in --ce_chunk_size=4096 row pieces; per-step rows logged as head_rows next to tokens in loss_history (achieved_tflops counts executed FLOPs; cumulative PFLOPs stay 6N*tokens, which overstates this path)
[FLOPS] Model has 1.41B params, ~8.5B FLOPs/token
[FLOPS] Output head: N_head=103.0M params, 6*N_head=0.62B FLOPs per head row; NL_HEAD=sparse: achieved_tflops counts executed FLOPs (6(N-N_head)*tokens + 6*N_head*head_rows)
The tokenizer has new PAD/BOS/EOS tokens that differ from the model config and generation config. The model config and generation config were aligned accordingly, being updated with the tokenizer's values. Updated tokens: {'pad_token_id': 0}.
The tokenizer has new PAD/BOS/EOS tokens that differ from the model config and generation config. The model config and generation config were aligned accordingly, being updated with the tokenizer's values. Updated tokens: {'pad_token_id': 0}.
The tokenizer has new PAD/BOS/EOS tokens that differ from the model config and generation config. The model config and generation config were aligned accordingly, being updated with the tokenizer's values. Updated tokens: {'pad_token_id': 0}.
[RANK 0] Saved config to /root/nl_output/search/job_exp2_pythia14b_step100000/run_config.json: {'batch_size': 24, 'grad_acc': 2, 'master_port': 29500, 'provenance': {'head': 'sparse', 'revision': 'step100000', 'attn_implementation': 'flash_attention_2', 'NL_ATTN_KERNEL': 'fa2', 'NL_CKPT_EVERY_N_LAYERS': '1', 'NL_CKPT_RELAX_MAX_TOKENS': '0', 'NL_DDP_GRAD_AVERAGE': '0', 'FLASH_ATTENTION_DETERMINISTIC': None, 'CUBLAS_WORKSPACE_CONFIG': None, 'versions': {'torch': '2.6.0+cu124', 'transformers': '4.57.5', 'flash_attn': '2.7.4.post1', 'flash_attn_3': None, 'liger_kernel': '0.5.10', 'peft': '0.18.1'}}}

[TRAIN] Starting training...

[CKPT-GATE] recomputing every 1 layer(s) at 1,795 tokens/micro-batch (every_n=1, relax_max=0)
[Stage 1/96 L=1] step 10 | loss_avg=0.1862(20) | First=100.00% | Full=100.00% | lr=0.00e+00 | grad_norm=0.00 | Speed=629.3 samples/s (47.2K toks/s) | 373.3 TFLOPs/s | Stage time=0.1m | seqs/step=48.0 | toks/step=3599 | eff=100.0%
{'loss': 0.3662, 'grad_norm': 0.06396484375, 'learning_rate': 2.7e-05, 'epoch': 2e-08}
[Stage 1/96 L=1] step 20 | loss_avg=0.0931(40) | First=100.00% | Full=100.00% | lr=2.70e-05 | grad_norm=0.06 | Speed=726.6 samples/s (54.6K toks/s) | 432.0 TFLOPs/s | Stage time=0.1m | seqs/step=48.0 | toks/step=3607 | eff=100.0%
{'loss': 0.0006, 'grad_norm': 0.047119140625, 'learning_rate': 2.7e-05, 'epoch': 4e-08}
[Stage 1/96 L=1] step 30 | loss_avg=0.0621(60) | First=100.00% | Full=100.00% | lr=2.70e-05 | grad_norm=0.05 | Speed=781.6 samples/s (58.8K toks/s) | 465.5 TFLOPs/s | Stage time=0.1m | seqs/step=48.0 | toks/step=3614 | eff=100.0%
{'loss': 0.0002, 'grad_norm': 0.043701171875, 'learning_rate': 2.7e-05, 'epoch': 6e-08}
[Stage 1/96 L=1] step 40 | loss_avg=0.0466(80) | First=100.00% | Full=99.88% | lr=2.70e-05 | grad_norm=0.04 | Speed=811.7 samples/s (61.0K toks/s) | 482.4 TFLOPs/s | Stage time=0.2m | seqs/step=48.0 | toks/step=3606 | eff=100.0%
{'loss': 0.0005, 'grad_norm': 0.02099609375, 'learning_rate': 2.7e-05, 'epoch': 8e-08}
[Stage 1/96 L=1] step 50 | loss_avg=0.0373(100) | First=100.00% | Full=100.00% | lr=2.70e-05 | grad_norm=0.02 | Speed=831.6 samples/s (62.6K toks/s) | 495.1 TFLOPs/s | Stage time=0.2m | seqs/step=48.0 | toks/step=3613 | eff=100.0%
{'loss': 0.0002, 'grad_norm': 0.004730224609375, 'learning_rate': 2.7e-05, 'epoch': 1e-07}
[Stage 1/96 L=1] step 60 | loss_avg=0.0001(100) | First=100.00% | Full=100.00% | lr=2.70e-05 | grad_norm=0.00 | Speed=830.9 samples/s (62.6K toks/s) | 495.5 TFLOPs/s | Stage time=0.2m | seqs/step=48.0 | toks/step=3618 | eff=100.0%
{'loss': 0.0003, 'grad_norm': 0.0191650390625, 'learning_rate': 2.7e-05, 'epoch': 1.2e-07}
[Stage 1/96 L=1] step 70 | loss_avg=0.0001(100) | First=100.00% | Full=100.00% | lr=2.70e-05 | grad_norm=0.02 | Speed=842.9 samples/s (63.6K toks/s) | 503.2 TFLOPs/s | Stage time=0.3m | seqs/step=48.0 | toks/step=3623 | eff=100.0%
{'loss': 0.0003, 'grad_norm': 0.00860595703125, 'learning_rate': 2.7e-05, 'epoch': 1.4e-07}
[Stage 1/96 L=1] step 80 | loss_avg=0.0001(100) | First=100.00% | Full=100.00% | lr=2.70e-05 | grad_norm=0.01 | Speed=851.6 samples/s (64.3K toks/s) | 508.7 TFLOPs/s | Stage time=0.3m | seqs/step=48.0 | toks/step=3624 | eff=100.0%
{'loss': 0.0005, 'grad_norm': 0.169921875, 'learning_rate': 2.7e-05, 'epoch': 1.6e-07}
[Stage 1/96 L=1] step 90 | loss_avg=0.0001(100) | First=100.00% | Full=100.00% | lr=2.70e-05 | grad_norm=0.17 | Speed=837.9 samples/s (63.2K toks/s) | 500.0 TFLOPs/s | Stage time=0.3m | seqs/step=48.0 | toks/step=3621 | eff=100.0%
{'loss': 0.0002, 'grad_norm': 0.008544921875, 'learning_rate': 2.7e-05, 'epoch': 1.8e-07}
[Stage 1/96 L=1] step 100 | loss_avg=0.0001(100) | First=99.88% | Full=99.88% | lr=2.70e-05 | grad_norm=0.01 | Speed=844.9 samples/s (63.7K toks/s) | 504.3 TFLOPs/s | Stage time=0.4m | seqs/step=48.0 | toks/step=3622 | eff=100.0%
{'loss': 0.0007, 'grad_norm': 0.00323486328125, 'learning_rate': 2.7e-05, 'epoch': 2e-07}
[Stage 1/96 L=1] step 110 | loss_avg=0.0001(100) | First=100.00% | Full=100.00% | lr=2.70e-05 | grad_norm=0.00 | Speed=840.8 samples/s (63.4K toks/s) | 501.7 TFLOPs/s | Stage time=0.4m | seqs/step=48.0 | toks/step=3620 | eff=100.0%
{'loss': 0.0002, 'grad_norm': 0.031005859375, 'learning_rate': 2.7e-05, 'epoch': 2.2e-07}
[Stage 1/96 L=1] step 120 | loss_avg=0.0007(100) | First=100.00% | Full=100.00% | lr=2.70e-05 | grad_norm=0.03 | Speed=843.3 samples/s (63.7K toks/s) | 503.6 TFLOPs/s | Stage time=0.5m | seqs/step=48.0 | toks/step=3623 | eff=100.0%
{'loss': 0.0027, 'grad_norm': 0.06494140625, 'learning_rate': 2.7e-05, 'epoch': 2.4e-07}
[Stage 1/96 L=1] step 130 | loss_avg=0.0009(100) | First=100.00% | Full=100.00% | lr=2.70e-05 | grad_norm=0.06 | Speed=840.7 samples/s (63.5K toks/s) | 502.1 TFLOPs/s | Stage time=0.5m | seqs/step=48.0 | toks/step=3624 | eff=100.0%
{'loss': 0.0011, 'grad_norm': 0.014404296875, 'learning_rate': 2.7e-05, 'epoch': 2.6e-07}
[Stage 1/96 L=1] step 140 | loss_avg=0.0019(100) | First=99.75% | Full=99.75% | lr=2.70e-05 | grad_norm=0.01 | Speed=838.6 samples/s (63.4K toks/s) | 501.4 TFLOPs/s | Stage time=0.5m | seqs/step=48.0 | toks/step=3628 | eff=100.0%
{'loss': 0.0039, 'grad_norm': 0.0224609375, 'learning_rate': 2.7e-05, 'epoch': 2.8e-07}
[Stage 1/96 L=1] step 150 | loss_avg=0.0019(100) | First=100.00% | Full=100.00% | lr=2.70e-05 | grad_norm=0.02 | Speed=840.3 samples/s (63.5K toks/s) | 502.2 TFLOPs/s | Stage time=0.6m | seqs/step=48.0 | toks/step=3626 | eff=100.0%
{'loss': 0.0012, 'grad_norm': 0.03662109375, 'learning_rate': 2.7e-05, 'epoch': 3e-07}
[Stage 1/96 L=1] step 160 | loss_avg=0.0020(100) | First=99.88% | Full=99.75% | lr=2.70e-05 | grad_norm=0.04 | Speed=843.7 samples/s (63.7K toks/s) | 504.2 TFLOPs/s | Stage time=0.6m | seqs/step=48.0 | toks/step=3626 | eff=100.0%
{'loss': 0.007, 'grad_norm': 0.0162353515625, 'learning_rate': 2.7e-05, 'epoch': 3.2e-07}
[Stage 1/96 L=1] step 170 | loss_avg=0.0017(100) | First=100.00% | Full=100.00% | lr=2.70e-05 | grad_norm=0.02 | Speed=835.3 samples/s (63.1K toks/s) | 499.3 TFLOPs/s | Stage time=0.7m | seqs/step=48.0 | toks/step=3627 | eff=100.0%
{'loss': 0.0016, 'grad_norm': 0.0067138671875, 'learning_rate': 2.7e-05, 'epoch': 3.4e-07}
[Stage 1/96 L=1] step 180 | loss_avg=0.0015(100) | First=100.00% | Full=100.00% | lr=2.70e-05 | grad_norm=0.01 | Speed=832.9 samples/s (62.9K toks/s) | 497.7 TFLOPs/s | Stage time=0.7m | seqs/step=48.0 | toks/step=3625 | eff=100.0%
{'loss': 0.0004, 'grad_norm': 0.007598876953125, 'learning_rate': 2.7e-05, 'epoch': 3.6e-07}
[Stage 1/96 L=1] step 190 | loss_avg=0.0008(100) | First=100.00% | Full=100.00% | lr=2.70e-05 | grad_norm=0.01 | Speed=834.8 samples/s (63.1K toks/s) | 498.9 TFLOPs/s | Stage time=0.7m | seqs/step=48.0 | toks/step=3626 | eff=100.0%
{'loss': 0.0016, 'grad_norm': 0.034912109375, 'learning_rate': 2.7e-05, 'epoch': 3.8e-07}
[Stage 1/96 L=1] step 200 | loss_avg=0.0015(100) | First=99.62% | Full=99.62% | lr=2.70e-05 | grad_norm=0.03 | Speed=826.0 samples/s (62.4K toks/s) | 493.7 TFLOPs/s | Stage time=0.8m | seqs/step=48.0 | toks/step=3627 | eff=100.0%
[CHECK] Stage 1 full=99.62% target>=98.00%
[COMPLETE] Stage 1 complete in 200 steps, 0.8 minutes | 38,400 samples | 826.0 samples/s
[STAGE-CKPT] Saving persistent checkpoint to /root/nl_output/search/job_exp2_pythia14b_step100000/stage_checkpoints/stage_1_step_200_L1
[STAGE-CKPT] Saved stage 1 checkpoint
[PLOT] Saved loss_stage_1.png | Est. min=0.0003, half-life=1 steps
[PLOT] Saved loss_overall.png (1 stages with exp fits)
[PLOT] Saved loss_vs_flops.png
[PLOT] Saved loss_vs_walltime.png
[PLOT] Saved achieved_tflops.png (avg: 1082.9 TFLOPs/s)

[TRAIN-TIMING] Steps=400 | DataWait=9.3ms (8.0%) | Compute=106.0ms | Wall=115.3ms | Throughput=8.7 steps/s

 -> Advanced to stage 2 | alpha=0.026 | L=2/96
{'loss': 0.0029, 'grad_norm': 0.0400390625, 'learning_rate': 2.7e-05, 'epoch': 4e-07}
[Stage 2/96 L=2] step 210 | loss_avg=0.0395(100) | First=83.88% | Full=83.88% | lr=2.70e-05 | grad_norm=0.04 | Speed=844.7 samples/s (66.5K toks/s) | 525.8 TFLOPs/s | Stage time=0.0m | seqs/step=48.0 | toks/step=3778 | eff=100.0%
{'loss': 0.4496, 'grad_norm': 33.25, 'learning_rate': 2.7e-05, 'epoch': 4.2e-07}
[Stage 2/96 L=2] step 220 | loss_avg=0.0935(100) | First=60.12% | Full=59.50% | lr=2.70e-05 | grad_norm=33.25 | Speed=736.6 samples/s (61.5K toks/s) | 486.5 TFLOPs/s | Stage time=0.1m | seqs/step=48.0 | toks/step=4010 | eff=100.0%
{'loss': 0.5354, 'grad_norm': 8.1875, 'learning_rate': 2.7e-05, 'epoch': 4.4e-07}
[Stage 2/96 L=2] step 230 | loss_avg=0.1348(100) | First=70.00% | Full=69.62% | lr=2.70e-05 | grad_norm=8.19 | Speed=667.4 samples/s (56.9K toks/s) | 449.9 TFLOPs/s | Stage time=0.1m | seqs/step=48.0 | toks/step=4093 | eff=100.0%
{'loss': 0.4213, 'grad_norm': 9.125, 'learning_rate': 2.7e-05, 'epoch': 4.6e-07}
[Stage 2/96 L=2] step 240 | loss_avg=0.1668(100) | First=79.50% | Full=79.12% | lr=2.70e-05 | grad_norm=9.12 | Speed=655.0 samples/s (56.6K toks/s) | 447.5 TFLOPs/s | Stage time=0.2m | seqs/step=48.0 | toks/step=4148 | eff=100.0%
{'loss': 0.329, 'grad_norm': 6.15625, 'learning_rate': 2.7e-05, 'epoch': 4.8e-07}
[Stage 2/96 L=2] step 250 | loss_avg=0.1885(100) | First=83.75% | Full=83.50% | lr=2.70e-05 | grad_norm=6.16 | Speed=677.6 samples/s (58.9K toks/s) | 465.4 TFLOPs/s | Stage time=0.2m | seqs/step=48.0 | toks/step=4171 | eff=100.0%
{'loss': 0.2256, 'grad_norm': 5.8125, 'learning_rate': 2.7e-05, 'epoch': 5e-07}
[Stage 2/96 L=2] step 260 | loss_avg=0.1583(100) | First=87.75% | Full=87.25% | lr=2.70e-05 | grad_norm=5.81 | Speed=690.6 samples/s (60.2K toks/s) | 475.8 TFLOPs/s | Stage time=0.3m | seqs/step=48.0 | toks/step=4183 | eff=100.0%
{'loss': 0.1797, 'grad_norm': 8.5625, 'learning_rate': 2.7e-05, 'epoch': 5.2e-07}
[Stage 2/96 L=2] step 270 | loss_avg=0.1114(100) | First=90.12% | Full=89.75% | lr=2.70e-05 | grad_norm=8.56 | Speed=701.0 samples/s (61.3K toks/s) | 484.4 TFLOPs/s | Stage time=0.3m | seqs/step=48.0 | toks/step=4196 | eff=100.0%
{'loss': 0.1238, 'grad_norm': 6.1875, 'learning_rate': 2.7e-05, 'epoch': 5.4e-07}
[Stage 2/96 L=2] step 280 | loss_avg=0.0773(100) | First=92.25% | Full=91.75% | lr=2.70e-05 | grad_norm=6.19 | Speed=702.1 samples/s (61.5K toks/s) | 486.0 TFLOPs/s | Stage time=0.4m | seqs/step=48.0 | toks/step=4203 | eff=100.0%
{'loss': 0.1018, 'grad_norm': 3.671875, 'learning_rate': 2.7e-05, 'epoch': 5.6e-07}
[Stage 2/96 L=2] step 290 | loss_avg=0.0519(100) | First=95.12% | Full=94.75% | lr=2.70e-05 | grad_norm=3.67 | Speed=682.2 samples/s (60.0K toks/s) | 474.4 TFLOPs/s | Stage time=0.4m | seqs/step=48.0 | toks/step=4222 | eff=100.0%
{'loss': 0.0907, 'grad_norm': 3.171875, 'learning_rate': 2.7e-05, 'epoch': 5.8e-07}
[Stage 2/96 L=2] step 300 | loss_avg=0.0338(100) | First=93.88% | Full=93.25% | lr=2.70e-05 | grad_norm=3.17 | Speed=680.9 samples/s (60.0K toks/s) | 474.5 TFLOPs/s | Stage time=0.5m | seqs/step=48.0 | toks/step=4231 | eff=100.0%
{'loss': 0.0789, 'grad_norm': 0.53515625, 'learning_rate': 2.7e-05, 'epoch': 6e-07}
[Stage 2/96 L=2] step 310 | loss_avg=0.0310(100) | First=93.62% | Full=93.50% | lr=2.70e-05 | grad_norm=0.54 | Speed=682.2 samples/s (60.3K toks/s) | 476.9 TFLOPs/s | Stage time=0.5m | seqs/step=48.0 | toks/step=4244 | eff=100.0%
{'loss': 0.0787, 'grad_norm': 0.251953125, 'learning_rate': 2.7e-05, 'epoch': 6.2e-07}
[Stage 2/96 L=2] step 320 | loss_avg=0.0322(100) | First=96.12% | Full=96.12% | lr=2.70e-05 | grad_norm=0.25 | Speed=680.6 samples/s (60.2K toks/s) | 475.8 TFLOPs/s | Stage time=0.6m | seqs/step=48.0 | toks/step=4245 | eff=100.0%
{'loss': 0.0617, 'grad_norm': 2.328125, 'learning_rate': 2.7e-05, 'epoch': 6.4e-07}
[Stage 2/96 L=2] step 330 | loss_avg=0.0295(100) | First=97.88% | Full=97.62% | lr=2.70e-05 | grad_norm=2.33 | Speed=681.1 samples/s (60.3K toks/s) | 476.5 TFLOPs/s | Stage time=0.6m | seqs/step=48.0 | toks/step=4249 | eff=100.0%
{'loss': 0.0487, 'grad_norm': 3.515625, 'learning_rate': 2.7e-05, 'epoch': 6.6e-07}
[Stage 2/96 L=2] step 340 | loss_avg=0.0245(100) | First=98.00% | Full=97.88% | lr=2.70e-05 | grad_norm=3.52 | Speed=679.7 samples/s (60.2K toks/s) | 476.2 TFLOPs/s | Stage time=0.7m | seqs/step=48.0 | toks/step=4254 | eff=100.0%
{'loss': 0.0235, 'grad_norm': 0.162109375, 'learning_rate': 2.7e-05, 'epoch': 6.8e-07}
[Stage 2/96 L=2] step 350 | loss_avg=0.0258(100) | First=99.00% | Full=98.75% | lr=2.70e-05 | grad_norm=0.16 | Speed=678.2 samples/s (60.1K toks/s) | 475.3 TFLOPs/s | Stage time=0.7m | seqs/step=48.0 | toks/step=4255 | eff=100.0%
{'loss': 0.0338, 'grad_norm': 18.875, 'learning_rate': 2.7e-05, 'epoch': 7e-07}
[Stage 2/96 L=2] step 360 | loss_avg=0.0220(100) | First=98.62% | Full=98.62% | lr=2.70e-05 | grad_norm=18.88 | Speed=679.6 samples/s (60.3K toks/s) | 476.6 TFLOPs/s | Stage time=0.8m | seqs/step=48.0 | toks/step=4258 | eff=100.0%
{'loss': 0.0282, 'grad_norm': 0.1513671875, 'learning_rate': 2.7e-05, 'epoch': 7.2e-07}
[Stage 2/96 L=2] step 370 | loss_avg=0.0167(100) | First=98.25% | Full=98.12% | lr=2.70e-05 | grad_norm=0.15 | Speed=681.3 samples/s (60.5K toks/s) | 478.0 TFLOPs/s | Stage time=0.8m | seqs/step=48.0 | toks/step=4261 | eff=100.0%
{'loss': 0.0358, 'grad_norm': 2.515625, 'learning_rate': 2.7e-05, 'epoch': 7.4e-07}
[Stage 2/96 L=2] step 380 | loss_avg=0.0141(100) | First=98.50% | Full=98.50% | lr=2.70e-05 | grad_norm=2.52 | Speed=682.7 samples/s (60.6K toks/s) | 479.2 TFLOPs/s | Stage time=0.8m | seqs/step=48.0 | toks/step=4262 | eff=100.0%
{'loss': 0.0243, 'grad_norm': 0.197265625, 'learning_rate': 2.7e-05, 'epoch': 7.6e-07}
[Stage 2/96 L=2] step 390 | loss_avg=0.0129(100) | First=99.62% | Full=99.50% | lr=2.70e-05 | grad_norm=0.20 | Speed=674.7 samples/s (59.9K toks/s) | 473.5 TFLOPs/s | Stage time=0.9m | seqs/step=48.0 | toks/step=4261 | eff=100.0%
{'loss': 0.0095, 'grad_norm': 4.9375, 'learning_rate': 2.7e-05, 'epoch': 7.8e-07}
[Stage 2/96 L=2] step 400 | loss_avg=0.0093(100) | First=99.75% | Full=99.50% | lr=2.70e-05 | grad_norm=4.94 | Speed=670.9 samples/s (59.6K toks/s) | 471.3 TFLOPs/s | Stage time=1.0m | seqs/step=48.0 | toks/step=4265 | eff=100.0%
[CHECK] Stage 2 full=99.50% target>=98.00%
[COMPLETE] Stage 2 complete in 200 steps, 1.0 minutes | 38,400 samples | 670.9 samples/s
[STAGE-CKPT] Saving persistent checkpoint to /root/nl_output/search/job_exp2_pythia14b_step100000/stage_checkpoints/stage_2_step_400_L2
[STAGE-CKPT] Saved stage 2 checkpoint
[PLOT] Saved loss_stage_2.png | Est. min=0.0161, half-life=18 steps
[PLOT] Saved loss_overall.png (2 stages with exp fits)
[PLOT] Saved loss_vs_flops.png
[PLOT] Saved loss_vs_walltime.png
[PLOT] Saved achieved_tflops.png (avg: 1070.0 TFLOPs/s)

[TRAIN-TIMING] Steps=400 | DataWait=10.7ms (7.5%) | Compute=132.3ms | Wall=143.1ms | Throughput=7.0 steps/s

 -> Advanced to stage 3 | alpha=0.037 | L=3/96
{'loss': 0.0147, 'grad_norm': 0.12890625, 'learning_rate': 2.7e-05, 'epoch': 8e-07}
[Stage 3/96 L=3] step 410 | loss_avg=0.0307(100) | First=89.88% | Full=89.62% | lr=2.70e-05 | grad_norm=0.13 | Speed=554.4 samples/s (51.6K toks/s) | 408.0 TFLOPs/s | Stage time=0.1m | seqs/step=48.0 | toks/step=4469 | eff=100.0%
{'loss': 0.1801, 'grad_norm': 18.625, 'learning_rate': 2.7e-05, 'epoch': 8.2e-07}
[Stage 3/96 L=3] step 420 | loss_avg=0.0789(100) | First=77.62% | Full=77.50% | lr=2.70e-05 | grad_norm=18.62 | Speed=572.8 samples/s (58.5K toks/s) | 462.3 TFLOPs/s | Stage time=0.1m | seqs/step=48.0 | toks/step=4904 | eff=100.0%
{'loss': 0.4436, 'grad_norm': 7.8125, 'learning_rate': 2.7e-05, 'epoch': 8.4e-07}
[Stage 3/96 L=3] step 430 | loss_avg=0.1103(100) | First=82.75% | Full=82.38% | lr=2.70e-05 | grad_norm=7.81 | Speed=556.7 samples/s (58.7K toks/s) | 463.5 TFLOPs/s | Stage time=0.2m | seqs/step=48.0 | toks/step=5059 | eff=100.0%
{'loss': 0.2474, 'grad_norm': 10.4375, 'learning_rate': 2.7e-05, 'epoch': 8.6e-07}
[Stage 3/96 L=3] step 440 | loss_avg=0.1340(100) | First=87.50% | Full=87.00% | lr=2.70e-05 | grad_norm=10.44 | Speed=553.4 samples/s (58.9K toks/s) | 465.4 TFLOPs/s | Stage time=0.2m | seqs/step=48.0 | toks/step=5110 | eff=100.0%
{'loss': 0.1712, 'grad_norm': 10.5, 'learning_rate': 2.7e-05, 'epoch': 8.8e-07}
[Stage 3/96 L=3] step 450 | loss_avg=0.1507(100) | First=88.25% | Full=88.00% | lr=2.70e-05 | grad_norm=10.50 | Speed=552.1 samples/s (59.1K toks/s) | 467.1 TFLOPs/s | Stage time=0.3m | seqs/step=48.0 | toks/step=5141 | eff=100.0%
{'loss': 0.1438, 'grad_norm': 12.4375, 'learning_rate': 2.7e-05, 'epoch': 9e-07}
[Stage 3/96 L=3] step 460 | loss_avg=0.1395(100) | First=90.38% | Full=89.62% | lr=2.70e-05 | grad_norm=12.44 | Speed=551.0 samples/s (59.3K toks/s) | 468.2 TFLOPs/s | Stage time=0.3m | seqs/step=48.0 | toks/step=5163 | eff=100.0%
{'loss': 0.1119, 'grad_norm': 4.03125, 'learning_rate': 2.7e-05, 'epoch': 9.2e-07}
[Stage 3/96 L=3] step 470 | loss_avg=0.0976(100) | First=93.88% | Full=93.50% | lr=2.70e-05 | grad_norm=4.03 | Speed=551.2 samples/s (59.3K toks/s) | 468.2 TFLOPs/s | Stage time=0.4m | seqs/step=48.0 | toks/step=5162 | eff=100.0%
{'loss': 0.1018, 'grad_norm': 4.46875, 'learning_rate': 2.7e-05, 'epoch': 9.4e-07}
[Stage 3/96 L=3] step 480 | loss_avg=0.0740(100) | First=92.88% | Full=92.88% | lr=2.70e-05 | grad_norm=4.47 | Speed=551.4 samples/s (59.6K toks/s) | 470.5 TFLOPs/s | Stage time=0.5m | seqs/step=48.0 | toks/step=5186 | eff=100.0%
{'loss': 0.1003, 'grad_norm': 3.28125, 'learning_rate': 2.7e-05, 'epoch': 9.6e-07}
[Stage 3/96 L=3] step 490 | loss_avg=0.0571(100) | First=94.62% | Full=94.00% | lr=2.70e-05 | grad_norm=3.28 | Speed=551.6 samples/s (59.8K toks/s) | 472.4 TFLOPs/s | Stage time=0.5m | seqs/step=48.0 | toks/step=5204 | eff=100.0%
{'loss': 0.0792, 'grad_norm': 11.3125, 'learning_rate': 2.7e-05, 'epoch': 9.8e-07}
[Stage 3/96 L=3] step 500 | loss_avg=0.0446(100) | First=96.12% | Full=95.62% | lr=2.70e-05 | grad_norm=11.31 | Speed=552.3 samples/s (60.1K toks/s) | 474.3 TFLOPs/s | Stage time=0.6m | seqs/step=48.0 | toks/step=5219 | eff=100.0%
{'loss': 0.0765, 'grad_norm': 3.28125, 'learning_rate': 2.7e-05, 'epoch': 1e-06}
[Stage 3/96 L=3] step 510 | loss_avg=0.0382(100) | First=96.62% | Full=96.25% | lr=2.70e-05 | grad_norm=3.28 | Speed=454.1 samples/s (49.4K toks/s) | 390.1 TFLOPs/s | Stage time=0.8m | seqs/step=48.0 | toks/step=5220 | eff=100.0%
{'loss': 0.075, 'grad_norm': 12.125, 'learning_rate': 2.7e-05, 'epoch': 1.02e-06}
[Stage 3/96 L=3] step 520 | loss_avg=0.0354(100) | First=95.75% | Full=95.12% | lr=2.70e-05 | grad_norm=12.12 | Speed=458.2 samples/s (50.0K toks/s) | 394.8 TFLOPs/s | Stage time=0.8m | seqs/step=48.0 | toks/step=5236 | eff=100.0%
{'loss': 0.0673, 'grad_norm': 13.0, 'learning_rate': 2.7e-05, 'epoch': 1.04e-06}
[Stage 3/96 L=3] step 530 | loss_avg=0.0318(100) | First=95.38% | Full=94.88% | lr=2.70e-05 | grad_norm=13.00 | Speed=465.8 samples/s (50.8K toks/s) | 401.4 TFLOPs/s | Stage time=0.9m | seqs/step=48.0 | toks/step=5237 | eff=100.0%
{'loss': 0.0657, 'grad_norm': 8.625, 'learning_rate': 2.7e-05, 'epoch': 1.06e-06}
