[WRAPPER] GPUs=0,1,2,3 (Wave 1) Port=29500 Revision=step1000 Job=exp2_pythia14b_step1000 Start=Sat Oct 10 00:53:06 UTC 2026
[WRAPPER] Attempt 1 starting at Sat Oct 10 00:53:06 UTC 2026
W1010 00:53:08.712000 3017 torch/distributed/run.py:792] 
W1010 00:53:08.712000 3017 torch/distributed/run.py:792] *****************************************
W1010 00:53:08.712000 3017 torch/distributed/run.py:792] Setting OMP_NUM_THREADS environment variable for each process to be 1 in default, to avoid your system being overloaded, please further tune the variable for optimal performance in your application as needed. 
W1010 00:53:08.712000 3017 torch/distributed/run.py:792] *****************************************
C++ module `generator` loaded.
C++ module `generator` loaded.
C++ module `generator` loaded.
C++ module `generator` loaded.
FlashAttention available: True
PyTorch version: 2.6.0+cu124
[CURRICULUM] Linear lookahead mode: L=1 to 96, step=1
[CURRICULUM] Expected stages: 96
Loading checkpoint shards:   0%|          | 0/2 [00:00<?, ?it/s][DISTRIBUTED] Initialized rank 0/4 on device cuda:0
[SEED] Setting all random seeds to 1234

============================================================
          accuracy_threshold: 0.98
             accuracy_window: 800
                  base_alpha: 0.1
              base_lookahead: 1
                  batch_size: 24
                     breadth: 2
                   cache_dir: None
               ce_chunk_size: 4096
                 check_every: 25
                 do_baseline: False
               do_final_eval: False
               do_stage_eval: True
            eval_every_steps: 0
                eval_samples: 500
     first_token_soft_weight: 0.0
 gradient_accumulation_steps: 2
      gradient_checkpointing: True
                      job_id: exp2_pythia14b_step1000
               learning_rate: 2.7e-05
            linear_lookahead: True
              lookahead_step: 1
                lora_dropout: 0.1
                   lora_rank: 16
                   max_alpha: 1.0
              max_input_size: 576
               max_lookahead: 96
            max_total_pflops: 500000.0
             max_train_steps: 0
         min_steps_per_stage: 200
           mix_pretrain_data: None
        mix_pretrain_max_len: 2048
          mix_pretrain_ratio: 0.1
         mix_pretrain_subset: None
                  model_name: EleutherAI/pythia-1.4b
                    n_stages: 96
                       optim: adamw_torch_fused
                  output_dir: /root/nl_output/search/job_exp2_pythia14b_step1000
               persist_every: 0
         print_eval_examples: 0
              reinit_weights: False
             resume_from_job: None
                resume_stage: None
         resume_weights_path: None
                    revision: step1000
      save_pflops_milestones: 
                  save_steps: 500
            save_total_limit: 2
                 scratch_dir: /scratch/user
                        seed: 1234
            shuffled_mixture: None
       skip_stage_alpha_eval: False
            stage_eval_every: 8
                        task: search
           use_chat_template: False
                   use_liger: False
                    use_lora: False
                  vocab_pool: none
============================================================

[CKPT] Output root       : /root/nl_output
[CKPT] Task output base  : /root/nl_output/search
[CKPT] This run dir      : /root/nl_output/search/job_exp2_pythia14b_step1000 

[CKPT] Fresh start
[ATTN-KERNEL] NL_ATTN_KERNEL=auto -> attn_implementation=flash_attention_2 (hopper=False); in-run evals use sdpa
Loading checkpoint shards:   0%|          | 0/2 [00:00<?, ?it/s]Loading checkpoint shards:   0%|          | 0/2 [00:00<?, ?it/s]Loading checkpoint shards:   0%|          | 0/2 [00:00<?, ?it/s]Loading checkpoint shards:  50%|█████     | 1/2 [00:02<00:02,  2.53s/it]Loading checkpoint shards:  50%|█████     | 1/2 [00:02<00:02,  2.45s/it]Loading checkpoint shards:  50%|█████     | 1/2 [00:02<00:02,  2.46s/it]Loading checkpoint shards: 100%|██████████| 2/2 [00:02<00:00,  1.25s/it]Loading checkpoint shards: 100%|██████████| 2/2 [00:02<00:00,  1.44s/it]
Loading checkpoint shards:  50%|█████     | 1/2 [00:02<00:02,  2.52s/it]Loading checkpoint shards: 100%|██████████| 2/2 [00:02<00:00,  1.21s/it]Loading checkpoint shards: 100%|██████████| 2/2 [00:02<00:00,  1.39s/it]
Loading checkpoint shards: 100%|██████████| 2/2 [00:02<00:00,  1.20s/it]Loading checkpoint shards: 100%|██████████| 2/2 [00:02<00:00,  1.39s/it]
Loading checkpoint shards: 100%|██████████| 2/2 [00:02<00:00,  1.23s/it]Loading checkpoint shards: 100%|██████████| 2/2 [00:02<00:00,  1.43s/it]
[INIT] Loaded EleutherAI/pythia-1.4b at revision=step1000
[ATTENTION] Using: flash_attention_2
[FLASH] flash_sdp_enabled: True
[FLASH] mem_efficient_sdp_enabled: True
[FLASH] math_sdp_enabled: True
[ATTN-KERNEL] verified: config._attn_implementation=flash_attention_2; varlen kernel from flash_attn.flash_attn_interface; 24 gpt_neox decoder layers are GradientCheckpointingLayer
[MEM] model.config.use_cache = False (training)
trainable params: 1,414,647,808 || all params: 1,414,647,808 || trainable%: 100.0000
[EVAL-DATA] Generating eval sets (once for all evals)...
[EVAL-DATA] Hard (alpha=1.0): n=500, fingerprint=ebe682697aee
[EVAL-DATA] Easy (alpha=0.1): n=500, fingerprint=3fbd7826fc0b
[DATASET] Using PackedSequenceDataset (batch_size=24)
[DATASET] Packed Map-style | batch_size=24 | epoch_size=1000000000
[PFLOPS] Will stop training at 500000.0 PFLOPS
The tokenizer has new PAD/BOS/EOS tokens that differ from the model config and generation config. The model config and generation config were aligned accordingly, being updated with the tokenizer's values. Updated tokens: {'pad_token_id': 0}.
[DDP] cross-rank gradient averaging: OFF (status quo: compute_loss bypasses DistributedDataParallel.forward, so each rank trains its own replica between checkpoint reloads; set NL_DDP_GRAD_AVERAGE=1 to all-reduce)
[HEAD] NL_HEAD=sparse: lm_head/argmax/CE on labelled rows only (valid_mask), in --ce_chunk_size=4096 row pieces; per-step rows logged as head_rows next to tokens in loss_history (achieved_tflops counts executed FLOPs; cumulative PFLOPs stay 6N*tokens, which overstates this path)
[FLOPS] Model has 1.41B params, ~8.5B FLOPs/token
[FLOPS] Output head: N_head=103.0M params, 6*N_head=0.62B FLOPs per head row; NL_HEAD=sparse: achieved_tflops counts executed FLOPs (6(N-N_head)*tokens + 6*N_head*head_rows)
[RANK 0] Saved config to /root/nl_output/search/job_exp2_pythia14b_step1000/run_config.json: {'batch_size': 24, 'grad_acc': 2, 'master_port': 29500, 'provenance': {'head': 'sparse', 'revision': 'step1000', 'attn_implementation': 'flash_attention_2', 'NL_ATTN_KERNEL': 'auto', 'NL_CKPT_EVERY_N_LAYERS': '1', 'NL_CKPT_RELAX_MAX_TOKENS': '0', 'NL_DDP_GRAD_AVERAGE': '0', 'FLASH_ATTENTION_DETERMINISTIC': None, 'CUBLAS_WORKSPACE_CONFIG': None, 'versions': {'torch': '2.6.0+cu124', 'transformers': '4.57.5', 'flash_attn': '2.7.4.post1', 'flash_attn_3': None, 'liger_kernel': '0.5.10', 'peft': '0.18.1'}}}

[TRAIN] Starting training...

The tokenizer has new PAD/BOS/EOS tokens that differ from the model config and generation config. The model config and generation config were aligned accordingly, being updated with the tokenizer's values. Updated tokens: {'pad_token_id': 0}.
The tokenizer has new PAD/BOS/EOS tokens that differ from the model config and generation config. The model config and generation config were aligned accordingly, being updated with the tokenizer's values. Updated tokens: {'pad_token_id': 0}.
[CKPT-GATE] recomputing every 1 layer(s) at 1,795 tokens/micro-batch (every_n=1, relax_max=0)
[Stage 1/96 L=1] step 10 | loss_avg=0.8253(20) | First=89.00% | Full=88.75% | lr=0.00e+00 | grad_norm=0.00 | Speed=372.3 samples/s (27.9K toks/s) | 220.8 TFLOPs/s | Stage time=0.1m | seqs/step=48.0 | toks/step=3599 | eff=100.0%
{'loss': 1.6828, 'grad_norm': 8.0, 'learning_rate': 2.7e-05, 'epoch': 2e-08}
[Stage 1/96 L=1] step 20 | loss_avg=0.4716(40) | First=93.75% | Full=93.25% | lr=2.70e-05 | grad_norm=8.00 | Speed=424.2 samples/s (31.9K toks/s) | 252.2 TFLOPs/s | Stage time=0.2m | seqs/step=48.0 | toks/step=3607 | eff=100.0%
{'loss': 0.2906, 'grad_norm': 4.09375, 'learning_rate': 2.7e-05, 'epoch': 4e-08}
[Stage 1/96 L=1] step 30 | loss_avg=0.3548(60) | First=93.88% | Full=93.50% | lr=2.70e-05 | grad_norm=4.09 | Speed=453.7 samples/s (34.2K toks/s) | 270.2 TFLOPs/s | Stage time=0.2m | seqs/step=48.0 | toks/step=3614 | eff=100.0%
{'loss': 0.2422, 'grad_norm': 6.25, 'learning_rate': 2.7e-05, 'epoch': 6e-08}
[Stage 1/96 L=1] step 40 | loss_avg=0.2976(80) | First=94.38% | Full=94.25% | lr=2.70e-05 | grad_norm=6.25 | Speed=472.1 samples/s (35.5K toks/s) | 280.6 TFLOPs/s | Stage time=0.3m | seqs/step=48.0 | toks/step=3606 | eff=100.0%
{'loss': 0.2236, 'grad_norm': 3.78125, 'learning_rate': 2.7e-05, 'epoch': 8e-08}
[Stage 1/96 L=1] step 50 | loss_avg=0.2604(100) | First=95.12% | Full=94.88% | lr=2.70e-05 | grad_norm=3.78 | Speed=483.6 samples/s (36.4K toks/s) | 287.9 TFLOPs/s | Stage time=0.3m | seqs/step=48.0 | toks/step=3613 | eff=100.0%
{'loss': 0.208, 'grad_norm': 3.40625, 'learning_rate': 2.7e-05, 'epoch': 1e-07}
[Stage 1/96 L=1] step 60 | loss_avg=0.1157(100) | First=95.12% | Full=94.62% | lr=2.70e-05 | grad_norm=3.41 | Speed=488.1 samples/s (36.8K toks/s) | 291.1 TFLOPs/s | Stage time=0.4m | seqs/step=48.0 | toks/step=3618 | eff=100.0%
{'loss': 0.1965, 'grad_norm': 4.21875, 'learning_rate': 2.7e-05, 'epoch': 1.2e-07}
[Stage 1/96 L=1] step 70 | loss_avg=0.1088(100) | First=95.88% | Full=95.50% | lr=2.70e-05 | grad_norm=4.22 | Speed=494.1 samples/s (37.3K toks/s) | 295.0 TFLOPs/s | Stage time=0.5m | seqs/step=48.0 | toks/step=3623 | eff=100.0%
{'loss': 0.1813, 'grad_norm': 10.5625, 'learning_rate': 2.7e-05, 'epoch': 1.4e-07}
[Stage 1/96 L=1] step 80 | loss_avg=0.0991(100) | First=95.25% | Full=95.00% | lr=2.70e-05 | grad_norm=10.56 | Speed=498.7 samples/s (37.7K toks/s) | 297.9 TFLOPs/s | Stage time=0.5m | seqs/step=48.0 | toks/step=3624 | eff=100.0%
{'loss': 0.1701, 'grad_norm': 3.15625, 'learning_rate': 2.7e-05, 'epoch': 1.6e-07}
[Stage 1/96 L=1] step 90 | loss_avg=0.0914(100) | First=96.62% | Full=96.25% | lr=2.70e-05 | grad_norm=3.16 | Speed=500.0 samples/s (37.7K toks/s) | 298.4 TFLOPs/s | Stage time=0.6m | seqs/step=48.0 | toks/step=3621 | eff=100.0%
{'loss': 0.162, 'grad_norm': 2.25, 'learning_rate': 2.7e-05, 'epoch': 1.8e-07}
[Stage 1/96 L=1] step 100 | loss_avg=0.0844(100) | First=96.62% | Full=96.25% | lr=2.70e-05 | grad_norm=2.25 | Speed=503.3 samples/s (38.0K toks/s) | 300.4 TFLOPs/s | Stage time=0.6m | seqs/step=48.0 | toks/step=3622 | eff=100.0%
{'loss': 0.1443, 'grad_norm': 3.4375, 'learning_rate': 2.7e-05, 'epoch': 2e-07}
[Stage 1/96 L=1] step 110 | loss_avg=0.0767(100) | First=95.88% | Full=95.62% | lr=2.70e-05 | grad_norm=3.44 | Speed=504.1 samples/s (38.0K toks/s) | 300.8 TFLOPs/s | Stage time=0.7m | seqs/step=48.0 | toks/step=3620 | eff=100.0%
{'loss': 0.1507, 'grad_norm': 3.296875, 'learning_rate': 2.7e-05, 'epoch': 2.2e-07}
[Stage 1/96 L=1] step 120 | loss_avg=0.0760(100) | First=95.38% | Full=95.00% | lr=2.70e-05 | grad_norm=3.30 | Speed=506.4 samples/s (38.2K toks/s) | 302.4 TFLOPs/s | Stage time=0.8m | seqs/step=48.0 | toks/step=3623 | eff=100.0%
{'loss': 0.1612, 'grad_norm': 1.8515625, 'learning_rate': 2.7e-05, 'epoch': 2.4e-07}
[Stage 1/96 L=1] step 130 | loss_avg=0.0773(100) | First=97.00% | Full=96.62% | lr=2.70e-05 | grad_norm=1.85 | Speed=507.1 samples/s (38.3K toks/s) | 302.8 TFLOPs/s | Stage time=0.8m | seqs/step=48.0 | toks/step=3624 | eff=100.0%
{'loss': 0.1479, 'grad_norm': 3.15625, 'learning_rate': 2.7e-05, 'epoch': 2.6e-07}
[Stage 1/96 L=1] step 140 | loss_avg=0.0780(100) | First=95.50% | Full=95.00% | lr=2.70e-05 | grad_norm=3.16 | Speed=509.0 samples/s (38.5K toks/s) | 304.4 TFLOPs/s | Stage time=0.9m | seqs/step=48.0 | toks/step=3628 | eff=100.0%
{'loss': 0.1657, 'grad_norm': 3.5625, 'learning_rate': 2.7e-05, 'epoch': 2.8e-07}
[Stage 1/96 L=1] step 150 | loss_avg=0.0776(100) | First=96.12% | Full=96.00% | lr=2.70e-05 | grad_norm=3.56 | Speed=510.7 samples/s (38.6K toks/s) | 305.2 TFLOPs/s | Stage time=0.9m | seqs/step=48.0 | toks/step=3626 | eff=100.0%
{'loss': 0.1578, 'grad_norm': 1.484375, 'learning_rate': 2.7e-05, 'epoch': 3e-07}
[Stage 1/96 L=1] step 160 | loss_avg=0.0763(100) | First=96.00% | Full=96.00% | lr=2.70e-05 | grad_norm=1.48 | Speed=512.3 samples/s (38.7K toks/s) | 306.1 TFLOPs/s | Stage time=1.0m | seqs/step=48.0 | toks/step=3626 | eff=100.0%
{'loss': 0.1371, 'grad_norm': 2.0, 'learning_rate': 2.7e-05, 'epoch': 3.2e-07}
[Stage 1/96 L=1] step 170 | loss_avg=0.0748(100) | First=96.38% | Full=96.12% | lr=2.70e-05 | grad_norm=2.00 | Speed=512.4 samples/s (38.7K toks/s) | 306.3 TFLOPs/s | Stage time=1.1m | seqs/step=48.0 | toks/step=3627 | eff=100.0%
{'loss': 0.1647, 'grad_norm': 2.65625, 'learning_rate': 2.7e-05, 'epoch': 3.4e-07}
[Stage 1/96 L=1] step 180 | loss_avg=0.0694(100) | First=97.62% | Full=97.12% | lr=2.70e-05 | grad_norm=2.66 | Speed=513.8 samples/s (38.8K toks/s) | 307.0 TFLOPs/s | Stage time=1.1m | seqs/step=48.0 | toks/step=3625 | eff=100.0%
{'loss': 0.1176, 'grad_norm': 1.2265625, 'learning_rate': 2.7e-05, 'epoch': 3.6e-07}
[Stage 1/96 L=1] step 190 | loss_avg=0.0672(100) | First=96.12% | Full=96.00% | lr=2.70e-05 | grad_norm=1.23 | Speed=514.4 samples/s (38.9K toks/s) | 307.4 TFLOPs/s | Stage time=1.2m | seqs/step=48.0 | toks/step=3626 | eff=100.0%
{'loss': 0.1396, 'grad_norm': 3.5625, 'learning_rate': 2.7e-05, 'epoch': 3.8e-07}
[Stage 1/96 L=1] step 200 | loss_avg=0.0654(100) | First=97.38% | Full=97.25% | lr=2.70e-05 | grad_norm=3.56 | Speed=514.1 samples/s (38.8K toks/s) | 307.3 TFLOPs/s | Stage time=1.2m | seqs/step=48.0 | toks/step=3627 | eff=100.0%
[CHECK] Stage 1 full=97.25% target>=98.00%
{'loss': 0.1254, 'grad_norm': 3.4375, 'learning_rate': 2.7e-05, 'epoch': 4e-07}
[Stage 1/96 L=1] step 210 | loss_avg=0.0632(100) | First=97.62% | Full=97.50% | lr=2.70e-05 | grad_norm=3.44 | Speed=515.0 samples/s (38.9K toks/s) | 307.8 TFLOPs/s | Stage time=1.3m | seqs/step=48.0 | toks/step=3627 | eff=100.0%
{'loss': 0.1271, 'grad_norm': 3.734375, 'learning_rate': 2.7e-05, 'epoch': 4.2e-07}
[Stage 1/96 L=1] step 220 | loss_avg=0.0602(100) | First=96.12% | Full=96.00% | lr=2.70e-05 | grad_norm=3.73 | Speed=515.0 samples/s (38.9K toks/s) | 307.8 TFLOPs/s | Stage time=1.4m | seqs/step=48.0 | toks/step=3627 | eff=100.0%
{'loss': 0.116, 'grad_norm': 2.46875, 'learning_rate': 2.7e-05, 'epoch': 4.4e-07}
[CHECK] Stage 1 full=96.00% target>=98.00%
[Stage 1/96 L=1] step 230 | loss_avg=0.0606(100) | First=97.12% | Full=96.62% | lr=2.70e-05 | grad_norm=2.47 | Speed=515.9 samples/s (39.0K toks/s) | 308.4 TFLOPs/s | Stage time=1.4m | seqs/step=48.0 | toks/step=3627 | eff=100.0%
{'loss': 0.1343, 'grad_norm': 3.15625, 'learning_rate': 2.7e-05, 'epoch': 4.6e-07}
[Stage 1/96 L=1] step 240 | loss_avg=0.0588(100) | First=98.25% | Full=97.75% | lr=2.70e-05 | grad_norm=3.16 | Speed=515.1 samples/s (38.9K toks/s) | 307.9 TFLOPs/s | Stage time=1.5m | seqs/step=48.0 | toks/step=3627 | eff=100.0%
{'loss': 0.1022, 'grad_norm': 6.3125, 'learning_rate': 2.7e-05, 'epoch': 4.8e-07}
[Stage 1/96 L=1] step 250 | loss_avg=0.0590(100) | First=96.75% | Full=96.00% | lr=2.70e-05 | grad_norm=6.31 | Speed=515.9 samples/s (39.0K toks/s) | 308.4 TFLOPs/s | Stage time=1.6m | seqs/step=48.0 | toks/step=3627 | eff=100.0%
[CHECK] Stage 1 full=96.00% target>=98.00%
{'loss': 0.1145, 'grad_norm': 2.75, 'learning_rate': 2.7e-05, 'epoch': 5e-07}
[Stage 1/96 L=1] step 260 | loss_avg=0.0629(100) | First=97.25% | Full=97.00% | lr=2.70e-05 | grad_norm=2.75 | Speed=516.7 samples/s (39.0K toks/s) | 308.8 TFLOPs/s | Stage time=1.6m | seqs/step=48.0 | toks/step=3627 | eff=100.0%
{'loss': 0.1101, 'grad_norm': 5.8125, 'learning_rate': 2.7e-05, 'epoch': 5.2e-07}
[Stage 1/96 L=1] step 270 | loss_avg=0.0627(100) | First=97.75% | Full=96.75% | lr=2.70e-05 | grad_norm=5.81 | Speed=515.9 samples/s (39.0K toks/s) | 308.4 TFLOPs/s | Stage time=1.7m | seqs/step=48.0 | toks/step=3627 | eff=100.0%
{'loss': 0.1035, 'grad_norm': 3.90625, 'learning_rate': 2.7e-05, 'epoch': 5.4e-07}
[CHECK] Stage 1 full=97.25% target>=98.00%
[Stage 1/96 L=1] step 280 | loss_avg=0.0614(100) | First=98.50% | Full=98.00% | lr=2.70e-05 | grad_norm=3.91 | Speed=516.0 samples/s (39.0K toks/s) | 308.4 TFLOPs/s | Stage time=1.7m | seqs/step=48.0 | toks/step=3626 | eff=100.0%
{'loss': 0.1113, 'grad_norm': 3.65625, 'learning_rate': 2.7e-05, 'epoch': 5.6e-07}
[Stage 1/96 L=1] step 290 | loss_avg=0.0603(100) | First=97.00% | Full=96.12% | lr=2.70e-05 | grad_norm=3.66 | Speed=516.2 samples/s (39.0K toks/s) | 308.6 TFLOPs/s | Stage time=1.8m | seqs/step=48.0 | toks/step=3627 | eff=100.0%
{'loss': 0.123, 'grad_norm': 3.5, 'learning_rate': 2.7e-05, 'epoch': 5.8e-07}
[Stage 1/96 L=1] step 300 | loss_avg=0.0618(100) | First=97.25% | Full=97.00% | lr=2.70e-05 | grad_norm=3.50 | Speed=515.2 samples/s (38.9K toks/s) | 307.9 TFLOPs/s | Stage time=1.9m | seqs/step=48.0 | toks/step=3626 | eff=100.0%
[CHECK] Stage 1 full=97.00% target>=98.00%
{'loss': 0.1128, 'grad_norm': 3.390625, 'learning_rate': 2.7e-05, 'epoch': 6e-07}
[Stage 1/96 L=1] step 310 | loss_avg=0.0577(100) | First=97.50% | Full=97.38% | lr=2.70e-05 | grad_norm=3.39 | Speed=515.5 samples/s (39.0K toks/s) | 308.2 TFLOPs/s | Stage time=1.9m | seqs/step=48.0 | toks/step=3628 | eff=100.0%
{'loss': 0.1046, 'grad_norm': 1.2265625, 'learning_rate': 2.7e-05, 'epoch': 6.2e-07}
[Stage 1/96 L=1] step 320 | loss_avg=0.0570(100) | First=98.38% | Full=97.75% | lr=2.70e-05 | grad_norm=1.23 | Speed=515.3 samples/s (38.9K toks/s) | 308.0 TFLOPs/s | Stage time=2.0m | seqs/step=48.0 | toks/step=3627 | eff=100.0%
{'loss': 0.1003, 'grad_norm': 2.46875, 'learning_rate': 2.7e-05, 'epoch': 6.4e-07}
[CHECK] Stage 1 full=96.25% target>=98.00%
[Stage 1/96 L=1] step 330 | loss_avg=0.0571(100) | First=98.25% | Full=97.62% | lr=2.70e-05 | grad_norm=2.47 | Speed=515.0 samples/s (38.9K toks/s) | 307.8 TFLOPs/s | Stage time=2.1m | seqs/step=48.0 | toks/step=3627 | eff=100.0%
{'loss': 0.1068, 'grad_norm': 2.265625, 'learning_rate': 2.7e-05, 'epoch': 6.6e-07}
[Stage 1/96 L=1] step 340 | loss_avg=0.0585(100) | First=97.50% | Full=96.62% | lr=2.70e-05 | grad_norm=2.27 | Speed=514.8 samples/s (38.9K toks/s) | 307.7 TFLOPs/s | Stage time=2.1m | seqs/step=48.0 | toks/step=3627 | eff=100.0%
{'loss': 0.118, 'grad_norm': 2.1875, 'learning_rate': 2.7e-05, 'epoch': 6.8e-07}
[Stage 1/96 L=1] step 350 | loss_avg=0.0531(100) | First=97.88% | Full=97.75% | lr=2.70e-05 | grad_norm=2.19 | Speed=514.6 samples/s (38.9K toks/s) | 307.6 TFLOPs/s | Stage time=2.2m | seqs/step=48.0 | toks/step=3627 | eff=100.0%
[CHECK] Stage 1 full=97.75% target>=98.00%
{'loss': 0.0967, 'grad_norm': 2.28125, 'learning_rate': 2.7e-05, 'epoch': 7e-07}
[Stage 1/96 L=1] step 360 | loss_avg=0.0569(100) | First=97.75% | Full=97.50% | lr=2.70e-05 | grad_norm=2.28 | Speed=515.0 samples/s (38.9K toks/s) | 307.8 TFLOPs/s | Stage time=2.2m | seqs/step=48.0 | toks/step=3627 | eff=100.0%
{'loss': 0.1126, 'grad_norm': 2.453125, 'learning_rate': 2.7e-05, 'epoch': 7.2e-07}
